Archive member included to satisfy reference by file (symbol)

/home/nuttx_qcomamr/nuttx/staging/libarch.a(stm32_start.o)
                              (__start)
/home/nuttx_qcomamr/nuttx/staging/libarch.a(stm32_rcc.o)
                              /home/nuttx_qcomamr/nuttx/staging/libarch.a(stm32_start.o) (stm32_clockconfig)
/home/nuttx_qcomamr/nuttx/staging/libarch.a(stm32_gpio.o)
                              /home/nuttx_qcomamr/nuttx/staging/libarch.a(stm32_start.o) (stm32_gpioinit)
/home/nuttx_qcomamr/nuttx/staging/libarch.a(stm32_lowputc.o)
                              /home/nuttx_qcomamr/nuttx/staging/libarch.a(stm32_start.o) (arm_lowputc)
/home/nuttx_qcomamr/nuttx/staging/libarch.a(stm32_serial.o)
                              /home/nuttx_qcomamr/nuttx/staging/libarch.a(stm32_start.o) (arm_earlyserialinit)
/home/nuttx_qcomamr/nuttx/staging/libarch.a(arm_modifyreg32.o)
                              /home/nuttx_qcomamr/nuttx/staging/libarch.a(stm32_lowputc.o) (modifyreg32)
/home/nuttx_qcomamr/nuttx/staging/libarch.a(arm_vectors.o)
                              (_vectors)
/home/nuttx_qcomamr/nuttx/staging/libarch.a(arm_exception.o)
                              /home/nuttx_qcomamr/nuttx/staging/libarch.a(arm_vectors.o) (exception_common)
/home/nuttx_qcomamr/nuttx/staging/libarch.a(stm32_irq.o)
                              /home/nuttx_qcomamr/nuttx/staging/libarch.a(stm32_serial.o) (up_disable_irq)
/home/nuttx_qcomamr/nuttx/staging/libarch.a(arm_busfault.o)
                              /home/nuttx_qcomamr/nuttx/staging/libarch.a(stm32_irq.o) (arm_busfault)
/home/nuttx_qcomamr/nuttx/staging/libarch.a(arm_doirq.o)
                              /home/nuttx_qcomamr/nuttx/staging/libarch.a(arm_exception.o) (arm_doirq)
/home/nuttx_qcomamr/nuttx/staging/libarch.a(arm_hardfault.o)
                              /home/nuttx_qcomamr/nuttx/staging/libarch.a(stm32_irq.o) (arm_hardfault)
/home/nuttx_qcomamr/nuttx/staging/libarch.a(arm_memfault.o)
                              /home/nuttx_qcomamr/nuttx/staging/libarch.a(stm32_irq.o) (arm_memfault)
/home/nuttx_qcomamr/nuttx/staging/libarch.a(arm_svcall.o)
                              /home/nuttx_qcomamr/nuttx/staging/libarch.a(stm32_irq.o) (arm_svcall)
/home/nuttx_qcomamr/nuttx/staging/libarch.a(arm_usagefault.o)
                              /home/nuttx_qcomamr/nuttx/staging/libarch.a(stm32_irq.o) (arm_usagefault)
/home/nuttx_qcomamr/nuttx/staging/libarch.a(arm_initialize.o)
                              /home/nuttx_qcomamr/nuttx/staging/libarch.a(arm_doirq.o) (g_current_regs)
/home/nuttx_qcomamr/nuttx/staging/libarch.a(stm32_allocateheap.o)
                              /home/nuttx_qcomamr/nuttx/staging/libarch.a(arm_initialize.o) (arm_addregion)
/home/nuttx_qcomamr/nuttx/arch/arm/src/board/libboard.a(stm32_boot.o)
                              /home/nuttx_qcomamr/nuttx/staging/libarch.a(stm32_start.o) (stm32_boardinitialize)
/home/nuttx_qcomamr/nuttx/arch/arm/src/board/libboard.a(stm32_bringup.o)
                              /home/nuttx_qcomamr/nuttx/arch/arm/src/board/libboard.a(stm32_boot.o) (stm32_bringup)
/home/nuttx_qcomamr/nuttx/arch/arm/src/board/libboard.a(stm32_gpio.o)
                              /home/nuttx_qcomamr/nuttx/arch/arm/src/board/libboard.a(stm32_bringup.o) (stm32_gpio_initialize)
/home/nuttx_qcomamr/nuttx/arch/arm/src/board/libboard.a(stm32_can.o)
                              /home/nuttx_qcomamr/nuttx/arch/arm/src/board/libboard.a(stm32_bringup.o) (stm32_can_setup)
/home/nuttx_qcomamr/nuttx/arch/arm/src/board/libboard.a(stm32_adc.o)
                              /home/nuttx_qcomamr/nuttx/arch/arm/src/board/libboard.a(stm32_bringup.o) (stm32_adc_setup)
/home/nuttx_qcomamr/nuttx/arch/arm/src/board/libboard.a(stm32_icm42688.o)
                              /home/nuttx_qcomamr/nuttx/arch/arm/src/board/libboard.a(stm32_bringup.o) (stm32_icm42688_initialize)
/home/nuttx_qcomamr/nuttx/arch/arm/src/board/libboard.a(stm32_capture.o)
                              /home/nuttx_qcomamr/nuttx/arch/arm/src/board/libboard.a(stm32_bringup.o) (stm32_capture_setup)
/home/nuttx_qcomamr/nuttx/arch/arm/src/board/libboard.a(stm32_pwm.o)
                              /home/nuttx_qcomamr/nuttx/arch/arm/src/board/libboard.a(stm32_bringup.o) (stm32_pwm_setup)
/home/nuttx_qcomamr/nuttx/staging/libsched.a(nx_start.o)
                              /home/nuttx_qcomamr/nuttx/staging/libarch.a(stm32_start.o) (nx_start)
/home/nuttx_qcomamr/nuttx/staging/libsched.a(nx_bringup.o)
                              /home/nuttx_qcomamr/nuttx/staging/libsched.a(nx_start.o) (nx_bringup)
/home/nuttx_qcomamr/nuttx/staging/libsched.a(irq_initialize.o)
                              /home/nuttx_qcomamr/nuttx/staging/libsched.a(nx_start.o) (irq_initialize)
/home/nuttx_qcomamr/nuttx/staging/libsched.a(irq_attach.o)
                              /home/nuttx_qcomamr/nuttx/staging/libarch.a(stm32_serial.o) (irq_attach)
/home/nuttx_qcomamr/nuttx/staging/libsched.a(irq_dispatch.o)
[...]
Memory Configuration

Name             Origin             Length             Attributes
flash            0x0000000008100000 0x0000000000100000 xr
sram             0x0000000020000000 0x000000000001c000 xrw
*default*        0x0000000000000000 0xffffffffffffffff

Linker script and memory map


.text           0x0000000008100000    0x1db1a
                0x0000000008100000                _stext = ABSOLUTE (.)
 *(.vectors)
 .vectors       0x0000000008100000      0x19c /home/nuttx_qcomamr/nuttx/staging/libarch.a(arm_vectors.o)
                0x0000000008100000                _vectors
 *(.text .text.*)
 .text.__start  0x000000000810019c       0x7c /home/nuttx_qcomamr/nuttx/staging/libarch.a(stm32_start.o)
                0x000000000810019c                __start
 .text.stm32_clockconfig
                0x0000000008100218      0x120 /home/nuttx_qcomamr/nuttx/staging/libarch.a(stm32_rcc.o)
                0x0000000008100218                stm32_clockconfig
 .text.stm32_gpioinit
                0x0000000008100338        0x2 /home/nuttx_qcomamr/nuttx/staging/libarch.a(stm32_gpio.o)
                0x0000000008100338                stm32_gpioinit
 *fill*         0x000000000810033a        0x2 
 .text.stm32_gpiowrite
                0x000000000810033c       0x28 /home/nuttx_qcomamr/nuttx/staging/libarch.a(stm32_gpio.o)
                0x000000000810033c                stm32_gpiowrite
 .text.stm32_configgpio
                0x0000000008100364      0x1a4 /home/nuttx_qcomamr/nuttx/staging/libarch.a(stm32_gpio.o)
                0x0000000008100364                stm32_configgpio
 .text.stm32_unconfiggpio
                0x0000000008100508        0x6 /home/nuttx_qcomamr/nuttx/staging/libarch.a(stm32_gpio.o)
                0x0000000008100508                stm32_unconfiggpio
 *fill*         0x000000000810050e        0x2 
 .text.stm32_gpioread
                0x0000000008100510       0x2c /home/nuttx_qcomamr/nuttx/staging/libarch.a(stm32_gpio.o)
                0x0000000008100510                stm32_gpioread
 .text.arm_lowputc
                0x000000000810053c       0x18 /home/nuttx_qcomamr/nuttx/staging/libarch.a(stm32_lowputc.o)
                0x000000000810053c                arm_lowputc
 .text.stm32_lowsetup
                0x0000000008100554       0x74 /home/nuttx_qcomamr/nuttx/staging/libarch.a(stm32_lowputc.o)
                0x0000000008100554                stm32_lowsetup
 .text.up_setusartint
                0x00000000081005c8       0x2c /home/nuttx_qcomamr/nuttx/staging/libarch.a(stm32_serial.o)
 .text.up_restoreusartint
                0x00000000081005f4       0x16 /home/nuttx_qcomamr/nuttx/staging/libarch.a(stm32_serial.o)
 .text.up_disableusartint
                0x000000000810060a       0x2e /home/nuttx_qcomamr/nuttx/staging/libarch.a(stm32_serial.o)
 .text.up_ioctl
                0x0000000008100638        0x6 /home/nuttx_qcomamr/nuttx/staging/libarch.a(stm32_serial.o)
 .text.up_receive
                0x000000000810063e       0x1c /home/nuttx_qcomamr/nuttx/staging/libarch.a(stm32_serial.o)
 .text.up_rxint
                0x000000000810065a       0x2c /home/nuttx_qcomamr/nuttx/staging/libarch.a(stm32_serial.o)
 .text.up_rxavailable
                0x0000000008100686        0xe /home/nuttx_qcomamr/nuttx/staging/libarch.a(stm32_serial.o)
 .text.up_txint
                0x0000000008100694       0x3c /home/nuttx_qcomamr/nuttx/staging/libarch.a(stm32_serial.o)
 .text.up_txready
                0x00000000081006d0        0xe /home/nuttx_qcomamr/nuttx/staging/libarch.a(stm32_serial.o)
 .text.up_send  0x00000000081006de       0x1c /home/nuttx_qcomamr/nuttx/staging/libarch.a(stm32_serial.o)
 .text.up_detach
                0x00000000081006fa       0x1c /home/nuttx_qcomamr/nuttx/staging/libarch.a(stm32_serial.o)
 *fill*         0x0000000008100716        0x2 
 .text.up_attach
                0x0000000008100718       0x24 /home/nuttx_qcomamr/nuttx/staging/libarch.a(stm32_serial.o)
 .text.up_interrupt
                0x000000000810073c       0x92 /home/nuttx_qcomamr/nuttx/staging/libarch.a(stm32_serial.o)
 *fill*         0x00000000081007ce        0x2 
 .text.up_set_apb_clock
                0x00000000081007d0       0x60 /home/nuttx_qcomamr/nuttx/staging/libarch.a(stm32_serial.o)
 .text.up_shutdown
                0x0000000008100830       0x4c /home/nuttx_qcomamr/nuttx/staging/libarch.a(stm32_serial.o)
 .text.up_setup
                0x000000000810087c      0x11c /home/nuttx_qcomamr/nuttx/staging/libarch.a(stm32_serial.o)
 .text.arm_earlyserialinit
                0x0000000008100998       0x2c /home/nuttx_qcomamr/nuttx/staging/libarch.a(stm32_serial.o)
                0x0000000008100998                arm_earlyserialinit
 .text.arm_serialinit
                0x00000000081009c4       0x58 /home/nuttx_qcomamr/nuttx/staging/libarch.a(stm32_serial.o)
                0x00000000081009c4                arm_serialinit
 .text.up_putc  0x0000000008100a1c       0x34 /home/nuttx_qcomamr/nuttx/staging/libarch.a(stm32_serial.o)
                0x0000000008100a1c                up_putc
 .text.modifyreg32
                0x0000000008100a50       0x1c /home/nuttx_qcomamr/nuttx/staging/libarch.a(arm_modifyreg32.o)
                0x0000000008100a50                modifyreg32
 .text          0x0000000008100a6c       0x46 /home/nuttx_qcomamr/nuttx/staging/libarch.a(arm_exception.o)
                0x0000000008100a6c                exception_common
 *fill*         0x0000000008100ab2        0x2 
 .text.stm32_reserved
                0x0000000008100ab4       0x14 /home/nuttx_qcomamr/nuttx/staging/libarch.a(stm32_irq.o)
 .text.stm32_dbgmonitor
                0x0000000008100ac8       0x14 /home/nuttx_qcomamr/nuttx/staging/libarch.a(stm32_irq.o)
 .text.stm32_pendsv
                0x0000000008100adc       0x14 /home/nuttx_qcomamr/nuttx/staging/libarch.a(stm32_irq.o)
 .text.stm32_nmi
                0x0000000008100af0       0x14 /home/nuttx_qcomamr/nuttx/staging/libarch.a(stm32_irq.o)
 .text.stm32_irqinfo
                0x0000000008100b04       0x68 /home/nuttx_qcomamr/nuttx/staging/libarch.a(stm32_irq.o)
 .text.up_irqinitialize
                0x0000000008100b6c       0xcc /home/nuttx_qcomamr/nuttx/staging/libarch.a(stm32_irq.o)
                0x0000000008100b6c                up_irqinitialize
 .text.up_disable_irq
                0x0000000008100c38       0x24 /home/nuttx_qcomamr/nuttx/staging/libarch.a(stm32_irq.o)
                0x0000000008100c38                up_disable_irq
 .text.up_enable_irq
                0x0000000008100c5c       0x24 /home/nuttx_qcomamr/nuttx/staging/libarch.a(stm32_irq.o)
                0x0000000008100c5c                up_enable_irq
 .text.arm_ack_irq
                0x0000000008100c80        0x2 /home/nuttx_qcomamr/nuttx/staging/libarch.a(stm32_irq.o)
                0x0000000008100c80                arm_ack_irq
 *fill*         0x0000000008100c82        0x2 
 .text.arm_busfault
                0x0000000008100c84       0x1c /home/nuttx_qcomamr/nuttx/staging/libarch.a(arm_busfault.o)
                0x0000000008100c84                arm_busfault
 .text.arm_doirq
                0x0000000008100ca0       0x34 /home/nuttx_qcomamr/nuttx/staging/libarch.a(arm_doirq.o)
                0x0000000008100ca0                arm_doirq
 .text.arm_hardfault
                0x0000000008100cd4       0x50 /home/nuttx_qcomamr/nuttx/staging/libarch.a(arm_hardfault.o)
                0x0000000008100cd4                arm_hardfault
 .text.arm_memfault
                0x0000000008100d24       0x1c /home/nuttx_qcomamr/nuttx/staging/libarch.a(arm_memfault.o)
                0x0000000008100d24                arm_memfault
 .text.arm_svcall
                0x0000000008100d40       0x30 /home/nuttx_qcomamr/nuttx/staging/libarch.a(arm_svcall.o)
                0x0000000008100d40                arm_svcall
 .text.arm_usagefault
                0x0000000008100d70       0x1c /home/nuttx_qcomamr/nuttx/staging/libarch.a(arm_usagefault.o)
                0x0000000008100d70                arm_usagefault
 .text.up_initialize
                0x0000000008100d8c        0xe /home/nuttx_qcomamr/nuttx/staging/libarch.a(arm_initialize.o)
                0x0000000008100d8c                up_initialize
 *fill*         0x0000000008100d9a        0x2 
 .text.up_allocate_heap
                0x0000000008100d9c       0x18 /home/nuttx_qcomamr/nuttx/staging/libarch.a(stm32_allocateheap.o)
                0x0000000008100d9c                up_allocate_heap
 .text.arm_addregion
                0x0000000008100db4        0x2 /home/nuttx_qcomamr/nuttx/staging/libarch.a(stm32_allocateheap.o)
                0x0000000008100db4                arm_addregion
 .text.stm32_boardinitialize
                0x0000000008100db6        0x2 /home/nuttx_qcomamr/nuttx/arch/arm/src/board/libboard.a(stm32_boot.o)
                0x0000000008100db6                stm32_boardinitialize
 .text.board_late_initialize
                0x0000000008100db8        0x4 /home/nuttx_qcomamr/nuttx/arch/arm/src/board/libboard.a(stm32_boot.o)
                0x0000000008100db8                board_late_initialize
 .text.stm32_bringup
                0x0000000008100dbc       0xec /home/nuttx_qcomamr/nuttx/arch/arm/src/board/libboard.a(stm32_bringup.o)
                0x0000000008100dbc                stm32_bringup
 .text.gpout_write
                0x0000000008100ea8       0x18 /home/nuttx_qcomamr/nuttx/arch/arm/src/board/libboard.a(stm32_gpio.o)
 .text.gpout_read
                0x0000000008100ec0       0x1c /home/nuttx_qcomamr/nuttx/arch/arm/src/board/libboard.a(stm32_gpio.o)
 .text.stm32_gpio_initialize
                0x0000000008100edc       0x54 /home/nuttx_qcomamr/nuttx/arch/arm/src/board/libboard.a(stm32_gpio.o)
                0x0000000008100edc                stm32_gpio_initialize
 .text.stm32_can_setup
                0x0000000008100f30       0x3c /home/nuttx_qcomamr/nuttx/arch/arm/src/board/libboard.a(stm32_can.o)
                0x0000000008100f30                stm32_can_setup
 .text.stm32_adc_setup
                0x0000000008100f6c       0x60 /home/nuttx_qcomamr/nuttx/arch/arm/src/board/libboard.a(stm32_adc.o)
                0x0000000008100f6c                stm32_adc_setup
 .text.stm32_icm42688_initialize
                0x0000000008100fcc       0x38 /home/nuttx_qcomamr/nuttx/arch/arm/src/board/libboard.a(stm32_icm42688.o)
                0x0000000008100fcc                stm32_icm42688_initialize
 .text.stm32_capture_setup
                0x0000000008101004       0x4c /home/nuttx_qcomamr/nuttx/arch/arm/src/board/libboard.a(stm32_capture.o)
                0x0000000008101004                stm32_capture_setup
 .text.stm32_pwm_setup
                0x0000000008101050       0xd8 /home/nuttx_qcomamr/nuttx/arch/arm/src/board/libboard.a(stm32_pwm.o)
                0x0000000008101050                stm32_pwm_setup
 .text.nx_start
                0x0000000008101128      0x140 /home/nuttx_qcomamr/nuttx/staging/libsched.a(nx_start.o)
                0x0000000008101128                nx_start
 .text.nx_start_task
                0x0000000008101268       0x34 /home/nuttx_qcomamr/nuttx/staging/libsched.a(nx_bringup.o)
 .text.nx_bringup
                0x000000000810129c       0x44 /home/nuttx_qcomamr/nuttx/staging/libsched.a(nx_bringup.o)
                0x000000000810129c                nx_bringup
 .text.irq_initialize
                0x00000000081012e0       0x1c /home/nuttx_qcomamr/nuttx/staging/libsched.a(irq_initialize.o)
                0x00000000081012e0                irq_initialize
 .text.irq_attach
                0x00000000081012fc       0x40 /home/nuttx_qcomamr/nuttx/staging/libsched.a(irq_attach.o)
                0x00000000081012fc                irq_attach
 .text.irq_dispatch
                0x000000000810133c       0x3c /home/nuttx_qcomamr/nuttx/staging/libsched.a(irq_dispatch.o)
                0x000000000810133c                irq_dispatch
 .text.irq_unexpected_isr
                0x0000000008101378       0x14 /home/nuttx_qcomamr/nuttx/staging/libsched.a(irq_unexpectedisr.o)
                0x0000000008101378                irq_unexpected_isr
 .text._assert  0x000000000810138c       0x88 /home/nuttx_qcomamr/nuttx/staging/libsched.a(assert.o)
                0x000000000810138c                _assert
 .text.panic_notifier_call_chain
                0x0000000008101414       0x30 /home/nuttx_qcomamr/nuttx/staging/libsched.a(panic.o)
                0x0000000008101414                panic_notifier_call_chain
 .text.mq_msgblockalloc.constprop.0
                0x0000000008101444       0x28 /home/nuttx_qcomamr/nuttx/staging/libsched.a(mq_initialize.o)
 .text.nxmq_initialize
                0x000000000810146c       0x20 /home/nuttx_qcomamr/nuttx/staging/libsched.a(mq_initialize.o)
                0x000000000810146c                nxmq_initialize
 .text.nxmsg_initialize
                0x000000000810148c       0x34 /home/nuttx_qcomamr/nuttx/staging/libsched.a(msginternal.o)
                0x000000000810148c                nxmsg_initialize
 .text.sched_lock
                0x00000000081014c0       0x20 /home/nuttx_qcomamr/nuttx/staging/libsched.a(sched_lock.o)
                0x00000000081014c0                sched_lock
 .text.sched_unlock
                0x00000000081014e0       0x50 /home/nuttx_qcomamr/nuttx/staging/libsched.a(sched_unlock.o)
                0x00000000081014e0                sched_unlock
 .text.nxsig_alloc_block
                0x0000000008101530       0x36 /home/nuttx_qcomamr/nuttx/staging/libsched.a(sig_initialize.o)
 .text.nxsig_alloc_pendingsignalblock
                0x0000000008101566       0x32 /home/nuttx_qcomamr/nuttx/staging/libsched.a(sig_initialize.o)
 .text.nxsig_initialize
                0x0000000008101598       0x60 /home/nuttx_qcomamr/nuttx/staging/libsched.a(sig_initialize.o)
                0x0000000008101598                nxsig_initialize
 .text.nxthread_create
                0x00000000081015f8       0x56 /home/nuttx_qcomamr/nuttx/staging/libsched.a(task_create.o)
                0x00000000081015f8                nxthread_create
 .text.nxtask_create
                0x000000000810164e       0x30 /home/nuttx_qcomamr/nuttx/staging/libsched.a(task_create.o)
                0x000000000810164e                nxtask_create
 .text.task_create_with_stack
                0x000000000810167e       0x28 /home/nuttx_qcomamr/nuttx/staging/libsched.a(task_create.o)
                0x000000000810167e                task_create_with_stack
 .text.task_create
                0x00000000081016a6       0x14 /home/nuttx_qcomamr/nuttx/staging/libsched.a(task_create.o)
                0x00000000081016a6                task_create
 *fill*         0x00000000081016ba        0x2 
 .text.nxtask_init
                0x00000000081016bc       0xac /home/nuttx_qcomamr/nuttx/staging/libsched.a(task_init.o)
                0x00000000081016bc                nxtask_init
 .text.nxtask_assign_pid
                0x0000000008101768       0xbc /home/nuttx_qcomamr/nuttx/staging/libsched.a(task_setup.o)
 .text.nxthread_setup_scheduler.part.0
                0x0000000008101824       0x60 /home/nuttx_qcomamr/nuttx/staging/libsched.a(task_setup.o)
 .text.nxtask_setup_scheduler
                0x0000000008101884       0x2e /home/nuttx_qcomamr/nuttx/staging/libsched.a(task_setup.o)
                0x0000000008101884                nxtask_setup_scheduler
 .text.pthread_setup_scheduler
                0x00000000081018b2       0x2c /home/nuttx_qcomamr/nuttx/staging/libsched.a(task_setup.o)
                0x00000000081018b2                pthread_setup_scheduler
 *fill*         0x00000000081018de        0x2 
 .text.nxtask_setup_arguments
                0x00000000081018e0       0xd4 /home/nuttx_qcomamr/nuttx/staging/libsched.a(task_setup.o)
                0x00000000081018e0                nxtask_setup_arguments
 .text.nxtask_activate
                0x00000000081019b4       0x30 /home/nuttx_qcomamr/nuttx/staging/libsched.a(task_activate.o)
                0x00000000081019b4                nxtask_activate
 .text.nxtask_start
                0x00000000081019e4       0x44 /home/nuttx_qcomamr/nuttx/staging/libsched.a(task_start.o)
                0x00000000081019e4                nxtask_start
 .text.timer_initialize
                0x0000000008101a28       0x44 /home/nuttx_qcomamr/nuttx/staging/libsched.a(timer_initialize.o)
                0x0000000008101a28                timer_initialize
 .text.timer_deleteall
                0x0000000008101a6c       0x30 /home/nuttx_qcomamr/nuttx/staging/libsched.a(timer_initialize.o)
                0x0000000008101a6c                timer_deleteall
 .text.timer_gethandle
                0x0000000008101a9c       0x24 /home/nuttx_qcomamr/nuttx/staging/libsched.a(timer_initialize.o)
                0x0000000008101a9c                timer_gethandle
 .text.timer_delete
                0x0000000008101ac0       0x20 /home/nuttx_qcomamr/nuttx/staging/libsched.a(timer_delete.o)
                0x0000000008101ac0                timer_delete
 .text.timer_release
                0x0000000008101ae0       0x98 /home/nuttx_qcomamr/nuttx/staging/libsched.a(timer_release.o)
                0x0000000008101ae0                timer_release
 .text.tls_init_info
                0x0000000008101b78       0x1c /home/nuttx_qcomamr/nuttx/staging/libsched.a(tls_initinfo.o)
                0x0000000008101b78                tls_init_info
 .text.wd_cancel
                0x0000000008101b94       0x5c /home/nuttx_qcomamr/nuttx/staging/libsched.a(wd_cancel.o)
                0x0000000008101b94                wd_cancel
 .text.clock_initialize
                0x0000000008101bf0        0x4 /home/nuttx_qcomamr/nuttx/staging/libsched.a(clock_initialize.o)
                0x0000000008101bf0                clock_initialize
 .text.clock_timer
                0x0000000008101bf4       0x10 /home/nuttx_qcomamr/nuttx/staging/libsched.a(clock_initialize.o)
                0x0000000008101bf4                clock_timer
 .text.get_environ_ptr
                0x0000000008101c04       0x10 /home/nuttx_qcomamr/nuttx/staging/libsched.a(env_getenvironptr.o)
                0x0000000008101c04                get_environ_ptr
 .text.env_dup  0x0000000008101c14       0x8c /home/nuttx_qcomamr/nuttx/staging/libsched.a(env_dup.o)
                0x0000000008101c14                env_dup
 .text.setenv   0x0000000008101ca0       0xd8 /home/nuttx_qcomamr/nuttx/staging/libsched.a(env_setenv.o)
                0x0000000008101ca0                setenv
 .text.unsetenv
                0x0000000008101d78       0x4c /home/nuttx_qcomamr/nuttx/staging/libsched.a(env_unsetenv.o)
                0x0000000008101d78                unsetenv
 .text.group_allocate
                0x0000000008101dc4       0x76 /home/nuttx_qcomamr/nuttx/staging/libsched.a(group_create.o)
                0x0000000008101dc4                group_allocate
 *fill*         0x0000000008101e3a        0x2 
 .text.group_initialize
                0x0000000008101e3c       0x2c /home/nuttx_qcomamr/nuttx/staging/libsched.a(group_create.o)
                0x0000000008101e3c                group_initialize
 .text.group_leave
                0x0000000008101e68       0xb8 /home/nuttx_qcomamr/nuttx/staging/libsched.a(group_leave.o)
                0x0000000008101e68                group_leave
 .text.group_setupidlefiles
                0x0000000008101f20       0x38 /home/nuttx_qcomamr/nuttx/staging/libsched.a(group_setupidlefiles.o)
                0x0000000008101f20                group_setupidlefiles
 .text.group_setuptaskfiles
                0x0000000008101f58       0x28 /home/nuttx_qcomamr/nuttx/staging/libsched.a(group_setuptaskfiles.o)
                0x0000000008101f58                group_setuptaskfiles
 .text.pthread_release
                0x0000000008101f80       0x3a /home/nuttx_qcomamr/nuttx/staging/libsched.a(pthread_release.o)
                0x0000000008101f80                pthread_release
 *fill*         0x0000000008101fba        0x2 
 .text.nxsched_add_readytorun
                0x0000000008101fbc       0x48 /home/nuttx_qcomamr/nuttx/staging/libsched.a(sched_addreadytorun.o)
                0x0000000008101fbc                nxsched_add_readytorun
 .text.nxsched_add_prioritized
                0x0000000008102004       0x48 /home/nuttx_qcomamr/nuttx/staging/libsched.a(sched_addprioritized.o)
                0x0000000008102004                nxsched_add_prioritized
 .text.nxsched_remove_blocked
                0x000000000810204c       0x54 /home/nuttx_qcomamr/nuttx/staging/libsched.a(sched_removeblocked.o)
                0x000000000810204c                nxsched_remove_blocked
 .text.nxsched_release_tcb
                0x00000000081020a0       0x58 /home/nuttx_qcomamr/nuttx/staging/libsched.a(sched_releasetcb.o)
                0x00000000081020a0                nxsched_release_tcb
 .text.nxsem_destroy
                0x00000000081020f8        0xe /home/nuttx_qcomamr/nuttx/staging/libsched.a(sem_destroy.o)
                0x00000000081020f8                nxsem_destroy
 .text.sem_destroy
                0x0000000008102106       0x20 /home/nuttx_qcomamr/nuttx/staging/libsched.a(sem_destroy.o)
                0x0000000008102106                sem_destroy
 *fill*         0x0000000008102126        0x2 
 .text.nxsig_procmask
                0x0000000008102128       0x60 /home/nuttx_qcomamr/nuttx/staging/libsched.a(sig_procmask.o)
                0x0000000008102128                nxsig_procmask
 .text.nxsig_unmask_pendingsignal
                0x0000000008102188       0x64 /home/nuttx_qcomamr/nuttx/staging/libsched.a(sig_unmaskpendingsignal.o)
                0x0000000008102188                nxsig_unmask_pendingsignal
 .text.nxsig_remove_pendingsignal
                0x00000000081021ec       0x3a /home/nuttx_qcomamr/nuttx/staging/libsched.a(sig_removependingsignal.o)
                0x00000000081021ec                nxsig_remove_pendingsignal
 *fill*         0x0000000008102226        0x2 
 .text.nxsig_release_pendingsignal
                0x0000000008102228       0x4c /home/nuttx_qcomamr/nuttx/staging/libsched.a(sig_releasependingsignal.o)
                0x0000000008102228                nxsig_release_pendingsignal
 .text.nxsig_lowest
                0x0000000008102274       0x1e /home/nuttx_qcomamr/nuttx/staging/libsched.a(sig_lowest.o)
                0x0000000008102274                nxsig_lowest
 .text.nxsig_cleanup
                0x0000000008102292       0x32 /home/nuttx_qcomamr/nuttx/staging/libsched.a(sig_cleanup.o)
                0x0000000008102292                nxsig_cleanup
 .text.nxsig_release
                0x00000000081022c4       0x28 /home/nuttx_qcomamr/nuttx/staging/libsched.a(sig_cleanup.o)
                0x00000000081022c4                nxsig_release
 .text.nxsig_tcbdispatch
                0x00000000081022ec      0x24c /home/nuttx_qcomamr/nuttx/staging/libsched.a(sig_dispatch.o)
                0x00000000081022ec                nxsig_tcbdispatch
 .text.nxsig_dispatch
                0x0000000008102538       0x28 /home/nuttx_qcomamr/nuttx/staging/libsched.a(sig_dispatch.o)
                0x0000000008102538                nxsig_dispatch
 .text.nxsig_deliver
                0x0000000008102560       0xea /home/nuttx_qcomamr/nuttx/staging/libsched.a(sig_deliver.o)
                0x0000000008102560                nxsig_deliver
 .text.task_init_info
                0x000000000810264a       0x34 /home/nuttx_qcomamr/nuttx/staging/libsched.a(task_initinfo.o)
                0x000000000810264a                task_init_info
 .text.task_uninit_info
                0x000000000810267e       0x1c /home/nuttx_qcomamr/nuttx/staging/libsched.a(task_uninitinfo.o)
                0x000000000810267e                task_uninit_info
 .text.env_release
                0x000000000810269a       0x28 /home/nuttx_qcomamr/nuttx/staging/libsched.a(env_release.o)
                0x000000000810269a                env_release
 .text.env_findvar
                0x00000000081026c2       0x2e /home/nuttx_qcomamr/nuttx/staging/libsched.a(env_findvar.o)
                0x00000000081026c2                env_findvar
 .text.env_removevar
                0x00000000081026f0       0x46 /home/nuttx_qcomamr/nuttx/staging/libsched.a(env_removevar.o)
                0x00000000081026f0                env_removevar
 *fill*         0x0000000008102736        0x2 
 .text.group_findbypid
                0x0000000008102738       0x28 /home/nuttx_qcomamr/nuttx/staging/libsched.a(group_find.o)
                0x0000000008102738                group_findbypid
 .text.group_setupstreams
                0x0000000008102760       0x2c /home/nuttx_qcomamr/nuttx/staging/libsched.a(group_setupstreams.o)
                0x0000000008102760                group_setupstreams
 .text.group_signal_handler
                0x000000000810278c       0x92 /home/nuttx_qcomamr/nuttx/staging/libsched.a(group_signal.o)
 *fill*         0x000000000810281e        0x2 
 .text.group_signal
                0x0000000008102820       0x54 /home/nuttx_qcomamr/nuttx/staging/libsched.a(group_signal.o)
                0x0000000008102820                group_signal
 .text.nxmq_wait_irq
                0x0000000008102874       0x6c /home/nuttx_qcomamr/nuttx/staging/libsched.a(mq_waitirq.o)
                0x0000000008102874                nxmq_wait_irq
 .text.nxsched_get_tcb
                0x00000000081028e0       0x40 /home/nuttx_qcomamr/nuttx/staging/libsched.a(sched_gettcb.o)
                0x00000000081028e0                nxsched_get_tcb
 .text.nxsem_wait_irq
                0x0000000008102920       0x4c /home/nuttx_qcomamr/nuttx/staging/libsched.a(sem_waitirq.o)
                0x0000000008102920                nxsem_wait_irq
 .text.nxsig_release_action
                0x000000000810296c       0x28 /home/nuttx_qcomamr/nuttx/staging/libsched.a(sig_action.o)
                0x000000000810296c                nxsig_release_action
 .text.nxsig_pendingset
                0x0000000008102994       0x2c /home/nuttx_qcomamr/nuttx/staging/libsched.a(sig_pending.o)
                0x0000000008102994                nxsig_pendingset
 .text.nxsig_find_action
                0x00000000081029c0       0x22 /home/nuttx_qcomamr/nuttx/staging/libsched.a(sig_findaction.o)
                0x00000000081029c0                nxsig_find_action
 *fill*         0x00000000081029e2        0x2 
 .text.nxsig_alloc_pendingsigaction
                0x00000000081029e4       0x4c /home/nuttx_qcomamr/nuttx/staging/libsched.a(sig_allocpendingsigaction.o)
                0x00000000081029e4                nxsig_alloc_pendingsigaction
 .text.nxsig_release_pendingsigaction
                0x0000000008102a30       0x4c /home/nuttx_qcomamr/nuttx/staging/libsched.a(sig_releasependingsigaction.o)
                0x0000000008102a30                nxsig_release_pendingsigaction
 .text.group_foreachchild
                0x0000000008102a7c       0x22 /home/nuttx_qcomamr/nuttx/staging/libsched.a(group_foreachchild.o)
                0x0000000008102a7c                group_foreachchild
 .text.drivers_initialize
                0x0000000008102a9e       0x12 /home/nuttx_qcomamr/nuttx/staging/libdrivers.a(drivers_initialize.o)
                0x0000000008102a9e                drivers_initialize
 .text.adc_reset
                0x0000000008102ab0        0xa /home/nuttx_qcomamr/nuttx/staging/libdrivers.a(adc.o)
 .text.adc_ioctl
                0x0000000008102aba       0x60 /home/nuttx_qcomamr/nuttx/staging/libdrivers.a(adc.o)
 .text.adc_poll
                0x0000000008102b1a       0x6a /home/nuttx_qcomamr/nuttx/staging/libdrivers.a(adc.o)
 .text.adc_read
                0x0000000008102b84      0x160 /home/nuttx_qcomamr/nuttx/staging/libdrivers.a(adc.o)
 .text.nxmutex_lock
                0x0000000008102ce4       0x20 /home/nuttx_qcomamr/nuttx/staging/libdrivers.a(adc.o)
 .text.adc_receive
                0x0000000008102d04       0x4c /home/nuttx_qcomamr/nuttx/staging/libdrivers.a(adc.o)
 .text.nxmutex_unlock
                0x0000000008102d50       0x14 /home/nuttx_qcomamr/nuttx/staging/libdrivers.a(adc.o)
 .text.adc_close
                0x0000000008102d64       0x44 /home/nuttx_qcomamr/nuttx/staging/libdrivers.a(adc.o)
 .text.adc_open
                0x0000000008102da8       0x62 /home/nuttx_qcomamr/nuttx/staging/libdrivers.a(adc.o)
 *fill*         0x0000000008102e0a        0x2 
 .text.adc_register
                0x0000000008102e0c       0x84 /home/nuttx_qcomamr/nuttx/staging/libdrivers.a(adc.o)
                0x0000000008102e0c                adc_register
 .text.nxmutex_lock
                0x0000000008102e90       0x20 /home/nuttx_qcomamr/nuttx/staging/libdrivers.a(can.o)
 .text.can_dlc2bytes
                0x0000000008102eb0       0x1c /home/nuttx_qcomamr/nuttx/staging/libdrivers.a(can.o)
 .text.can_read
                0x0000000008102ecc       0xf4 /home/nuttx_qcomamr/nuttx/staging/libdrivers.a(can.o)
 .text.can_xmit
                0x0000000008102fc0       0x82 /home/nuttx_qcomamr/nuttx/staging/libdrivers.a(can.o)
 .text.can_write
                0x0000000008103042       0xd8 /home/nuttx_qcomamr/nuttx/staging/libdrivers.a(can.o)
 .text.nxmutex_unlock
                0x000000000810311a       0x14 /home/nuttx_qcomamr/nuttx/staging/libdrivers.a(can.o)
 .text.can_poll
                0x000000000810312e       0xfa /home/nuttx_qcomamr/nuttx/staging/libdrivers.a(can.o)
 .text.can_close
                0x0000000008103228       0xa8 /home/nuttx_qcomamr/nuttx/staging/libdrivers.a(can.o)
 .text.can_ioctl
                0x00000000081032d0       0xbc /home/nuttx_qcomamr/nuttx/staging/libdrivers.a(can.o)
 .text.can_open
                0x000000000810338c       0xaa /home/nuttx_qcomamr/nuttx/staging/libdrivers.a(can.o)
 .text.nxmutex_init
                0x0000000008103436       0x26 /home/nuttx_qcomamr/nuttx/staging/libdrivers.a(can.o)
 .text.can_register
                0x000000000810345c       0x68 /home/nuttx_qcomamr/nuttx/staging/libdrivers.a(can.o)
                0x000000000810345c                can_register
 .text.can_receive
                0x00000000081034c4      0x118 /home/nuttx_qcomamr/nuttx/staging/libdrivers.a(can.o)
                0x00000000081034c4                can_receive
 .text.can_txdone
                0x00000000081035dc       0x48 /home/nuttx_qcomamr/nuttx/staging/libdrivers.a(can.o)
                0x00000000081035dc                can_txdone
 .text.devnull_read
                0x0000000008103624        0x4 /home/nuttx_qcomamr/nuttx/staging/libdrivers.a(dev_null.o)
 .text.devnull_write
                0x0000000008103628        0x4 /home/nuttx_qcomamr/nuttx/staging/libdrivers.a(dev_null.o)
 .text.devnull_poll
                0x000000000810362c       0x18 /home/nuttx_qcomamr/nuttx/staging/libdrivers.a(dev_null.o)
 .text.devnull_register
                0x0000000008103644       0x18 /home/nuttx_qcomamr/nuttx/staging/libdrivers.a(dev_null.o)
                0x0000000008103644                devnull_register
 .text.devzero_write
                0x000000000810365c        0x4 /home/nuttx_qcomamr/nuttx/staging/libdrivers.a(dev_zero.o)
 .text.devzero_poll
                0x0000000008103660       0x18 /home/nuttx_qcomamr/nuttx/staging/libdrivers.a(dev_zero.o)
 .text.devzero_read
                0x0000000008103678       0x10 /home/nuttx_qcomamr/nuttx/staging/libdrivers.a(dev_zero.o)
 .text.devzero_register
                0x0000000008103688       0x18 /home/nuttx_qcomamr/nuttx/staging/libdrivers.a(dev_zero.o)
                0x0000000008103688                devzero_register
 .text.__imu_read_reg
                0x00000000081036a0       0x88 /home/nuttx_qcomamr/nuttx/staging/libdrivers.a(icm42688.o)
 .text.imu_seek
                0x0000000008103728        0x4 /home/nuttx_qcomamr/nuttx/staging/libdrivers.a(icm42688.o)
 .text.imu_write
                0x000000000810372c       0xe4 /home/nuttx_qcomamr/nuttx/staging/libdrivers.a(icm42688.o)
 .text.nxmutex_lock
                0x0000000008103810       0x20 /home/nuttx_qcomamr/nuttx/staging/libdrivers.a(icm42688.o)
 .text.nxmutex_unlock
                0x0000000008103830       0x14 /home/nuttx_qcomamr/nuttx/staging/libdrivers.a(icm42688.o)
 .text.imu_read
                0x0000000008103844       0x34 /home/nuttx_qcomamr/nuttx/staging/libdrivers.a(icm42688.o)
 .text.imu_open
                0x0000000008103878       0x1a /home/nuttx_qcomamr/nuttx/staging/libdrivers.a(icm42688.o)
 .text.imu_close
                0x0000000008103892        0x4 /home/nuttx_qcomamr/nuttx/staging/libdrivers.a(icm42688.o)
 .text.nxmutex_destroy
                0x0000000008103896       0x14 /home/nuttx_qcomamr/nuttx/staging/libdrivers.a(icm42688.o)
 *fill*         0x00000000081038aa        0x2 
 .text.__imu_write_imu
                0x00000000081038ac       0x74 /home/nuttx_qcomamr/nuttx/staging/libdrivers.a(icm42688.o)
 .text.icm42688_register
                0x0000000008103920      0x1f8 /home/nuttx_qcomamr/nuttx/staging/libdrivers.a(icm42688.o)
                0x0000000008103920                icm42688_register
 .text.uart_putc
                0x0000000008103b18       0x20 /home/nuttx_qcomamr/nuttx/staging/libdrivers.a(serial.o)
 .text.nxmutex_lock
                0x0000000008103b38       0x20 /home/nuttx_qcomamr/nuttx/staging/libdrivers.a(serial.o)
 .text.uart_putxmitchar
                0x0000000008103b58       0x96 /home/nuttx_qcomamr/nuttx/staging/libdrivers.a(serial.o)
 .text.nxmutex_unlock
                0x0000000008103bee       0x14 /home/nuttx_qcomamr/nuttx/staging/libdrivers.a(serial.o)
 .text.uart_poll
                0x0000000008103c02       0xd8 /home/nuttx_qcomamr/nuttx/staging/libdrivers.a(serial.o)
 .text.uart_open
                0x0000000008103cda       0x7e /home/nuttx_qcomamr/nuttx/staging/libdrivers.a(serial.o)
 .text.uart_read
                0x0000000008103d58      0x104 /home/nuttx_qcomamr/nuttx/staging/libdrivers.a(serial.o)
 .text.uart_write
                0x0000000008103e5c       0xec /home/nuttx_qcomamr/nuttx/staging/libdrivers.a(serial.o)
 .text.uart_tcdrain.isra.0
                0x0000000008103f48       0xac /home/nuttx_qcomamr/nuttx/staging/libdrivers.a(serial.o)
 .text.nxmutex_init
                0x0000000008103ff4       0x26 /home/nuttx_qcomamr/nuttx/staging/libdrivers.a(serial.o)
 *fill*         0x000000000810401a        0x2 
 .text.uart_register
                0x000000000810401c       0x54 /home/nuttx_qcomamr/nuttx/staging/libdrivers.a(serial.o)
                0x000000000810401c                uart_register
 .text.uart_datareceived
                0x0000000008104070       0x24 /home/nuttx_qcomamr/nuttx/staging/libdrivers.a(serial.o)
                0x0000000008104070                uart_datareceived
 .text.uart_datasent
                0x0000000008104094       0x22 /home/nuttx_qcomamr/nuttx/staging/libdrivers.a(serial.o)
                0x0000000008104094                uart_datasent
 .text.uart_ioctl
                0x00000000081040b6      0x13e /home/nuttx_qcomamr/nuttx/staging/libdrivers.a(serial.o)
 .text.uart_reset_sem
                0x00000000081041f4       0x38 /home/nuttx_qcomamr/nuttx/staging/libdrivers.a(serial.o)
                0x00000000081041f4                uart_reset_sem
 .text.uart_close
                0x000000000810422c       0x72 /home/nuttx_qcomamr/nuttx/staging/libdrivers.a(serial.o)
 .text.uart_xmitchars
                0x000000000810429e       0x7e /home/nuttx_qcomamr/nuttx/staging/libdrivers.a(serial_io.o)
                0x000000000810429e                uart_xmitchars
 .text.uart_recvchars
                0x000000000810431c       0x6e /home/nuttx_qcomamr/nuttx/staging/libdrivers.a(serial_io.o)
                0x000000000810431c                uart_recvchars
 *fill*         0x000000000810438a        0x2 
 .text.syslog_flush
                0x000000000810438c       0x18 /home/nuttx_qcomamr/nuttx/staging/libdrivers.a(syslog_flush.o)
                0x000000000810438c                syslog_flush
 .text.syslog_initialize
                0x00000000081043a4        0xa /home/nuttx_qcomamr/nuttx/staging/libdrivers.a(syslog_initialize.o)
                0x00000000081043a4                syslog_initialize
 *fill*         0x00000000081043ae        0x2 
 .text.syslog_dev_channel
                0x00000000081043b0       0x28 /home/nuttx_qcomamr/nuttx/staging/libdrivers.a(syslog_devchannel.o)
                0x00000000081043b0                syslog_dev_channel
 .text.pwm_read
                0x00000000081043d8        0x4 /home/nuttx_qcomamr/nuttx/staging/libdrivers.a(pwm.o)
 .text.nxmutex_lock
                0x00000000081043dc       0x20 /home/nuttx_qcomamr/nuttx/staging/libdrivers.a(pwm.o)
 .text.nxmutex_unlock
                0x00000000081043fc       0x14 /home/nuttx_qcomamr/nuttx/staging/libdrivers.a(pwm.o)
 .text.pwm_ioctl
                0x0000000008104410       0xc8 /home/nuttx_qcomamr/nuttx/staging/libdrivers.a(pwm.o)
 .text.pwm_close
                0x00000000081044d8       0x34 /home/nuttx_qcomamr/nuttx/staging/libdrivers.a(pwm.o)
 .text.pwm_open
                0x000000000810450c       0x42 /home/nuttx_qcomamr/nuttx/staging/libdrivers.a(pwm.o)
 .text.pwm_write
                0x000000000810454e        0x4 /home/nuttx_qcomamr/nuttx/staging/libdrivers.a(pwm.o)
 *fill*         0x0000000008104552        0x2 
 .text.pwm_register
                0x0000000008104554       0x50 /home/nuttx_qcomamr/nuttx/staging/libdrivers.a(pwm.o)
                0x0000000008104554                pwm_register
 .text.cap_read
                0x00000000081045a4        0x4 /home/nuttx_qcomamr/nuttx/staging/libdrivers.a(capture.o)
 .text.cap_write
                0x00000000081045a8        0x6 /home/nuttx_qcomamr/nuttx/staging/libdrivers.a(capture.o)
 .text.nxmutex_lock
                0x00000000081045ae       0x20 /home/nuttx_qcomamr/nuttx/staging/libdrivers.a(capture.o)
 .text.nxmutex_unlock
                0x00000000081045ce       0x14 /home/nuttx_qcomamr/nuttx/staging/libdrivers.a(capture.o)
 *fill*         0x00000000081045e2        0x2 
 .text.cap_ioctl
                0x00000000081045e4       0x78 /home/nuttx_qcomamr/nuttx/staging/libdrivers.a(capture.o)
 .text.cap_close
                0x000000000810465c       0x34 /home/nuttx_qcomamr/nuttx/staging/libdrivers.a(capture.o)
 .text.cap_open
                0x0000000008104690       0x42 /home/nuttx_qcomamr/nuttx/staging/libdrivers.a(capture.o)
 *fill*         0x00000000081046d2        0x2 
 .text.cap_register
                0x00000000081046d4       0x50 /home/nuttx_qcomamr/nuttx/staging/libdrivers.a(capture.o)
                0x00000000081046d4                cap_register
 .text.gpio_read
                0x0000000008104724       0x2e /home/nuttx_qcomamr/nuttx/staging/libdrivers.a(gpio.o)
 .text.gpio_write
                0x0000000008104752       0x3e /home/nuttx_qcomamr/nuttx/staging/libdrivers.a(gpio.o)
 .text.gpio_seek
                0x0000000008104790       0x1e /home/nuttx_qcomamr/nuttx/staging/libdrivers.a(gpio.o)
 *fill*         0x00000000081047ae        0x2 
 .text.gpio_ioctl
                0x00000000081047b0      0x118 /home/nuttx_qcomamr/nuttx/staging/libdrivers.a(gpio.o)
 .text.gpio_handler
                0x00000000081048c8       0x18 /home/nuttx_qcomamr/nuttx/staging/libdrivers.a(gpio.o)
 .text.gpio_pin_register
                0x00000000081048e0       0x44 /home/nuttx_qcomamr/nuttx/staging/libdrivers.a(gpio.o)
                0x00000000081048e0                gpio_pin_register
 .text.syslog_default_write
                0x0000000008104924       0x10 /home/nuttx_qcomamr/nuttx/staging/libdrivers.a(syslog_channel.o)
 .text.syslog_default_putc
                0x0000000008104934        0x6 /home/nuttx_qcomamr/nuttx/staging/libdrivers.a(syslog_channel.o)
 *fill*         0x000000000810493a        0x2 
 .text.syslog_channel
                0x000000000810493c       0x14 /home/nuttx_qcomamr/nuttx/staging/libdrivers.a(syslog_channel.o)
                0x000000000810493c                syslog_channel
 .text.syslog_dev_force
                0x0000000008104950        0x4 /home/nuttx_qcomamr/nuttx/staging/libdrivers.a(syslog_device.o)
 .text.syslog_dev_flush
                0x0000000008104954        0x4 /home/nuttx_qcomamr/nuttx/staging/libdrivers.a(syslog_device.o)
 .text.nxrmutex_destroy
                0x0000000008104958       0x14 /home/nuttx_qcomamr/nuttx/staging/libdrivers.a(syslog_device.o)
 .text.syslog_dev_lock
                0x000000000810496c       0x52 /home/nuttx_qcomamr/nuttx/staging/libdrivers.a(syslog_device.o)
 .text.nxrmutex_unlock
                0x00000000081049be       0x30 /home/nuttx_qcomamr/nuttx/staging/libdrivers.a(syslog_device.o)
 .text.syslog_dev_open
                0x00000000081049ee       0x76 /home/nuttx_qcomamr/nuttx/staging/libdrivers.a(syslog_device.o)
 .text.syslog_dev_uninitialize
                0x0000000008104a64       0x48 /home/nuttx_qcomamr/nuttx/staging/libdrivers.a(syslog_device.o)
                0x0000000008104a64                syslog_dev_uninitialize
 .text.syslog_dev_outputready
                0x0000000008104aac       0x70 /home/nuttx_qcomamr/nuttx/staging/libdrivers.a(syslog_device.o)
 .text.syslog_dev_write
                0x0000000008104b1c       0xcc /home/nuttx_qcomamr/nuttx/staging/libdrivers.a(syslog_device.o)
 .text.syslog_dev_putc
                0x0000000008104be8       0x58 /home/nuttx_qcomamr/nuttx/staging/libdrivers.a(syslog_device.o)
 .text.syslog_dev_initialize
                0x0000000008104c40       0x28 /home/nuttx_qcomamr/nuttx/staging/libdrivers.a(syslog_device.o)
                0x0000000008104c40                syslog_dev_initialize
 .text.__errno  0x0000000008104c68       0x14 /home/nuttx_qcomamr/nuttx/staging/libc.a(lib_errno.o)
                0x0000000008104c68                __errno
 .text.sq_remfirst
                0x0000000008104c7c       0x14 /home/nuttx_qcomamr/nuttx/staging/libc.a(sq_remfirst.o)
                0x0000000008104c7c                sq_remfirst
 .text.sq_remafter
                0x0000000008104c90       0x22 /home/nuttx_qcomamr/nuttx/staging/libc.a(sq_remafter.o)
                0x0000000008104c90                sq_remafter
 .text.nxtask_startup
                0x0000000008104cb2       0x16 /home/nuttx_qcomamr/nuttx/staging/libc.a(task_startup.o)
                0x0000000008104cb2                nxtask_startup
 .text.nxsem_init
                0x0000000008104cc8        0xe /home/nuttx_qcomamr/nuttx/staging/libc.a(sem_init.o)
                0x0000000008104cc8                nxsem_init
 .text.sem_init
                0x0000000008104cd6       0x26 /home/nuttx_qcomamr/nuttx/staging/libc.a(sem_init.o)
                0x0000000008104cd6                sem_init
 .text.nxsem_get_value
                0x0000000008104cfc       0x14 /home/nuttx_qcomamr/nuttx/staging/libc.a(sem_getvalue.o)
                0x0000000008104cfc                nxsem_get_value
 .text.sem_getvalue
                0x0000000008104d10       0x1a /home/nuttx_qcomamr/nuttx/staging/libc.a(sem_getvalue.o)
                0x0000000008104d10                sem_getvalue
 .text.nxsem_set_protocol
                0x0000000008104d2a       0x14 /home/nuttx_qcomamr/nuttx/staging/libc.a(sem_setprotocol.o)
                0x0000000008104d2a                nxsem_set_protocol
 .text.sem_setprotocol
                0x0000000008104d3e       0x1a /home/nuttx_qcomamr/nuttx/staging/libc.a(sem_setprotocol.o)
                0x0000000008104d3e                sem_setprotocol
 .text.nxsig_addset
                0x0000000008104d58       0x1a /home/nuttx_qcomamr/nuttx/staging/libc.a(sig_addset.o)
                0x0000000008104d58                nxsig_addset
 .text.sigaddset
                0x0000000008104d72       0x18 /home/nuttx_qcomamr/nuttx/staging/libc.a(sig_addset.o)
                0x0000000008104d72                sigaddset
 .text.nxsig_delset
                0x0000000008104d8a       0x1a /home/nuttx_qcomamr/nuttx/staging/libc.a(sig_delset.o)
                0x0000000008104d8a                nxsig_delset
 .text.nxsig_ismember
                0x0000000008104da4       0x12 /home/nuttx_qcomamr/nuttx/staging/libc.a(sig_ismember.o)
                0x0000000008104da4                nxsig_ismember
 .text.sprintf  0x0000000008104db6       0x2e /home/nuttx_qcomamr/nuttx/staging/libc.a(lib_sprintf.o)
                0x0000000008104db6                sprintf
 .text.snprintf
                0x0000000008104de4       0x30 /home/nuttx_qcomamr/nuttx/staging/libc.a(lib_snprintf.o)
                0x0000000008104de4                snprintf
 .text.puts     0x0000000008104e14       0x62 /home/nuttx_qcomamr/nuttx/staging/libc.a(lib_puts.o)
                0x0000000008104e14                puts
 .text.lib_vsprintf
                0x0000000008104e76       0x14 /home/nuttx_qcomamr/nuttx/staging/libc.a(lib_libvsprintf.o)
                0x0000000008104e76                lib_vsprintf
 *fill*         0x0000000008104e8a        0x2 
 .text.vsprintf_internal.constprop.0
                0x0000000008104e8c      0x884 /home/nuttx_qcomamr/nuttx/staging/libc.a(lib_libvsprintf.o)
 .text.__ultoa_invert
                0x0000000008105710       0x58 /home/nuttx_qcomamr/nuttx/staging/libc.a(lib_ultoa_invert.o)
                0x0000000008105710                __ultoa_invert
 .text.__dtoa_engine
                0x0000000008105768      0x1fc /home/nuttx_qcomamr/nuttx/staging/libc.a(lib_dtoa_engine.o)
                0x0000000008105768                __dtoa_engine
 .text.lib_fwrite
                0x0000000008105964       0xea /home/nuttx_qcomamr/nuttx/staging/libc.a(lib_libfwrite.o)
                0x0000000008105964                lib_fwrite
 .text.lib_fflush
                0x0000000008105a4e       0x90 /home/nuttx_qcomamr/nuttx/staging/libc.a(lib_libfflush.o)
                0x0000000008105a4e                lib_fflush
 .text.lib_rdflush
                0x0000000008105ade       0x5a /home/nuttx_qcomamr/nuttx/staging/libc.a(lib_rdflush.o)
                0x0000000008105ade                lib_rdflush
 .text.fputs    0x0000000008105b38       0x5c /home/nuttx_qcomamr/nuttx/staging/libc.a(lib_fputs.o)
                0x0000000008105b38                fputs
 .text.nxmutex_destroy
                0x0000000008105b94       0x14 /home/nuttx_qcomamr/nuttx/staging/libc.a(lib_libstream.o)
 .text.nxmutex_init
                0x0000000008105ba8       0x26 /home/nuttx_qcomamr/nuttx/staging/libc.a(lib_libstream.o)
 .text.lib_stream_initialize
                0x0000000008105bce       0x46 /home/nuttx_qcomamr/nuttx/staging/libc.a(lib_libstream.o)
                0x0000000008105bce                lib_stream_initialize
 .text.lib_stream_release
                0x0000000008105c14       0x48 /home/nuttx_qcomamr/nuttx/staging/libc.a(lib_libstream.o)
                0x0000000008105c14                lib_stream_release
 .text.flockfile
                0x0000000008105c5c       0x3c /home/nuttx_qcomamr/nuttx/staging/libc.a(lib_libfilelock.o)
                0x0000000008105c5c                flockfile
 .text.funlockfile
                0x0000000008105c98       0x2c /home/nuttx_qcomamr/nuttx/staging/libc.a(lib_libfilelock.o)
                0x0000000008105c98                funlockfile
 .text.atoi     0x0000000008105cc4        0x8 /home/nuttx_qcomamr/nuttx/staging/libc.a(lib_atoi.o)
                0x0000000008105cc4                atoi
 .text.exit     0x0000000008105ccc        0x6 /home/nuttx_qcomamr/nuttx/staging/libc.a(lib_exit.o)
                0x0000000008105ccc                exit
 .text.strtol   0x0000000008105cd2       0x74 /home/nuttx_qcomamr/nuttx/staging/libc.a(lib_strtol.o)
                0x0000000008105cd2                strtol
 .text.strtoul  0x0000000008105d46       0xba /home/nuttx_qcomamr/nuttx/staging/libc.a(lib_strtoul.o)
                0x0000000008105d46                strtoul
 .text.lib_checkbase
                0x0000000008105e00       0x60 /home/nuttx_qcomamr/nuttx/staging/libc.a(lib_checkbase.o)
                0x0000000008105e00                lib_checkbase
 .text.memoutstream_puts
                0x0000000008105e60       0x2e /home/nuttx_qcomamr/nuttx/staging/libc.a(lib_memoutstream.o)
 .text.memoutstream_putc
                0x0000000008105e8e       0x16 /home/nuttx_qcomamr/nuttx/staging/libc.a(lib_memoutstream.o)
 .text.lib_memoutstream
                0x0000000008105ea4       0x28 /home/nuttx_qcomamr/nuttx/staging/libc.a(lib_memoutstream.o)
                0x0000000008105ea4                lib_memoutstream
 .text.nulloutstream_putc
                0x0000000008105ecc        0x8 /home/nuttx_qcomamr/nuttx/staging/libc.a(lib_nulloutstream.o)
 .text.lib_nulloutstream
                0x0000000008105ed4       0x18 /home/nuttx_qcomamr/nuttx/staging/libc.a(lib_nulloutstream.o)
                0x0000000008105ed4                lib_nulloutstream
 .text.lib_noflush
                0x0000000008105eec        0x4 /home/nuttx_qcomamr/nuttx/staging/libc.a(lib_libnoflush.o)
                0x0000000008105eec                lib_noflush
 .text.lib_isbasedigit
                0x0000000008105ef0       0x4c /home/nuttx_qcomamr/nuttx/staging/libc.a(lib_isbasedigit.o)
                0x0000000008105ef0                lib_isbasedigit
 .text.lib_skipspace
                0x0000000008105f3c       0x18 /home/nuttx_qcomamr/nuttx/staging/libc.a(lib_skipspace.o)
                0x0000000008105f3c                lib_skipspace
 .text.strdup   0x0000000008105f54       0x1c /home/nuttx_qcomamr/nuttx/staging/libc.a(lib_strdup.o)
                0x0000000008105f54                strdup
 .text.strncmp  0x0000000008105f70       0x20 /home/nuttx_qcomamr/nuttx/staging/libc.a(lib_strncmp.o)
                0x0000000008105f70                strncmp
 .text.memcpy   0x0000000008105f90       0x1c /home/nuttx_qcomamr/nuttx/staging/libc.a(lib_memcpy.o)
                0x0000000008105f90                memcpy
 .text.memset   0x0000000008105fac       0x10 /home/nuttx_qcomamr/nuttx/staging/libc.a(lib_memset.o)
                0x0000000008105fac                memset
 .text.strchr   0x0000000008105fbc       0x16 /home/nuttx_qcomamr/nuttx/staging/libc.a(lib_strchr.o)
                0x0000000008105fbc                strchr
 .text.strcpy   0x0000000008105fd2       0x10 /home/nuttx_qcomamr/nuttx/staging/libc.a(lib_strcpy.o)
                0x0000000008105fd2                strcpy
 .text.strlcpy  0x0000000008105fe2       0x38 /home/nuttx_qcomamr/nuttx/staging/libc.a(lib_strlcpy.o)
                0x0000000008105fe2                strlcpy
 .text.strlen   0x000000000810601a       0x10 /home/nuttx_qcomamr/nuttx/staging/libc.a(lib_strlen.o)
                0x000000000810601a                strlen
 .text.strnlen  0x000000000810602a       0x1a /home/nuttx_qcomamr/nuttx/staging/libc.a(lib_strnlen.o)
                0x000000000810602a                strnlen
 .text.vsyslog  0x0000000008106044       0x20 /home/nuttx_qcomamr/nuttx/staging/libc.a(lib_syslog.o)
                0x0000000008106044                vsyslog
 .text.syslog   0x0000000008106064       0x1a /home/nuttx_qcomamr/nuttx/staging/libc.a(lib_syslog.o)
                0x0000000008106064                syslog
 *fill*         0x000000000810607e        0x2 
 .text.setlogmask
                0x0000000008106080       0x10 /home/nuttx_qcomamr/nuttx/staging/libc.a(lib_setlogmask.o)
                0x0000000008106080                setlogmask
 .text.clock_daysbeforemonth
                0x0000000008106090       0x18 /home/nuttx_qcomamr/nuttx/staging/libc.a(lib_daysbeforemonth.o)
                0x0000000008106090                clock_daysbeforemonth
 .text.clock_isleapyear
                0x00000000081060a8       0x2c /home/nuttx_qcomamr/nuttx/staging/libc.a(lib_isleapyear.o)
                0x00000000081060a8                clock_isleapyear
 .text.tls_get_info
                0x00000000081060d4       0x18 /home/nuttx_qcomamr/nuttx/staging/libc.a(tls_getinfo.o)
                0x00000000081060d4                tls_get_info
 .text.isspace  0x00000000081060ec       0x14 /home/nuttx_qcomamr/nuttx/staging/libc.a(lib_isspace.o)
                0x00000000081060ec                isspace
 .text.lib_cxx_initialize
                0x0000000008106100        0x2 /home/nuttx_qcomamr/nuttx/staging/libc.a(lib_cxx_initialize.o)
                0x0000000008106100                lib_cxx_initialize
 .text.fseek    0x0000000008106102        0x4 /home/nuttx_qcomamr/nuttx/staging/libc.a(lib_fseek.o)
                0x0000000008106102                fseek
 .text.fseeko   0x0000000008106106       0x46 /home/nuttx_qcomamr/nuttx/staging/libc.a(lib_fseeko.o)
                0x0000000008106106                fseeko
 .text.lib_wrflush
                0x000000000810614c       0x20 /home/nuttx_qcomamr/nuttx/staging/libc.a(lib_wrflush.o)
                0x000000000810614c                lib_wrflush
 .text.umm_initialize
                0x000000000810616c       0x1c /home/nuttx_qcomamr/nuttx/staging/libmm.a(umm_initialize.o)
                0x000000000810616c                umm_initialize
 .text.free     0x0000000008106188       0x10 /home/nuttx_qcomamr/nuttx/staging/libmm.a(umm_free.o)
                0x0000000008106188                free
 .text.malloc   0x0000000008106198       0x10 /home/nuttx_qcomamr/nuttx/staging/libmm.a(umm_malloc.o)
                0x0000000008106198                malloc
 .text.realloc  0x00000000081061a8       0x10 /home/nuttx_qcomamr/nuttx/staging/libmm.a(umm_realloc.o)
                0x00000000081061a8                realloc
 .text.zalloc   0x00000000081061b8       0x10 /home/nuttx_qcomamr/nuttx/staging/libmm.a(umm_zalloc.o)
                0x00000000081061b8                zalloc
 .text.mm_addregion
                0x00000000081061c8       0x76 /home/nuttx_qcomamr/nuttx/staging/libmm.a(mm_initialize.o)
                0x00000000081061c8                mm_addregion
 .text.mm_initialize
                0x000000000810623e       0x78 /home/nuttx_qcomamr/nuttx/staging/libmm.a(mm_initialize.o)
                0x000000000810623e                mm_initialize
 *fill*         0x00000000081062b6        0x2 
 .text.mm_lock  0x00000000081062b8       0x50 /home/nuttx_qcomamr/nuttx/staging/libmm.a(mm_lock.o)
                0x00000000081062b8                mm_lock
 .text.mm_unlock
                0x0000000008106308       0x20 /home/nuttx_qcomamr/nuttx/staging/libmm.a(mm_lock.o)
                0x0000000008106308                mm_unlock
 .text.mm_addfreechunk
                0x0000000008106328       0x36 /home/nuttx_qcomamr/nuttx/staging/libmm.a(mm_addfreechunk.o)
                0x0000000008106328                mm_addfreechunk
 .text.mm_size2ndx
                0x000000000810635e       0x16 /home/nuttx_qcomamr/nuttx/staging/libmm.a(mm_size2ndx.o)
                0x000000000810635e                mm_size2ndx
 .text.mm_free  0x0000000008106374       0xac /home/nuttx_qcomamr/nuttx/staging/libmm.a(mm_free.o)
                0x0000000008106374                mm_free
 .text.mm_malloc
                0x0000000008106420       0xac /home/nuttx_qcomamr/nuttx/staging/libmm.a(mm_malloc.o)
                0x0000000008106420                mm_malloc
 .text.mm_realloc
                0x00000000081064cc      0x198 /home/nuttx_qcomamr/nuttx/staging/libmm.a(mm_realloc.o)
                0x00000000081064cc                mm_realloc
 .text.mm_zalloc
                0x0000000008106664       0x18 /home/nuttx_qcomamr/nuttx/staging/libmm.a(mm_zalloc.o)
                0x0000000008106664                mm_zalloc
 .text.mm_shrinkchunk
                0x000000000810667c       0x68 /home/nuttx_qcomamr/nuttx/staging/libmm.a(mm_shrinkchunk.o)
                0x000000000810667c                mm_shrinkchunk
 .text.spi_modifycr1
                0x00000000081066e4       0x10 /home/nuttx_qcomamr/nuttx/staging/libarch.a(stm32_spi.o)
 .text.spi_setfrequency
                0x00000000081066f4       0x9a /home/nuttx_qcomamr/nuttx/staging/libarch.a(stm32_spi.o)
 .text.spi_send
                0x000000000810678e       0x26 /home/nuttx_qcomamr/nuttx/staging/libarch.a(stm32_spi.o)
 .text.spi_lock
                0x00000000081067b4       0x36 /home/nuttx_qcomamr/nuttx/staging/libarch.a(stm32_spi.o)
 *fill*         0x00000000081067ea        0x2 
 .text.spi_setmode
                0x00000000081067ec       0x78 /home/nuttx_qcomamr/nuttx/staging/libarch.a(stm32_spi.o)
 .text.spi_setbits
                0x0000000008106864       0x48 /home/nuttx_qcomamr/nuttx/staging/libarch.a(stm32_spi.o)
 .text.spi_exchange
                0x00000000081068ac       0x4e /home/nuttx_qcomamr/nuttx/staging/libarch.a(stm32_spi.o)
 *fill*         0x00000000081068fa        0x2 
 .text.stm32_spibus_initialize
                0x00000000081068fc       0x78 /home/nuttx_qcomamr/nuttx/staging/libarch.a(stm32_spi.o)
                0x00000000081068fc                stm32_spibus_initialize
 .text.stm32_timerisr
                0x0000000008106974        0xa /home/nuttx_qcomamr/nuttx/staging/libarch.a(stm32_timerisr.o)
 *fill*         0x000000000810697e        0x2 
 .text.up_timer_initialize
                0x0000000008106980       0x44 /home/nuttx_qcomamr/nuttx/staging/libarch.a(stm32_timerisr.o)
                0x0000000008106980                up_timer_initialize
 .text.up_idle  0x00000000081069c4        0x4 /home/nuttx_qcomamr/nuttx/staging/libarch.a(stm32_idle.o)
                0x00000000081069c4                up_idle
 .text.adc_modifyreg
                0x00000000081069c8       0x10 /home/nuttx_qcomamr/nuttx/staging/libarch.a(stm32_adc.o)
 .text.adc_bind
                0x00000000081069d8        0x8 /home/nuttx_qcomamr/nuttx/staging/libarch.a(stm32_adc.o)
 .text.adc_rxint
                0x00000000081069e0       0x18 /home/nuttx_qcomamr/nuttx/staging/libarch.a(stm32_adc.o)
 .text.nxmutex_lock
                0x00000000081069f8       0x20 /home/nuttx_qcomamr/nuttx/staging/libarch.a(stm32_adc.o)
 .text.adc_reg_startconv.part.0
                0x0000000008106a18        0xc /home/nuttx_qcomamr/nuttx/staging/libarch.a(stm32_adc.o)
 .text.adc_ioc_enable_awd_int
                0x0000000008106a24       0x12 /home/nuttx_qcomamr/nuttx/staging/libarch.a(stm32_adc.o)
 .text.adc_ioc_enable_eoc_int
                0x0000000008106a36       0x12 /home/nuttx_qcomamr/nuttx/staging/libarch.a(stm32_adc.o)
 .text.adc_ioc_enable_jeoc_int
                0x0000000008106a48       0x12 /home/nuttx_qcomamr/nuttx/staging/libarch.a(stm32_adc.o)
 .text.adc_ioc_enable_ovr_int
                0x0000000008106a5a       0x16 /home/nuttx_qcomamr/nuttx/staging/libarch.a(stm32_adc.o)
 .text.nxmutex_unlock
                0x0000000008106a70       0x14 /home/nuttx_qcomamr/nuttx/staging/libarch.a(stm32_adc.o)
 .text.adc123_interrupt
                0x0000000008106a84       0x44 /home/nuttx_qcomamr/nuttx/staging/libarch.a(stm32_adc.o)
 .text.adc_set_ch
                0x0000000008106ac8       0xd2 /home/nuttx_qcomamr/nuttx/staging/libarch.a(stm32_adc.o)
 *fill*         0x0000000008106b9a        0x2 
 .text.adc_ioctl
                0x0000000008106b9c       0xf4 /home/nuttx_qcomamr/nuttx/staging/libarch.a(stm32_adc.o)
 .text.adc_shutdown
                0x0000000008106c90       0x68 /home/nuttx_qcomamr/nuttx/staging/libarch.a(stm32_adc.o)
 .text.adc_reset
                0x0000000008106cf8       0x60 /home/nuttx_qcomamr/nuttx/staging/libarch.a(stm32_adc.o)
 .text.adc_setup
                0x0000000008106d58       0xf4 /home/nuttx_qcomamr/nuttx/staging/libarch.a(stm32_adc.o)
 .text.stm32_adcinitialize
                0x0000000008106e4c       0x28 /home/nuttx_qcomamr/nuttx/staging/libarch.a(stm32_adc.o)
                0x0000000008106e4c                stm32_adcinitialize
 .text.pwm_outputs_from_channels
                0x0000000008106e74       0x42 /home/nuttx_qcomamr/nuttx/staging/libarch.a(stm32_pwm.o)
 .text.pwm_ioctl
                0x0000000008106eb6        0x6 /home/nuttx_qcomamr/nuttx/staging/libarch.a(stm32_pwm.o)
 .text.pwm_set_apb_clock
                0x0000000008106ebc       0x68 /home/nuttx_qcomamr/nuttx/staging/libarch.a(stm32_pwm.o)
 .text.pwm_reg_is_32bit.part.0
                0x0000000008106f24       0x20 /home/nuttx_qcomamr/nuttx/staging/libarch.a(stm32_pwm.o)
 .text.pwm_modifyreg
                0x0000000008106f44       0x36 /home/nuttx_qcomamr/nuttx/staging/libarch.a(stm32_pwm.o)
 .text.pwm_getreg
                0x0000000008106f7a       0x20 /home/nuttx_qcomamr/nuttx/staging/libarch.a(stm32_pwm.o)
 .text.pwm_putreg
                0x0000000008106f9a       0x20 /home/nuttx_qcomamr/nuttx/staging/libarch.a(stm32_pwm.o)
 .text.pwm_duty_update
                0x0000000008106fba       0x30 /home/nuttx_qcomamr/nuttx/staging/libarch.a(stm32_pwm.o)
 .text.pwm_outputs_enable
                0x0000000008106fea       0x5a /home/nuttx_qcomamr/nuttx/staging/libarch.a(stm32_pwm.o)
 .text.pwm_setup
                0x0000000008107044      0x1c4 /home/nuttx_qcomamr/nuttx/staging/libarch.a(stm32_pwm.o)
 .text.pwm_start
                0x0000000008107208      0x114 /home/nuttx_qcomamr/nuttx/staging/libarch.a(stm32_pwm.o)
 .text.pwm_stop
                0x000000000810731c       0x46 /home/nuttx_qcomamr/nuttx/staging/libarch.a(stm32_pwm.o)
 .text.pwm_shutdown
                0x0000000008107362       0x3a /home/nuttx_qcomamr/nuttx/staging/libarch.a(stm32_pwm.o)
 .text.stm32_pwminitialize
                0x000000000810739c       0x14 /home/nuttx_qcomamr/nuttx/staging/libarch.a(stm32_pwm.o)
                0x000000000810739c                stm32_pwminitialize
 .text.stm32_cap_handler
                0x00000000081073b0       0x56 /home/nuttx_qcomamr/nuttx/staging/libarch.a(stm32_capture_lowerhalf.o)
 *fill*         0x0000000008107406        0x2 
 .text.stm32_start
                0x0000000008107408       0xf8 /home/nuttx_qcomamr/nuttx/staging/libarch.a(stm32_capture_lowerhalf.o)
 .text.stm32_stop
                0x0000000008107500       0x54 /home/nuttx_qcomamr/nuttx/staging/libarch.a(stm32_capture_lowerhalf.o)
 .text.stm32_getduty
                0x0000000008107554       0x16 /home/nuttx_qcomamr/nuttx/staging/libarch.a(stm32_capture_lowerhalf.o)
 .text.stm32_getfreq
                0x000000000810756a       0x16 /home/nuttx_qcomamr/nuttx/staging/libarch.a(stm32_capture_lowerhalf.o)
 .text.stm32_chchannel
                0x0000000008107580       0x5e /home/nuttx_qcomamr/nuttx/staging/libarch.a(stm32_capture_lowerhalf.o)
 *fill*         0x00000000081075de        0x2 
 .text.stm32_cap_initialize
                0x00000000081075e0       0x34 /home/nuttx_qcomamr/nuttx/staging/libarch.a(stm32_capture_lowerhalf.o)
                0x00000000081075e0                stm32_cap_initialize
 .text.stm32can_reset
                0x0000000008107614       0x40 /home/nuttx_qcomamr/nuttx/staging/libarch.a(stm32_can.o)
 .text.stm32can_rxint
                0x0000000008107654       0x18 /home/nuttx_qcomamr/nuttx/staging/libarch.a(stm32_can.o)
 .text.stm32can_txint
                0x000000000810766c       0x12 /home/nuttx_qcomamr/nuttx/staging/libarch.a(stm32_can.o)
 .text.stm32can_remoterequest
                0x000000000810767e        0x6 /home/nuttx_qcomamr/nuttx/staging/libarch.a(stm32_can.o)
 .text.stm32can_send
                0x0000000008107684       0xec /home/nuttx_qcomamr/nuttx/staging/libarch.a(stm32_can.o)
 .text.stm32can_txready
                0x0000000008107770       0x40 /home/nuttx_qcomamr/nuttx/staging/libarch.a(stm32_can.o)
 .text.stm32can_txempty
                0x00000000081077b0       0x40 /home/nuttx_qcomamr/nuttx/staging/libarch.a(stm32_can.o)
 .text.stm32can_enterinitmode
                0x00000000081077f0       0x34 /home/nuttx_qcomamr/nuttx/staging/libarch.a(stm32_can.o)
 .text.stm32can_exitinitmode
                0x0000000008107824       0x34 /home/nuttx_qcomamr/nuttx/staging/libarch.a(stm32_can.o)
 .text.stm32can_ioctl
                0x0000000008107858      0x16c /home/nuttx_qcomamr/nuttx/staging/libarch.a(stm32_can.o)
 .text.stm32can_shutdown
                0x00000000081079c4       0x52 /home/nuttx_qcomamr/nuttx/staging/libarch.a(stm32_can.o)
 .text.stm32can_sceinterrupt
                0x0000000008107a16       0xde /home/nuttx_qcomamr/nuttx/staging/libarch.a(stm32_can.o)
 .text.stm32can_rxinterrupt
                0x0000000008107af4       0x7e /home/nuttx_qcomamr/nuttx/staging/libarch.a(stm32_can.o)
 .text.stm32can_rx1interrupt
                0x0000000008107b72        0x8 /home/nuttx_qcomamr/nuttx/staging/libarch.a(stm32_can.o)
 .text.stm32can_rx0interrupt
                0x0000000008107b7a        0x8 /home/nuttx_qcomamr/nuttx/staging/libarch.a(stm32_can.o)
 .text.stm32can_txinterrupt
                0x0000000008107b82       0x42 /home/nuttx_qcomamr/nuttx/staging/libarch.a(stm32_can.o)
 .text.stm32can_setup
                0x0000000008107bc4      0x188 /home/nuttx_qcomamr/nuttx/staging/libarch.a(stm32_can.o)
 .text.stm32_caninitialize
                0x0000000008107d4c       0x48 /home/nuttx_qcomamr/nuttx/staging/libarch.a(stm32_can.o)
                0x0000000008107d4c                stm32_caninitialize
 .text.up_assert
                0x0000000008107d94        0x2 /home/nuttx_qcomamr/nuttx/staging/libarch.a(arm_assert.o)
                0x0000000008107d94                up_assert
 .text.up_create_stack
                0x0000000008107d96       0x48 /home/nuttx_qcomamr/nuttx/staging/libarch.a(arm_createstack.o)
                0x0000000008107d96                up_create_stack
 .text.modifyreg16
                0x0000000008107dde       0x1e /home/nuttx_qcomamr/nuttx/staging/libarch.a(arm_modifyreg16.o)
                0x0000000008107dde                modifyreg16
 .text.up_nputs
                0x0000000008107dfc       0x18 /home/nuttx_qcomamr/nuttx/staging/libarch.a(arm_nputs.o)
                0x0000000008107dfc                up_nputs
 .text.up_release_pending
                0x0000000008107e14       0x30 /home/nuttx_qcomamr/nuttx/staging/libarch.a(arm_releasepending.o)
                0x0000000008107e14                up_release_pending
 .text.up_release_stack
                0x0000000008107e44       0x24 /home/nuttx_qcomamr/nuttx/staging/libarch.a(arm_releasestack.o)
                0x0000000008107e44                up_release_stack
 .text.up_stack_frame
                0x0000000008107e68       0x36 /home/nuttx_qcomamr/nuttx/staging/libarch.a(arm_stackframe.o)
                0x0000000008107e68                up_stack_frame
 *fill*         0x0000000008107e9e        0x2 
 .text.up_switch_context
                0x0000000008107ea0       0x24 /home/nuttx_qcomamr/nuttx/staging/libarch.a(arm_switchcontext.o)
                0x0000000008107ea0                up_switch_context
 .text.up_use_stack
                0x0000000008107ec4       0x28 /home/nuttx_qcomamr/nuttx/staging/libarch.a(arm_usestack.o)
                0x0000000008107ec4                up_use_stack
 .text.up_mdelay
                0x0000000008107eec       0x2c /home/nuttx_qcomamr/nuttx/staging/libarch.a(arm_mdelay.o)
                0x0000000008107eec                up_mdelay
 .text.up_initial_state
                0x0000000008107f18       0x60 /home/nuttx_qcomamr/nuttx/staging/libarch.a(arm_initialstate.o)
                0x0000000008107f18                up_initial_state
 .text.up_schedule_sigaction
                0x0000000008107f78       0x80 /home/nuttx_qcomamr/nuttx/staging/libarch.a(arm_schedulesigaction.o)
                0x0000000008107f78                up_schedule_sigaction
 .text.arm_sigdeliver
                0x0000000008107ff8       0x2c /home/nuttx_qcomamr/nuttx/staging/libarch.a(arm_sigdeliver.o)
                0x0000000008107ff8                arm_sigdeliver
 .text.stm32_cap_ackflags
                0x0000000008108024       0x4e /home/nuttx_qcomamr/nuttx/staging/libarch.a(stm32_capture.o)
 .text.stm32_cap_getflags
                0x0000000008108072       0x4c /home/nuttx_qcomamr/nuttx/staging/libarch.a(stm32_capture.o)
 *fill*         0x00000000081080be        0x2 
 .text.stm32_cap_getcapture
                0x00000000081080c0       0x30 /home/nuttx_qcomamr/nuttx/staging/libarch.a(stm32_capture.o)
 .text.stm32_cap_enableint
                0x00000000081080f0       0x3a /home/nuttx_qcomamr/nuttx/staging/libarch.a(stm32_capture.o)
 *fill*         0x000000000810812a        0x2 
 .text.stm32_cap_setclock
                0x000000000810812c       0xb8 /home/nuttx_qcomamr/nuttx/staging/libarch.a(stm32_capture.o)
 .text.stm32_cap_setsmc
                0x00000000081081e4       0x72 /home/nuttx_qcomamr/nuttx/staging/libarch.a(stm32_capture.o)
 .text.stm32_cap_setisr
                0x0000000008108256       0x58 /home/nuttx_qcomamr/nuttx/staging/libarch.a(stm32_capture.o)
 *fill*         0x00000000081082ae        0x2 
 .text.stm32_cap_setchannel
                0x00000000081082b0       0xec /home/nuttx_qcomamr/nuttx/staging/libarch.a(stm32_capture.o)
 .text.stm32_cap_init
                0x000000000810839c       0x54 /home/nuttx_qcomamr/nuttx/staging/libarch.a(stm32_capture.o)
                0x000000000810839c                stm32_cap_init
 .text.nsh_main
                0x00000000081083f0       0x48 /home/nuttx_qcomamr/nuttx/staging/libapps.a(nsh_main.c.home.nuttx_qcomamr.nuttx-apps.system.nsh.o)
                0x00000000081083f0                nsh_main
 .text.nsh_initialize
                0x0000000008108438       0x22 /home/nuttx_qcomamr/nuttx/staging/libapps.a(nsh_init.c.home.nuttx_qcomamr.nuttx-apps.nshlib.o)
                0x0000000008108438                nsh_initialize
 .text.nsh_consolelinebuffer
                0x000000000810845a        0x6 /home/nuttx_qcomamr/nuttx/staging/libapps.a(nsh_console.c.home.nuttx_qcomamr.nuttx-apps.nshlib.o)
 .text.nsh_consoleredirect
                0x0000000008108460       0x44 /home/nuttx_qcomamr/nuttx/staging/libapps.a(nsh_console.c.home.nuttx_qcomamr.nuttx-apps.nshlib.o)
 .text.nsh_closeifnotclosed
                0x00000000081084a4       0x60 /home/nuttx_qcomamr/nuttx/staging/libapps.a(nsh_console.c.home.nuttx_qcomamr.nuttx-apps.nshlib.o)
 .text.nsh_consoleundirect
                0x0000000008108504       0x24 /home/nuttx_qcomamr/nuttx/staging/libapps.a(nsh_console.c.home.nuttx_qcomamr.nuttx-apps.nshlib.o)
 .text.nsh_consolerelease
                0x0000000008108528       0x1c /home/nuttx_qcomamr/nuttx/staging/libapps.a(nsh_console.c.home.nuttx_qcomamr.nuttx-apps.nshlib.o)
 .text.nsh_consoleexit
                0x0000000008108544        0xe /home/nuttx_qcomamr/nuttx/staging/libapps.a(nsh_console.c.home.nuttx_qcomamr.nuttx-apps.nshlib.o)
 *fill*         0x0000000008108552        0x2 
 .text.nsh_openifnotopen.part.0
                0x0000000008108554       0x30 /home/nuttx_qcomamr/nuttx/staging/libapps.a(nsh_console.c.home.nuttx_qcomamr.nuttx-apps.nshlib.o)
 .text.nsh_consolewrite
                0x0000000008108584       0x38 /home/nuttx_qcomamr/nuttx/staging/libapps.a(nsh_console.c.home.nuttx_qcomamr.nuttx-apps.nshlib.o)
 .text.nsh_erroroutput
                0x00000000081085bc       0x32 /home/nuttx_qcomamr/nuttx/staging/libapps.a(nsh_console.c.home.nuttx_qcomamr.nuttx-apps.nshlib.o)
 .text.nsh_consoleoutput
                0x00000000081085ee       0x32 /home/nuttx_qcomamr/nuttx/staging/libapps.a(nsh_console.c.home.nuttx_qcomamr.nuttx-apps.nshlib.o)
 .text.nsh_newconsole
                0x0000000008108620       0x84 /home/nuttx_qcomamr/nuttx/staging/libapps.a(nsh_console.c.home.nuttx_qcomamr.nuttx-apps.nshlib.o)
                0x0000000008108620                nsh_newconsole
 .text.nsh_consoleclone
                0x00000000081086a4        0xc /home/nuttx_qcomamr/nuttx/staging/libapps.a(nsh_console.c.home.nuttx_qcomamr.nuttx-apps.nshlib.o)
 .text.nsh_script
                0x00000000081086b0      0x10c /home/nuttx_qcomamr/nuttx/staging/libapps.a(nsh_script.c.home.nuttx_qcomamr.nuttx-apps.nshlib.o)
                0x00000000081086b0                nsh_script
 .text.nsh_sysinitscript
                0x00000000081087bc       0x10 /home/nuttx_qcomamr/nuttx/staging/libapps.a(nsh_script.c.home.nuttx_qcomamr.nuttx-apps.nshlib.o)
                0x00000000081087bc                nsh_sysinitscript
 .text.nsh_initscript
                0x00000000081087cc       0x38 /home/nuttx_qcomamr/nuttx/staging/libapps.a(nsh_script.c.home.nuttx_qcomamr.nuttx-apps.nshlib.o)
                0x00000000081087cc                nsh_initscript
 .text.nsh_dumpvar
                0x0000000008108804       0x10 /home/nuttx_qcomamr/nuttx/staging/libapps.a(nsh_envcmds.c.home.nuttx_qcomamr.nuttx-apps.nshlib.o)
 .text.nsh_getcwd
                0x0000000008108814       0x1c /home/nuttx_qcomamr/nuttx/staging/libapps.a(nsh_envcmds.c.home.nuttx_qcomamr.nuttx-apps.nshlib.o)
                0x0000000008108814                nsh_getcwd
 .text.nsh_getfullpath
                0x0000000008108830       0x48 /home/nuttx_qcomamr/nuttx/staging/libapps.a(nsh_envcmds.c.home.nuttx_qcomamr.nuttx-apps.nshlib.o)
                0x0000000008108830                nsh_getfullpath
 .text.nsh_freefullpath
                0x0000000008108878        0x8 /home/nuttx_qcomamr/nuttx/staging/libapps.a(nsh_envcmds.c.home.nuttx_qcomamr.nuttx-apps.nshlib.o)
                0x0000000008108878                nsh_freefullpath
 .text.cmd_cd   0x0000000008108880       0xcc /home/nuttx_qcomamr/nuttx/staging/libapps.a(nsh_envcmds.c.home.nuttx_qcomamr.nuttx-apps.nshlib.o)
                0x0000000008108880                cmd_cd
 .text.cmd_echo
                0x000000000810894c      0x1b4 /home/nuttx_qcomamr/nuttx/staging/libapps.a(nsh_envcmds.c.home.nuttx_qcomamr.nuttx-apps.nshlib.o)
                0x000000000810894c                cmd_echo
 .text.cmd_env  0x0000000008108b00       0x10 /home/nuttx_qcomamr/nuttx/staging/libapps.a(nsh_envcmds.c.home.nuttx_qcomamr.nuttx-apps.nshlib.o)
                0x0000000008108b00                cmd_env
 .text.cmd_pwd  0x0000000008108b10       0x1c /home/nuttx_qcomamr/nuttx/staging/libapps.a(nsh_envcmds.c.home.nuttx_qcomamr.nuttx-apps.nshlib.o)
                0x0000000008108b10                cmd_pwd
 .text.cmd_set  0x0000000008108b2c      0x158 /home/nuttx_qcomamr/nuttx/staging/libapps.a(nsh_envcmds.c.home.nuttx_qcomamr.nuttx-apps.nshlib.o)
                0x0000000008108b2c                cmd_set
 .text.cmd_unset
                0x0000000008108c84       0x64 /home/nuttx_qcomamr/nuttx/staging/libapps.a(nsh_envcmds.c.home.nuttx_qcomamr.nuttx-apps.nshlib.o)
                0x0000000008108c84                cmd_unset
 .text.cmd_export
                0x0000000008108ce8       0x78 /home/nuttx_qcomamr/nuttx/staging/libapps.a(nsh_envcmds.c.home.nuttx_qcomamr.nuttx-apps.nshlib.o)
                0x0000000008108ce8                cmd_export
 .text.nsh_catfile
                0x0000000008108d60      0x124 /home/nuttx_qcomamr/nuttx/staging/libapps.a(nsh_fsutils.c.home.nuttx_qcomamr.nuttx-apps.nshlib.o)
                0x0000000008108d60                nsh_catfile
 .text.nsh_readfile
                0x0000000008108e84       0xa4 /home/nuttx_qcomamr/nuttx/staging/libapps.a(nsh_fsutils.c.home.nuttx_qcomamr.nuttx-apps.nshlib.o)
                0x0000000008108e84                nsh_readfile
 .text.nsh_foreach_direntry
                0x0000000008108f28       0x84 /home/nuttx_qcomamr/nuttx/staging/libapps.a(nsh_fsutils.c.home.nuttx_qcomamr.nuttx-apps.nshlib.o)
                0x0000000008108f28                nsh_foreach_direntry
 .text.nsh_trimdir
                0x0000000008108fac       0x24 /home/nuttx_qcomamr/nuttx/staging/libapps.a(nsh_fsutils.c.home.nuttx_qcomamr.nuttx-apps.nshlib.o)
                0x0000000008108fac                nsh_trimdir
 .text.nsh_trimspaces
                0x0000000008108fd0       0x3a /home/nuttx_qcomamr/nuttx/staging/libapps.a(nsh_fsutils.c.home.nuttx_qcomamr.nuttx-apps.nshlib.o)
                0x0000000008108fd0                nsh_trimspaces
 *fill*         0x000000000810900a        0x2 
 .text.nsh_getdirpath
                0x000000000810900c       0x4c /home/nuttx_qcomamr/nuttx/staging/libapps.a(nsh_fsutils.c.home.nuttx_qcomamr.nuttx-apps.nshlib.o)
                0x000000000810900c                nsh_getdirpath
 .text.nsh_findvar
                0x0000000008109058       0x3c /home/nuttx_qcomamr/nuttx/staging/libapps.a(nsh_vars.c.home.nuttx_qcomamr.nuttx-apps.nshlib.o)
                0x0000000008109058                nsh_findvar
 .text.nsh_removevar
                0x0000000008109094       0x48 /home/nuttx_qcomamr/nuttx/staging/libapps.a(nsh_vars.c.home.nuttx_qcomamr.nuttx-apps.nshlib.o)
                0x0000000008109094                nsh_removevar
 .text.nsh_getvar
                0x00000000081090dc       0x16 /home/nuttx_qcomamr/nuttx/staging/libapps.a(nsh_vars.c.home.nuttx_qcomamr.nuttx-apps.nshlib.o)
                0x00000000081090dc                nsh_getvar
 *fill*         0x00000000081090f2        0x2 
 .text.nsh_setvar
                0x00000000081090f4       0x78 /home/nuttx_qcomamr/nuttx/staging/libapps.a(nsh_vars.c.home.nuttx_qcomamr.nuttx-apps.nshlib.o)
                0x00000000081090f4                nsh_setvar
 .text.nsh_unsetvar
                0x000000000810916c       0x4c /home/nuttx_qcomamr/nuttx/staging/libapps.a(nsh_vars.c.home.nuttx_qcomamr.nuttx-apps.nshlib.o)
                0x000000000810916c                nsh_unsetvar
 .text.nsh_foreach_var
                0x00000000081091b8       0x36 /home/nuttx_qcomamr/nuttx/staging/libapps.a(nsh_vars.c.home.nuttx_qcomamr.nuttx-apps.nshlib.o)
                0x00000000081091b8                nsh_foreach_var
 *fill*         0x00000000081091ee        0x2 
 .text.nsh_romfsetc
                0x00000000081091f0       0x5c /home/nuttx_qcomamr/nuttx/staging/libapps.a(nsh_romfsetc.c.home.nuttx_qcomamr.nuttx-apps.nshlib.o)
                0x00000000081091f0                nsh_romfsetc
 .text.nsh_consolemain
                0x000000000810924c       0x20 /home/nuttx_qcomamr/nuttx/staging/libapps.a(nsh_consolemain.c.home.nuttx_qcomamr.nuttx-apps.nshlib.o)
                0x000000000810924c                nsh_consolemain
 .text.nsh_strchr
                0x000000000810926c       0x24 /home/nuttx_qcomamr/nuttx/staging/libapps.a(nsh_parse.c.home.nuttx_qcomamr.nuttx-apps.nshlib.o)
 .text.nsh_dequote
                0x0000000008109290       0x2a /home/nuttx_qcomamr/nuttx/staging/libapps.a(nsh_parse.c.home.nuttx_qcomamr.nuttx-apps.nshlib.o)
 .text.nsh_cmdenabled
                0x00000000081092ba       0x46 /home/nuttx_qcomamr/nuttx/staging/libapps.a(nsh_parse.c.home.nuttx_qcomamr.nuttx-apps.nshlib.o)
 .text.nsh_releaseargs
                0x0000000008109300       0x3a /home/nuttx_qcomamr/nuttx/staging/libapps.a(nsh_parse.c.home.nuttx_qcomamr.nuttx-apps.nshlib.o)
 .text.nsh_child
                0x000000000810933a       0x1c /home/nuttx_qcomamr/nuttx/staging/libapps.a(nsh_parse.c.home.nuttx_qcomamr.nuttx-apps.nshlib.o)
 .text.nsh_saveresult
                0x0000000008109356       0x6e /home/nuttx_qcomamr/nuttx/staging/libapps.a(nsh_parse.c.home.nuttx_qcomamr.nuttx-apps.nshlib.o)
 .text.nsh_execute
                0x00000000081093c4      0x1bc /home/nuttx_qcomamr/nuttx/staging/libapps.a(nsh_parse.c.home.nuttx_qcomamr.nuttx-apps.nshlib.o)
 .text.nsh_memlist_free.part.0
                0x0000000008109580       0x24 /home/nuttx_qcomamr/nuttx/staging/libapps.a(nsh_parse.c.home.nuttx_qcomamr.nuttx-apps.nshlib.o)
 .text.nsh_strcat
                0x00000000081095a4       0x54 /home/nuttx_qcomamr/nuttx/staging/libapps.a(nsh_parse.c.home.nuttx_qcomamr.nuttx-apps.nshlib.o)
 .text.nsh_argument
                0x00000000081095f8      0x4cc /home/nuttx_qcomamr/nuttx/staging/libapps.a(nsh_parse.c.home.nuttx_qcomamr.nuttx-apps.nshlib.o)
 .text.nsh_parse_command
                0x0000000008109ac4      0x62c /home/nuttx_qcomamr/nuttx/staging/libapps.a(nsh_parse.c.home.nuttx_qcomamr.nuttx-apps.nshlib.o)
 .text.nsh_parse
                0x000000000810a0f0       0x90 /home/nuttx_qcomamr/nuttx/staging/libapps.a(nsh_parse.c.home.nuttx_qcomamr.nuttx-apps.nshlib.o)
                0x000000000810a0f0                nsh_parse
 .text.cmd_break
                0x000000000810a180       0x2c /home/nuttx_qcomamr/nuttx/staging/libapps.a(nsh_parse.c.home.nuttx_qcomamr.nuttx-apps.nshlib.o)
                0x000000000810a180                cmd_break
 .text.cmd_unrecognized
                0x000000000810a1ac       0x14 /home/nuttx_qcomamr/nuttx/staging/libapps.a(nsh_command.c.home.nuttx_qcomamr.nuttx-apps.nshlib.o)
 .text.cmd_true
                0x000000000810a1c0        0x4 /home/nuttx_qcomamr/nuttx/staging/libapps.a(nsh_command.c.home.nuttx_qcomamr.nuttx-apps.nshlib.o)
 .text.cmd_false
                0x000000000810a1c4        0x6 /home/nuttx_qcomamr/nuttx/staging/libapps.a(nsh_command.c.home.nuttx_qcomamr.nuttx-apps.nshlib.o)
 .text.cmd_exit
                0x000000000810a1ca        0x8 /home/nuttx_qcomamr/nuttx/staging/libapps.a(nsh_command.c.home.nuttx_qcomamr.nuttx-apps.nshlib.o)
 *fill*         0x000000000810a1d2        0x2 
 .text.help_showcmd
                0x000000000810a1d4       0x24 /home/nuttx_qcomamr/nuttx/staging/libapps.a(nsh_command.c.home.nuttx_qcomamr.nuttx-apps.nshlib.o)
 .text.help_cmd
                0x000000000810a1f8       0x4c /home/nuttx_qcomamr/nuttx/staging/libapps.a(nsh_command.c.home.nuttx_qcomamr.nuttx-apps.nshlib.o)
 .text.cmd_help
                0x000000000810a244      0x2a8 /home/nuttx_qcomamr/nuttx/staging/libapps.a(nsh_command.c.home.nuttx_qcomamr.nuttx-apps.nshlib.o)
 .text.nsh_command
                0x000000000810a4ec       0x68 /home/nuttx_qcomamr/nuttx/staging/libapps.a(nsh_command.c.home.nuttx_qcomamr.nuttx-apps.nshlib.o)
                0x000000000810a4ec                nsh_command
 .text.unlink_recursive
                0x000000000810a554       0xcc /home/nuttx_qcomamr/nuttx/staging/libapps.a(nsh_fscmds.c.home.nuttx_qcomamr.nuttx-apps.nshlib.o)
 .text.ls_specialdir
                0x000000000810a620       0x28 /home/nuttx_qcomamr/nuttx/staging/libapps.a(nsh_fscmds.c.home.nuttx_qcomamr.nuttx-apps.nshlib.o)
 .text.ls_handler
                0x000000000810a648      0x17c /home/nuttx_qcomamr/nuttx/staging/libapps.a(nsh_fscmds.c.home.nuttx_qcomamr.nuttx-apps.nshlib.o)
 .text.ls_recursive
                0x000000000810a7c4       0x70 /home/nuttx_qcomamr/nuttx/staging/libapps.a(nsh_fscmds.c.home.nuttx_qcomamr.nuttx-apps.nshlib.o)
 .text.cmd_basename
                0x000000000810a834       0x48 /home/nuttx_qcomamr/nuttx/staging/libapps.a(nsh_fscmds.c.home.nuttx_qcomamr.nuttx-apps.nshlib.o)
                0x000000000810a834                cmd_basename
 .text.cmd_dirname
                0x000000000810a87c       0x1c /home/nuttx_qcomamr/nuttx/staging/libapps.a(nsh_fscmds.c.home.nuttx_qcomamr.nuttx-apps.nshlib.o)
                0x000000000810a87c                cmd_dirname
 .text.cmd_cat  0x000000000810a898       0x58 /home/nuttx_qcomamr/nuttx/staging/libapps.a(nsh_fscmds.c.home.nuttx_qcomamr.nuttx-apps.nshlib.o)
                0x000000000810a898                cmd_cat
 .text.cmd_dmesg
                0x000000000810a8f0       0x10 /home/nuttx_qcomamr/nuttx/staging/libapps.a(nsh_fscmds.c.home.nuttx_qcomamr.nuttx-apps.nshlib.o)
                0x000000000810a8f0                cmd_dmesg
 .text.cmd_cp   0x000000000810a900      0x1d8 /home/nuttx_qcomamr/nuttx/staging/libapps.a(nsh_fscmds.c.home.nuttx_qcomamr.nuttx-apps.nshlib.o)
                0x000000000810a900                cmd_cp
 .text.cmd_ls   0x000000000810aad8      0x170 /home/nuttx_qcomamr/nuttx/staging/libapps.a(nsh_fscmds.c.home.nuttx_qcomamr.nuttx-apps.nshlib.o)
                0x000000000810aad8                cmd_ls
 .text.cmd_mkdir
                0x000000000810ac48       0xc4 /home/nuttx_qcomamr/nuttx/staging/libapps.a(nsh_fscmds.c.home.nuttx_qcomamr.nuttx-apps.nshlib.o)
                0x000000000810ac48                cmd_mkdir
 .text.cmd_mkrd
                0x000000000810ad0c      0x108 /home/nuttx_qcomamr/nuttx/staging/libapps.a(nsh_fscmds.c.home.nuttx_qcomamr.nuttx-apps.nshlib.o)
                0x000000000810ad0c                cmd_mkrd
 .text.cmd_mv   0x000000000810ae14       0x84 /home/nuttx_qcomamr/nuttx/staging/libapps.a(nsh_fscmds.c.home.nuttx_qcomamr.nuttx-apps.nshlib.o)
                0x000000000810ae14                cmd_mv
 .text.cmd_rm   0x000000000810ae98       0x80 /home/nuttx_qcomamr/nuttx/staging/libapps.a(nsh_fscmds.c.home.nuttx_qcomamr.nuttx-apps.nshlib.o)
                0x000000000810ae98                cmd_rm
 .text.cmd_rmdir
                0x000000000810af18       0x50 /home/nuttx_qcomamr/nuttx/staging/libapps.a(nsh_fscmds.c.home.nuttx_qcomamr.nuttx-apps.nshlib.o)
                0x000000000810af18                cmd_rmdir
 .text.cmd_source
                0x000000000810af68        0x8 /home/nuttx_qcomamr/nuttx/staging/libapps.a(nsh_fscmds.c.home.nuttx_qcomamr.nuttx-apps.nshlib.o)
                0x000000000810af68                cmd_source
 .text.cmd_cmp  0x000000000810af70      0x138 /home/nuttx_qcomamr/nuttx/staging/libapps.a(nsh_fscmds.c.home.nuttx_qcomamr.nuttx-apps.nshlib.o)
                0x000000000810af70                cmd_cmp
 .text.cmd_truncate
                0x000000000810b0a8      0x130 /home/nuttx_qcomamr/nuttx/staging/libapps.a(nsh_fscmds.c.home.nuttx_qcomamr.nuttx-apps.nshlib.o)
                0x000000000810b0a8                cmd_truncate
 .text.dd_read  0x000000000810b1d8       0x68 /home/nuttx_qcomamr/nuttx/staging/libapps.a(nsh_ddcmd.c.home.nuttx_qcomamr.nuttx-apps.nshlib.o)
 .text.cmd_dd   0x000000000810b240      0x3c0 /home/nuttx_qcomamr/nuttx/staging/libapps.a(nsh_ddcmd.c.home.nuttx_qcomamr.nuttx-apps.nshlib.o)
                0x000000000810b240                cmd_dd
 .text.ps_callback
                0x000000000810b600      0x330 /home/nuttx_qcomamr/nuttx/staging/libapps.a(nsh_proccmds.c.home.nuttx_qcomamr.nuttx-apps.nshlib.o)
 .text.cmd_exec
                0x000000000810b930       0x48 /home/nuttx_qcomamr/nuttx/staging/libapps.a(nsh_proccmds.c.home.nuttx_qcomamr.nuttx-apps.nshlib.o)
                0x000000000810b930                cmd_exec
 .text.cmd_ps   0x000000000810b978       0xb4 /home/nuttx_qcomamr/nuttx/staging/libapps.a(nsh_proccmds.c.home.nuttx_qcomamr.nuttx-apps.nshlib.o)
                0x000000000810b978                cmd_ps
 .text.cmd_kill
                0x000000000810ba2c       0xa8 /home/nuttx_qcomamr/nuttx/staging/libapps.a(nsh_proccmds.c.home.nuttx_qcomamr.nuttx-apps.nshlib.o)
                0x000000000810ba2c                cmd_kill
 .text.cmd_sleep
                0x000000000810bad4       0x3c /home/nuttx_qcomamr/nuttx/staging/libapps.a(nsh_proccmds.c.home.nuttx_qcomamr.nuttx-apps.nshlib.o)
                0x000000000810bad4                cmd_sleep
 .text.cmd_usleep
                0x000000000810bb10       0x3c /home/nuttx_qcomamr/nuttx/staging/libapps.a(nsh_proccmds.c.home.nuttx_qcomamr.nuttx-apps.nshlib.o)
                0x000000000810bb10                cmd_usleep
 .text.cmd_uptime
                0x000000000810bb4c      0x214 /home/nuttx_qcomamr/nuttx/staging/libapps.a(nsh_proccmds.c.home.nuttx_qcomamr.nuttx-apps.nshlib.o)
                0x000000000810bb4c                cmd_uptime
 .text.cmd_free
                0x000000000810bd60       0x10 /home/nuttx_qcomamr/nuttx/staging/libapps.a(nsh_mmcmds.c.home.nuttx_qcomamr.nuttx-apps.nshlib.o)
                0x000000000810bd60                cmd_free
 .text.cmd_time
                0x000000000810bd70       0xb4 /home/nuttx_qcomamr/nuttx/staging/libapps.a(nsh_timcmds.c.home.nuttx_qcomamr.nuttx-apps.nshlib.o)
                0x000000000810bd70                cmd_time
 .text.cmd_uname
                0x000000000810be24      0x160 /home/nuttx_qcomamr/nuttx/staging/libapps.a(nsh_syscmds.c.home.nuttx_qcomamr.nuttx-apps.nshlib.o)
                0x000000000810be24                cmd_uname
 .text.nsh_dumpbuffer
                0x000000000810bf84       0xc0 /home/nuttx_qcomamr/nuttx/staging/libapps.a(nsh_dbgcmds.c.home.nuttx_qcomamr.nuttx-apps.nshlib.o)
                0x000000000810bf84                nsh_dumpbuffer
 .text.cmd_xd   0x000000000810c044       0x58 /home/nuttx_qcomamr/nuttx/staging/libapps.a(nsh_dbgcmds.c.home.nuttx_qcomamr.nuttx-apps.nshlib.o)
                0x000000000810c044                cmd_xd
 .text.cmd_hexdump
                0x000000000810c09c      0x188 /home/nuttx_qcomamr/nuttx/staging/libapps.a(nsh_dbgcmds.c.home.nuttx_qcomamr.nuttx-apps.nshlib.o)
                0x000000000810c09c                cmd_hexdump
 .text.nsh_session
                0x000000000810c224      0x11c /home/nuttx_qcomamr/nuttx/staging/libapps.a(nsh_session.c.home.nuttx_qcomamr.nuttx-apps.nshlib.o)
                0x000000000810c224                nsh_session
 .text.nsh_builtin
                0x000000000810c340       0x50 /home/nuttx_qcomamr/nuttx/staging/libapps.a(nsh_builtin.c.home.nuttx_qcomamr.nuttx-apps.nshlib.o)
                0x000000000810c340                nsh_builtin
 .text.cmd_df   0x000000000810c390       0x34 /home/nuttx_qcomamr/nuttx/staging/libapps.a(nsh_mntcmds.c.home.nuttx_qcomamr.nuttx-apps.nshlib.o)
                0x000000000810c390                cmd_df
 .text.cmd_mount
                0x000000000810c3c4      0x16c /home/nuttx_qcomamr/nuttx/staging/libapps.a(nsh_mntcmds.c.home.nuttx_qcomamr.nuttx-apps.nshlib.o)
                0x000000000810c3c4                cmd_mount
 .text.cmd_umount
                0x000000000810c530       0x50 /home/nuttx_qcomamr/nuttx/staging/libapps.a(nsh_mntcmds.c.home.nuttx_qcomamr.nuttx-apps.nshlib.o)
                0x000000000810c530                cmd_umount
 .text.cmd_printf
                0x000000000810c580       0xdc /home/nuttx_qcomamr/nuttx/staging/libapps.a(nsh_printf.c.home.nuttx_qcomamr.nuttx-apps.nshlib.o)
                0x000000000810c580                cmd_printf
 .text.expression
                0x000000000810c65c      0x328 /home/nuttx_qcomamr/nuttx/staging/libapps.a(nsh_test.c.home.nuttx_qcomamr.nuttx-apps.nshlib.o)
 .text.cmd_test
                0x000000000810c984        0x8 /home/nuttx_qcomamr/nuttx/staging/libapps.a(nsh_test.c.home.nuttx_qcomamr.nuttx-apps.nshlib.o)
                0x000000000810c984                cmd_test
 .text.cmd_lbracket
                0x000000000810c98c       0x40 /home/nuttx_qcomamr/nuttx/staging/libapps.a(nsh_test.c.home.nuttx_qcomamr.nuttx-apps.nshlib.o)
                0x000000000810c98c                cmd_lbracket
 .text.exec_builtin
                0x000000000810c9cc       0xbc /home/nuttx_qcomamr/nuttx/staging/libapps.a(exec_builtin.c.home.nuttx_qcomamr.nuttx-apps.builtin.o)
                0x000000000810c9cc                exec_builtin
 .text.readline
                0x000000000810ca88        0x8 /home/nuttx_qcomamr/nuttx/staging/libapps.a(readline.c.home.nuttx_qcomamr.nuttx-apps.system.readline.o)
                0x000000000810ca88                readline
 .text.readline_write
                0x000000000810ca90        0x6 /home/nuttx_qcomamr/nuttx/staging/libapps.a(readline_fd.c.home.nuttx_qcomamr.nuttx-apps.system.readline.o)
 .text.readline_putc
                0x000000000810ca96       0x26 /home/nuttx_qcomamr/nuttx/staging/libapps.a(readline_fd.c.home.nuttx_qcomamr.nuttx-apps.system.readline.o)
 .text.readline_getc
                0x000000000810cabc       0x30 /home/nuttx_qcomamr/nuttx/staging/libapps.a(readline_fd.c.home.nuttx_qcomamr.nuttx-apps.system.readline.o)
 .text.readline_fd
                0x000000000810caec       0x30 /home/nuttx_qcomamr/nuttx/staging/libapps.a(readline_fd.c.home.nuttx_qcomamr.nuttx-apps.system.readline.o)
                0x000000000810caec                readline_fd
 .text.readline_common
                0x000000000810cb1c       0xd4 /home/nuttx_qcomamr/nuttx/staging/libapps.a(readline_common.c.home.nuttx_qcomamr.nuttx-apps.system.readline.o)
                0x000000000810cb1c                readline_common
 .text.fs_initialize
                0x000000000810cbf0        0x4 /home/nuttx_qcomamr/nuttx/staging/libfs.a(fs_initialize.o)
                0x000000000810cbf0                fs_initialize
 .text.nxmutex_lock
                0x000000000810cbf4       0x20 /home/nuttx_qcomamr/nuttx/staging/libfs.a(fs_files.o)
 .text.files_extend
                0x000000000810cc14       0x5e /home/nuttx_qcomamr/nuttx/staging/libfs.a(fs_files.o)
 .text.nxmutex_unlock
                0x000000000810cc72       0x14 /home/nuttx_qcomamr/nuttx/staging/libfs.a(fs_files.o)
 .text.files_initlist
                0x000000000810cc86       0x24 /home/nuttx_qcomamr/nuttx/staging/libfs.a(fs_files.o)
                0x000000000810cc86                files_initlist
 .text.files_releaselist
                0x000000000810ccaa       0x44 /home/nuttx_qcomamr/nuttx/staging/libfs.a(fs_files.o)
                0x000000000810ccaa                files_releaselist
 .text.file_allocate
                0x000000000810ccee      0x126 /home/nuttx_qcomamr/nuttx/staging/libfs.a(fs_files.o)
                0x000000000810ccee                file_allocate
 .text.files_duplist
                0x000000000810ce14       0x7a /home/nuttx_qcomamr/nuttx/staging/libfs.a(fs_files.o)
                0x000000000810ce14                files_duplist
 .text.fs_getfilep
                0x000000000810ce8e       0x5c /home/nuttx_qcomamr/nuttx/staging/libfs.a(fs_files.o)
                0x000000000810ce8e                fs_getfilep
 .text.nx_dup2  0x000000000810ceea       0xba /home/nuttx_qcomamr/nuttx/staging/libfs.a(fs_files.o)
                0x000000000810ceea                nx_dup2
 .text.nx_close
                0x000000000810cfa4       0x72 /home/nuttx_qcomamr/nuttx/staging/libfs.a(fs_files.o)
                0x000000000810cfa4                nx_close
 .text.close    0x000000000810d016       0x1a /home/nuttx_qcomamr/nuttx/staging/libfs.a(fs_files.o)
                0x000000000810d016                close
 .text.inode_initialize
                0x000000000810d030        0x4 /home/nuttx_qcomamr/nuttx/staging/libfs.a(fs_inode.o)
                0x000000000810d030                inode_initialize
 .text.inode_lock
                0x000000000810d034       0x48 /home/nuttx_qcomamr/nuttx/staging/libfs.a(fs_inode.o)
                0x000000000810d034                inode_lock
 .text.inode_unlock
                0x000000000810d07c       0x30 /home/nuttx_qcomamr/nuttx/staging/libfs.a(fs_inode.o)
                0x000000000810d07c                inode_unlock
 .text.inode_addref
                0x000000000810d0ac       0x20 /home/nuttx_qcomamr/nuttx/staging/libfs.a(fs_inodeaddref.o)
                0x000000000810d0ac                inode_addref
 .text.inode_alloc.isra.0
                0x000000000810d0cc       0x4c /home/nuttx_qcomamr/nuttx/staging/libfs.a(fs_inodereserve.o)
 .text.inode_root_reserve
                0x000000000810d118       0x18 /home/nuttx_qcomamr/nuttx/staging/libfs.a(fs_inodereserve.o)
                0x000000000810d118                inode_root_reserve
 .text.inode_reserve
                0x000000000810d130       0xa4 /home/nuttx_qcomamr/nuttx/staging/libfs.a(fs_inodereserve.o)
                0x000000000810d130                inode_reserve
 .text.inode_nextname
                0x000000000810d1d4       0x1c /home/nuttx_qcomamr/nuttx/staging/libfs.a(fs_inodesearch.o)