Archive member included to satisfy reference by file (symbol)

/home/nuttx/nuttx/staging/libarch.a(stm32_start.o)
                              (__start)
/home/nuttx/nuttx/staging/libarch.a(stm32_rcc.o)
                              /home/nuttx/nuttx/staging/libarch.a(stm32_start.o) (stm32_clockconfig)
/home/nuttx/nuttx/staging/libarch.a(stm32_gpio.o)
                              /home/nuttx/nuttx/staging/libarch.a(stm32_start.o) (stm32_gpioinit)
/home/nuttx/nuttx/staging/libarch.a(stm32_lowputc.o)
                              /home/nuttx/nuttx/staging/libarch.a(stm32_start.o) (arm_lowputc)
/home/nuttx/nuttx/staging/libarch.a(stm32_serial.o)
                              /home/nuttx/nuttx/staging/libarch.a(stm32_start.o) (arm_earlyserialinit)
/home/nuttx/nuttx/staging/libarch.a(arm_modifyreg32.o)
                              /home/nuttx/nuttx/staging/libarch.a(stm32_lowputc.o) (modifyreg32)
/home/nuttx/nuttx/staging/libarch.a(arm_vectors.o)
                              (_vectors)
/home/nuttx/nuttx/staging/libarch.a(arm_exception.o)
                              /home/nuttx/nuttx/staging/libarch.a(arm_vectors.o) (exception_common)
/home/nuttx/nuttx/staging/libarch.a(stm32_irq.o)
                              /home/nuttx/nuttx/staging/libarch.a(stm32_serial.o) (up_disable_irq)
/home/nuttx/nuttx/staging/libarch.a(arm_busfault.o)
                              /home/nuttx/nuttx/staging/libarch.a(stm32_irq.o) (arm_busfault)
/home/nuttx/nuttx/staging/libarch.a(arm_doirq.o)
                              /home/nuttx/nuttx/staging/libarch.a(arm_exception.o) (arm_doirq)
/home/nuttx/nuttx/staging/libarch.a(arm_hardfault.o)
                              /home/nuttx/nuttx/staging/libarch.a(stm32_irq.o) (arm_hardfault)
/home/nuttx/nuttx/staging/libarch.a(arm_memfault.o)
                              /home/nuttx/nuttx/staging/libarch.a(stm32_irq.o) (arm_memfault)
/home/nuttx/nuttx/staging/libarch.a(arm_svcall.o)
                              /home/nuttx/nuttx/staging/libarch.a(stm32_irq.o) (arm_svcall)
/home/nuttx/nuttx/staging/libarch.a(arm_usagefault.o)
                              /home/nuttx/nuttx/staging/libarch.a(stm32_irq.o) (arm_usagefault)
/home/nuttx/nuttx/staging/libarch.a(arm_initialize.o)
                              /home/nuttx/nuttx/staging/libarch.a(arm_doirq.o) (g_current_regs)
/home/nuttx/nuttx/staging/libarch.a(stm32_allocateheap.o)
                              /home/nuttx/nuttx/staging/libarch.a(arm_initialize.o) (arm_addregion)
/home/nuttx/nuttx/arch/arm/src/board/libboard.a(stm32_boot.o)
                              /home/nuttx/nuttx/staging/libarch.a(stm32_start.o) (stm32_boardinitialize)
/home/nuttx/nuttx/arch/arm/src/board/libboard.a(stm32_bringup.o)
                              /home/nuttx/nuttx/arch/arm/src/board/libboard.a(stm32_boot.o) (stm32_bringup)
/home/nuttx/nuttx/arch/arm/src/board/libboard.a(stm32_gpio.o)
                              /home/nuttx/nuttx/arch/arm/src/board/libboard.a(stm32_bringup.o) (stm32_gpio_initialize)
/home/nuttx/nuttx/arch/arm/src/board/libboard.a(stm32_can.o)
                              /home/nuttx/nuttx/arch/arm/src/board/libboard.a(stm32_bringup.o) (stm32_can_setup)
/home/nuttx/nuttx/arch/arm/src/board/libboard.a(stm32_adc.o)
                              /home/nuttx/nuttx/arch/arm/src/board/libboard.a(stm32_bringup.o) (stm32_adc_setup)
/home/nuttx/nuttx/arch/arm/src/board/libboard.a(stm32_icm42688.o)
                              /home/nuttx/nuttx/arch/arm/src/board/libboard.a(stm32_bringup.o) (stm32_icm42688_initialize)
/home/nuttx/nuttx/arch/arm/src/board/libboard.a(stm32_pwm.o)
                              /home/nuttx/nuttx/arch/arm/src/board/libboard.a(stm32_bringup.o) (stm32_pwm_setup)
/home/nuttx/nuttx/staging/libsched.a(nx_start.o)
                              /home/nuttx/nuttx/staging/libarch.a(stm32_start.o) (nx_start)
/home/nuttx/nuttx/staging/libsched.a(nx_bringup.o)
                              /home/nuttx/nuttx/staging/libsched.a(nx_start.o) (nx_bringup)
/home/nuttx/nuttx/staging/libsched.a(irq_initialize.o)
                              /home/nuttx/nuttx/staging/libsched.a(nx_start.o) (irq_initialize)
/home/nuttx/nuttx/staging/libsched.a(irq_attach.o)
                              /home/nuttx/nuttx/staging/libarch.a(stm32_serial.o) (irq_attach)
/home/nuttx/nuttx/staging/libsched.a(irq_dispatch.o)
                              /home/nuttx/nuttx/staging/libarch.a(arm_doirq.o) (irq_dispatch)
/home/nuttx/nuttx/staging/libsched.a(irq_unexpectedisr.o)
                              /home/nuttx/nuttx/staging/libsched.a(irq_initialize.o) (irq_unexpected_isr)
/home/nuttx/nuttx/staging/libsched.a(assert.o)
                              /home/nuttx/nuttx/staging/libarch.a(stm32_irq.o) (_assert)
/home/nuttx/nuttx/staging/libsched.a(panic.o)
                              /home/nuttx/nuttx/staging/libsched.a(assert.o) (panic_notifier_call_chain)
/home/nuttx/nuttx/staging/libsched.a(mq_initialize.o)
[...]
Memory Configuration

Name             Origin             Length             Attributes
flash            0x0000000008100000 0x0000000000100000 xr
sram             0x0000000020000000 0x000000000001c000 xrw
*default*        0x0000000000000000 0xffffffffffffffff

Linker script and memory map


.text           0x0000000008100000    0x1a468
                0x0000000008100000                _stext = ABSOLUTE (.)
 *(.vectors)
 .vectors       0x0000000008100000      0x19c /home/nuttx/nuttx/staging/libarch.a(arm_vectors.o)
                0x0000000008100000                _vectors
 *(.text .text.*)
 .text.__start  0x000000000810019c       0x7c /home/nuttx/nuttx/staging/libarch.a(stm32_start.o)
                0x000000000810019c                __start
 .text.stm32_clockconfig
                0x0000000008100218      0x120 /home/nuttx/nuttx/staging/libarch.a(stm32_rcc.o)
                0x0000000008100218                stm32_clockconfig
 .text.stm32_gpioinit
                0x0000000008100338        0x2 /home/nuttx/nuttx/staging/libarch.a(stm32_gpio.o)
                0x0000000008100338                stm32_gpioinit
 *fill*         0x000000000810033a        0x2 
 .text.stm32_gpiowrite
                0x000000000810033c       0x28 /home/nuttx/nuttx/staging/libarch.a(stm32_gpio.o)
                0x000000000810033c                stm32_gpiowrite
 .text.stm32_configgpio
                0x0000000008100364      0x1a4 /home/nuttx/nuttx/staging/libarch.a(stm32_gpio.o)
                0x0000000008100364                stm32_configgpio
 .text.stm32_unconfiggpio
                0x0000000008100508        0x6 /home/nuttx/nuttx/staging/libarch.a(stm32_gpio.o)
                0x0000000008100508                stm32_unconfiggpio
 *fill*         0x000000000810050e        0x2 
 .text.stm32_gpioread
                0x0000000008100510       0x2c /home/nuttx/nuttx/staging/libarch.a(stm32_gpio.o)
                0x0000000008100510                stm32_gpioread
 .text.arm_lowputc
                0x000000000810053c       0x18 /home/nuttx/nuttx/staging/libarch.a(stm32_lowputc.o)
                0x000000000810053c                arm_lowputc
 .text.stm32_lowsetup
                0x0000000008100554       0x74 /home/nuttx/nuttx/staging/libarch.a(stm32_lowputc.o)
                0x0000000008100554                stm32_lowsetup
 .text.up_setusartint
                0x00000000081005c8       0x2c /home/nuttx/nuttx/staging/libarch.a(stm32_serial.o)
 .text.up_restoreusartint
                0x00000000081005f4       0x16 /home/nuttx/nuttx/staging/libarch.a(stm32_serial.o)
 .text.up_disableusartint
                0x000000000810060a       0x2e /home/nuttx/nuttx/staging/libarch.a(stm32_serial.o)
 .text.up_ioctl
                0x0000000008100638        0x6 /home/nuttx/nuttx/staging/libarch.a(stm32_serial.o)
 .text.up_receive
                0x000000000810063e       0x1c /home/nuttx/nuttx/staging/libarch.a(stm32_serial.o)
 .text.up_rxint
                0x000000000810065a       0x2c /home/nuttx/nuttx/staging/libarch.a(stm32_serial.o)
 .text.up_rxavailable
                0x0000000008100686        0xe /home/nuttx/nuttx/staging/libarch.a(stm32_serial.o)
 .text.up_txint
                0x0000000008100694       0x3c /home/nuttx/nuttx/staging/libarch.a(stm32_serial.o)
 .text.up_txready
                0x00000000081006d0        0xe /home/nuttx/nuttx/staging/libarch.a(stm32_serial.o)
 .text.up_send  0x00000000081006de       0x1c /home/nuttx/nuttx/staging/libarch.a(stm32_serial.o)
 .text.up_detach
                0x00000000081006fa       0x1c /home/nuttx/nuttx/staging/libarch.a(stm32_serial.o)
 *fill*         0x0000000008100716        0x2 
 .text.up_attach
                0x0000000008100718       0x24 /home/nuttx/nuttx/staging/libarch.a(stm32_serial.o)
 .text.up_interrupt
                0x000000000810073c       0x92 /home/nuttx/nuttx/staging/libarch.a(stm32_serial.o)
 *fill*         0x00000000081007ce        0x2 
 .text.up_set_apb_clock
                0x00000000081007d0       0x70 /home/nuttx/nuttx/staging/libarch.a(stm32_serial.o)
 .text.up_shutdown
                0x0000000008100840       0x4c /home/nuttx/nuttx/staging/libarch.a(stm32_serial.o)
 .text.up_setup
                0x000000000810088c      0x11c /home/nuttx/nuttx/staging/libarch.a(stm32_serial.o)
 .text.arm_earlyserialinit
                0x00000000081009a8       0x2c /home/nuttx/nuttx/staging/libarch.a(stm32_serial.o)
                0x00000000081009a8                arm_earlyserialinit
 .text.arm_serialinit
                0x00000000081009d4       0x68 /home/nuttx/nuttx/staging/libarch.a(stm32_serial.o)
                0x00000000081009d4                arm_serialinit
 .text.up_putc  0x0000000008100a3c       0x34 /home/nuttx/nuttx/staging/libarch.a(stm32_serial.o)
                0x0000000008100a3c                up_putc
 .text.modifyreg32
                0x0000000008100a70       0x1c /home/nuttx/nuttx/staging/libarch.a(arm_modifyreg32.o)
                0x0000000008100a70                modifyreg32
 .text          0x0000000008100a8c       0x46 /home/nuttx/nuttx/staging/libarch.a(arm_exception.o)
                0x0000000008100a8c                exception_common
 *fill*         0x0000000008100ad2        0x2 
 .text.stm32_reserved
                0x0000000008100ad4       0x14 /home/nuttx/nuttx/staging/libarch.a(stm32_irq.o)
 .text.stm32_dbgmonitor
                0x0000000008100ae8       0x14 /home/nuttx/nuttx/staging/libarch.a(stm32_irq.o)
 .text.stm32_pendsv
                0x0000000008100afc       0x14 /home/nuttx/nuttx/staging/libarch.a(stm32_irq.o)
 .text.stm32_nmi
                0x0000000008100b10       0x14 /home/nuttx/nuttx/staging/libarch.a(stm32_irq.o)
 .text.stm32_irqinfo
                0x0000000008100b24       0x68 /home/nuttx/nuttx/staging/libarch.a(stm32_irq.o)
 .text.up_irqinitialize
                0x0000000008100b8c       0xcc /home/nuttx/nuttx/staging/libarch.a(stm32_irq.o)
                0x0000000008100b8c                up_irqinitialize
 .text.up_disable_irq
                0x0000000008100c58       0x24 /home/nuttx/nuttx/staging/libarch.a(stm32_irq.o)
                0x0000000008100c58                up_disable_irq
 .text.up_enable_irq
                0x0000000008100c7c       0x24 /home/nuttx/nuttx/staging/libarch.a(stm32_irq.o)
                0x0000000008100c7c                up_enable_irq
 .text.arm_ack_irq
                0x0000000008100ca0        0x2 /home/nuttx/nuttx/staging/libarch.a(stm32_irq.o)
                0x0000000008100ca0                arm_ack_irq
 *fill*         0x0000000008100ca2        0x2 
 .text.arm_busfault
                0x0000000008100ca4       0x1c /home/nuttx/nuttx/staging/libarch.a(arm_busfault.o)
                0x0000000008100ca4                arm_busfault
 .text.arm_doirq
                0x0000000008100cc0       0x34 /home/nuttx/nuttx/staging/libarch.a(arm_doirq.o)
                0x0000000008100cc0                arm_doirq
 .text.arm_hardfault
                0x0000000008100cf4       0x50 /home/nuttx/nuttx/staging/libarch.a(arm_hardfault.o)
                0x0000000008100cf4                arm_hardfault
 .text.arm_memfault
                0x0000000008100d44       0x1c /home/nuttx/nuttx/staging/libarch.a(arm_memfault.o)
                0x0000000008100d44                arm_memfault
 .text.arm_svcall
                0x0000000008100d60       0x30 /home/nuttx/nuttx/staging/libarch.a(arm_svcall.o)
                0x0000000008100d60                arm_svcall
 .text.arm_usagefault
                0x0000000008100d90       0x1c /home/nuttx/nuttx/staging/libarch.a(arm_usagefault.o)
                0x0000000008100d90                arm_usagefault
 .text.up_initialize
                0x0000000008100dac        0xe /home/nuttx/nuttx/staging/libarch.a(arm_initialize.o)
                0x0000000008100dac                up_initialize
 *fill*         0x0000000008100dba        0x2 
 .text.up_allocate_heap
                0x0000000008100dbc       0x18 /home/nuttx/nuttx/staging/libarch.a(stm32_allocateheap.o)
                0x0000000008100dbc                up_allocate_heap
 .text.arm_addregion
                0x0000000008100dd4        0x2 /home/nuttx/nuttx/staging/libarch.a(stm32_allocateheap.o)
                0x0000000008100dd4                arm_addregion
 .text.stm32_boardinitialize
                0x0000000008100dd6        0x2 /home/nuttx/nuttx/arch/arm/src/board/libboard.a(stm32_boot.o)
                0x0000000008100dd6                stm32_boardinitialize
 .text.board_late_initialize
                0x0000000008100dd8        0x4 /home/nuttx/nuttx/arch/arm/src/board/libboard.a(stm32_boot.o)
                0x0000000008100dd8                board_late_initialize
 .text.stm32_bringup
                0x0000000008100ddc       0xcc /home/nuttx/nuttx/arch/arm/src/board/libboard.a(stm32_bringup.o)
                0x0000000008100ddc                stm32_bringup
 .text.gpout_write
                0x0000000008100ea8       0x18 /home/nuttx/nuttx/arch/arm/src/board/libboard.a(stm32_gpio.o)
 .text.gpout_read
                0x0000000008100ec0       0x1c /home/nuttx/nuttx/arch/arm/src/board/libboard.a(stm32_gpio.o)
 .text.stm32_gpio_initialize
                0x0000000008100edc       0x54 /home/nuttx/nuttx/arch/arm/src/board/libboard.a(stm32_gpio.o)
                0x0000000008100edc                stm32_gpio_initialize
 .text.stm32_can_setup
                0x0000000008100f30       0x3c /home/nuttx/nuttx/arch/arm/src/board/libboard.a(stm32_can.o)
                0x0000000008100f30                stm32_can_setup
 .text.stm32_adc_setup
                0x0000000008100f6c       0x60 /home/nuttx/nuttx/arch/arm/src/board/libboard.a(stm32_adc.o)
                0x0000000008100f6c                stm32_adc_setup
 .text.stm32_icm42688_initialize
                0x0000000008100fcc       0x38 /home/nuttx/nuttx/arch/arm/src/board/libboard.a(stm32_icm42688.o)
                0x0000000008100fcc                stm32_icm42688_initialize
 .text.stm32_pwm_setup
                0x0000000008101004       0xb4 /home/nuttx/nuttx/arch/arm/src/board/libboard.a(stm32_pwm.o)
                0x0000000008101004                stm32_pwm_setup
 .text.nx_start
                0x00000000081010b8      0x140 /home/nuttx/nuttx/staging/libsched.a(nx_start.o)
                0x00000000081010b8                nx_start
 .text.nx_start_task
                0x00000000081011f8       0x34 /home/nuttx/nuttx/staging/libsched.a(nx_bringup.o)
 .text.nx_bringup
                0x000000000810122c       0x44 /home/nuttx/nuttx/staging/libsched.a(nx_bringup.o)
                0x000000000810122c                nx_bringup
 .text.irq_initialize
                0x0000000008101270       0x1c /home/nuttx/nuttx/staging/libsched.a(irq_initialize.o)
                0x0000000008101270                irq_initialize
 .text.irq_attach
                0x000000000810128c       0x40 /home/nuttx/nuttx/staging/libsched.a(irq_attach.o)
                0x000000000810128c                irq_attach
 .text.irq_dispatch
                0x00000000081012cc       0x3c /home/nuttx/nuttx/staging/libsched.a(irq_dispatch.o)
                0x00000000081012cc                irq_dispatch
 .text.irq_unexpected_isr
                0x0000000008101308       0x14 /home/nuttx/nuttx/staging/libsched.a(irq_unexpectedisr.o)
                0x0000000008101308                irq_unexpected_isr
 .text._assert  0x000000000810131c       0x88 /home/nuttx/nuttx/staging/libsched.a(assert.o)
                0x000000000810131c                _assert
 .text.panic_notifier_call_chain
                0x00000000081013a4       0x30 /home/nuttx/nuttx/staging/libsched.a(panic.o)
                0x00000000081013a4                panic_notifier_call_chain
 .text.mq_msgblockalloc.constprop.0
                0x00000000081013d4       0x28 /home/nuttx/nuttx/staging/libsched.a(mq_initialize.o)
 .text.nxmq_initialize
                0x00000000081013fc       0x20 /home/nuttx/nuttx/staging/libsched.a(mq_initialize.o)
                0x00000000081013fc                nxmq_initialize
 .text.nxmsg_initialize
                0x000000000810141c       0x34 /home/nuttx/nuttx/staging/libsched.a(msginternal.o)
                0x000000000810141c                nxmsg_initialize
 .text.sched_lock
                0x0000000008101450       0x20 /home/nuttx/nuttx/staging/libsched.a(sched_lock.o)
                0x0000000008101450                sched_lock
 .text.sched_unlock
                0x0000000008101470       0x50 /home/nuttx/nuttx/staging/libsched.a(sched_unlock.o)
                0x0000000008101470                sched_unlock
 .text.nxsig_alloc_block
                0x00000000081014c0       0x36 /home/nuttx/nuttx/staging/libsched.a(sig_initialize.o)
 .text.nxsig_alloc_pendingsignalblock
                0x00000000081014f6       0x32 /home/nuttx/nuttx/staging/libsched.a(sig_initialize.o)
 .text.nxsig_initialize
                0x0000000008101528       0x60 /home/nuttx/nuttx/staging/libsched.a(sig_initialize.o)
                0x0000000008101528                nxsig_initialize
 .text.nxthread_create
                0x0000000008101588       0x56 /home/nuttx/nuttx/staging/libsched.a(task_create.o)
                0x0000000008101588                nxthread_create
 .text.nxtask_create
                0x00000000081015de       0x30 /home/nuttx/nuttx/staging/libsched.a(task_create.o)
                0x00000000081015de                nxtask_create
 *fill*         0x000000000810160e        0x2 
 .text.nxtask_init
                0x0000000008101610       0xac /home/nuttx/nuttx/staging/libsched.a(task_init.o)
                0x0000000008101610                nxtask_init
 .text.nxtask_assign_pid
                0x00000000081016bc       0xbc /home/nuttx/nuttx/staging/libsched.a(task_setup.o)
 .text.nxthread_setup_scheduler.part.0
                0x0000000008101778       0x60 /home/nuttx/nuttx/staging/libsched.a(task_setup.o)
 .text.nxtask_setup_scheduler
                0x00000000081017d8       0x2e /home/nuttx/nuttx/staging/libsched.a(task_setup.o)
                0x00000000081017d8                nxtask_setup_scheduler
 .text.pthread_setup_scheduler
                0x0000000008101806       0x2c /home/nuttx/nuttx/staging/libsched.a(task_setup.o)
                0x0000000008101806                pthread_setup_scheduler
 *fill*         0x0000000008101832        0x2 
 .text.nxtask_setup_arguments
                0x0000000008101834       0xd4 /home/nuttx/nuttx/staging/libsched.a(task_setup.o)
                0x0000000008101834                nxtask_setup_arguments
 .text.nxtask_activate
                0x0000000008101908       0x30 /home/nuttx/nuttx/staging/libsched.a(task_activate.o)
                0x0000000008101908                nxtask_activate
 .text.nxtask_start
                0x0000000008101938       0x44 /home/nuttx/nuttx/staging/libsched.a(task_start.o)
                0x0000000008101938                nxtask_start
 .text.timer_initialize
                0x000000000810197c       0x44 /home/nuttx/nuttx/staging/libsched.a(timer_initialize.o)
                0x000000000810197c                timer_initialize
 .text.timer_deleteall
                0x00000000081019c0       0x30 /home/nuttx/nuttx/staging/libsched.a(timer_initialize.o)
                0x00000000081019c0                timer_deleteall
 .text.timer_gethandle
                0x00000000081019f0       0x24 /home/nuttx/nuttx/staging/libsched.a(timer_initialize.o)
                0x00000000081019f0                timer_gethandle
 .text.timer_delete
                0x0000000008101a14       0x20 /home/nuttx/nuttx/staging/libsched.a(timer_delete.o)
                0x0000000008101a14                timer_delete
 .text.timer_release
                0x0000000008101a34       0x98 /home/nuttx/nuttx/staging/libsched.a(timer_release.o)
                0x0000000008101a34                timer_release
 .text.tls_init_info
                0x0000000008101acc       0x1c /home/nuttx/nuttx/staging/libsched.a(tls_initinfo.o)
                0x0000000008101acc                tls_init_info
 .text.wd_cancel
                0x0000000008101ae8       0x5c /home/nuttx/nuttx/staging/libsched.a(wd_cancel.o)
                0x0000000008101ae8                wd_cancel
 .text.clock_initialize
                0x0000000008101b44        0x4 /home/nuttx/nuttx/staging/libsched.a(clock_initialize.o)
                0x0000000008101b44                clock_initialize
 .text.clock_timer
                0x0000000008101b48       0x10 /home/nuttx/nuttx/staging/libsched.a(clock_initialize.o)
                0x0000000008101b48                clock_timer
 .text.get_environ_ptr
                0x0000000008101b58       0x10 /home/nuttx/nuttx/staging/libsched.a(env_getenvironptr.o)
                0x0000000008101b58                get_environ_ptr
 .text.env_dup  0x0000000008101b68       0x8c /home/nuttx/nuttx/staging/libsched.a(env_dup.o)
                0x0000000008101b68                env_dup
 .text.setenv   0x0000000008101bf4       0xd8 /home/nuttx/nuttx/staging/libsched.a(env_setenv.o)
                0x0000000008101bf4                setenv
 .text.unsetenv
                0x0000000008101ccc       0x4c /home/nuttx/nuttx/staging/libsched.a(env_unsetenv.o)
                0x0000000008101ccc                unsetenv
 .text.group_allocate
                0x0000000008101d18       0x76 /home/nuttx/nuttx/staging/libsched.a(group_create.o)
                0x0000000008101d18                group_allocate
 *fill*         0x0000000008101d8e        0x2 
 .text.group_initialize
                0x0000000008101d90       0x2c /home/nuttx/nuttx/staging/libsched.a(group_create.o)
                0x0000000008101d90                group_initialize
 .text.group_leave
                0x0000000008101dbc       0xb8 /home/nuttx/nuttx/staging/libsched.a(group_leave.o)
                0x0000000008101dbc                group_leave
 .text.group_setupidlefiles
                0x0000000008101e74       0x38 /home/nuttx/nuttx/staging/libsched.a(group_setupidlefiles.o)
                0x0000000008101e74                group_setupidlefiles
 .text.group_setuptaskfiles
                0x0000000008101eac       0x28 /home/nuttx/nuttx/staging/libsched.a(group_setuptaskfiles.o)
                0x0000000008101eac                group_setuptaskfiles
 .text.pthread_release
                0x0000000008101ed4       0x3a /home/nuttx/nuttx/staging/libsched.a(pthread_release.o)
                0x0000000008101ed4                pthread_release
 *fill*         0x0000000008101f0e        0x2 
 .text.nxsched_add_readytorun
                0x0000000008101f10       0x48 /home/nuttx/nuttx/staging/libsched.a(sched_addreadytorun.o)
                0x0000000008101f10                nxsched_add_readytorun
 .text.nxsched_add_prioritized
                0x0000000008101f58       0x48 /home/nuttx/nuttx/staging/libsched.a(sched_addprioritized.o)
                0x0000000008101f58                nxsched_add_prioritized
 .text.nxsched_remove_blocked
                0x0000000008101fa0       0x54 /home/nuttx/nuttx/staging/libsched.a(sched_removeblocked.o)
                0x0000000008101fa0                nxsched_remove_blocked
 .text.nxsched_release_tcb
                0x0000000008101ff4       0x58 /home/nuttx/nuttx/staging/libsched.a(sched_releasetcb.o)
                0x0000000008101ff4                nxsched_release_tcb
 .text.nxsem_destroy
                0x000000000810204c        0xe /home/nuttx/nuttx/staging/libsched.a(sem_destroy.o)
                0x000000000810204c                nxsem_destroy
 .text.sem_destroy
                0x000000000810205a       0x20 /home/nuttx/nuttx/staging/libsched.a(sem_destroy.o)
                0x000000000810205a                sem_destroy
 *fill*         0x000000000810207a        0x2 
 .text.nxsig_procmask
                0x000000000810207c       0x60 /home/nuttx/nuttx/staging/libsched.a(sig_procmask.o)
                0x000000000810207c                nxsig_procmask
 .text.nxsig_unmask_pendingsignal
                0x00000000081020dc       0x64 /home/nuttx/nuttx/staging/libsched.a(sig_unmaskpendingsignal.o)
                0x00000000081020dc                nxsig_unmask_pendingsignal
 .text.nxsig_remove_pendingsignal
                0x0000000008102140       0x3a /home/nuttx/nuttx/staging/libsched.a(sig_removependingsignal.o)
                0x0000000008102140                nxsig_remove_pendingsignal
 *fill*         0x000000000810217a        0x2 
 .text.nxsig_release_pendingsignal
                0x000000000810217c       0x4c /home/nuttx/nuttx/staging/libsched.a(sig_releasependingsignal.o)
                0x000000000810217c                nxsig_release_pendingsignal
 .text.nxsig_lowest
                0x00000000081021c8       0x1e /home/nuttx/nuttx/staging/libsched.a(sig_lowest.o)
                0x00000000081021c8                nxsig_lowest
 .text.nxsig_cleanup
                0x00000000081021e6       0x32 /home/nuttx/nuttx/staging/libsched.a(sig_cleanup.o)
                0x00000000081021e6                nxsig_cleanup
 .text.nxsig_release
                0x0000000008102218       0x28 /home/nuttx/nuttx/staging/libsched.a(sig_cleanup.o)
                0x0000000008102218                nxsig_release
 .text.nxsig_tcbdispatch
                0x0000000008102240      0x24c /home/nuttx/nuttx/staging/libsched.a(sig_dispatch.o)
                0x0000000008102240                nxsig_tcbdispatch
 .text.nxsig_dispatch
                0x000000000810248c       0x28 /home/nuttx/nuttx/staging/libsched.a(sig_dispatch.o)
                0x000000000810248c                nxsig_dispatch
 .text.nxsig_deliver
                0x00000000081024b4       0xea /home/nuttx/nuttx/staging/libsched.a(sig_deliver.o)
                0x00000000081024b4                nxsig_deliver
 .text.task_init_info
                0x000000000810259e       0x34 /home/nuttx/nuttx/staging/libsched.a(task_initinfo.o)
                0x000000000810259e                task_init_info
 .text.task_uninit_info
                0x00000000081025d2       0x1c /home/nuttx/nuttx/staging/libsched.a(task_uninitinfo.o)
                0x00000000081025d2                task_uninit_info
 .text.env_release
                0x00000000081025ee       0x28 /home/nuttx/nuttx/staging/libsched.a(env_release.o)
                0x00000000081025ee                env_release
 .text.env_findvar
                0x0000000008102616       0x2e /home/nuttx/nuttx/staging/libsched.a(env_findvar.o)
                0x0000000008102616                env_findvar
 .text.env_removevar
                0x0000000008102644       0x46 /home/nuttx/nuttx/staging/libsched.a(env_removevar.o)
                0x0000000008102644                env_removevar
 *fill*         0x000000000810268a        0x2 
 .text.group_findbypid
                0x000000000810268c       0x28 /home/nuttx/nuttx/staging/libsched.a(group_find.o)
                0x000000000810268c                group_findbypid
 .text.group_setupstreams
                0x00000000081026b4       0x2c /home/nuttx/nuttx/staging/libsched.a(group_setupstreams.o)
                0x00000000081026b4                group_setupstreams
 .text.group_signal_handler
                0x00000000081026e0       0x92 /home/nuttx/nuttx/staging/libsched.a(group_signal.o)
 *fill*         0x0000000008102772        0x2 
 .text.group_signal
                0x0000000008102774       0x54 /home/nuttx/nuttx/staging/libsched.a(group_signal.o)
                0x0000000008102774                group_signal
 .text.nxmq_wait_irq
                0x00000000081027c8       0x6c /home/nuttx/nuttx/staging/libsched.a(mq_waitirq.o)
                0x00000000081027c8                nxmq_wait_irq
 .text.nxsched_get_tcb
                0x0000000008102834       0x40 /home/nuttx/nuttx/staging/libsched.a(sched_gettcb.o)
                0x0000000008102834                nxsched_get_tcb
 .text.nxsem_wait_irq
                0x0000000008102874       0x4c /home/nuttx/nuttx/staging/libsched.a(sem_waitirq.o)
                0x0000000008102874                nxsem_wait_irq
 .text.nxsig_release_action
                0x00000000081028c0       0x28 /home/nuttx/nuttx/staging/libsched.a(sig_action.o)
                0x00000000081028c0                nxsig_release_action
 .text.nxsig_action
                0x00000000081028e8      0x12c /home/nuttx/nuttx/staging/libsched.a(sig_action.o)
                0x00000000081028e8                nxsig_action
 .text.sigaction
                0x0000000008102a14       0x1e /home/nuttx/nuttx/staging/libsched.a(sig_action.o)
                0x0000000008102a14                sigaction
 .text.nxsig_pendingset
                0x0000000008102a32       0x2c /home/nuttx/nuttx/staging/libsched.a(sig_pending.o)
                0x0000000008102a32                nxsig_pendingset
 .text.nxsig_find_action
                0x0000000008102a5e       0x22 /home/nuttx/nuttx/staging/libsched.a(sig_findaction.o)
                0x0000000008102a5e                nxsig_find_action
 .text.nxsig_alloc_pendingsigaction
                0x0000000008102a80       0x4c /home/nuttx/nuttx/staging/libsched.a(sig_allocpendingsigaction.o)
                0x0000000008102a80                nxsig_alloc_pendingsigaction
 .text.nxsig_release_pendingsigaction
                0x0000000008102acc       0x4c /home/nuttx/nuttx/staging/libsched.a(sig_releasependingsigaction.o)
                0x0000000008102acc                nxsig_release_pendingsigaction
 .text.group_foreachchild
                0x0000000008102b18       0x22 /home/nuttx/nuttx/staging/libsched.a(group_foreachchild.o)
                0x0000000008102b18                group_foreachchild
 .text.drivers_initialize
                0x0000000008102b3a       0x12 /home/nuttx/nuttx/staging/libdrivers.a(drivers_initialize.o)
                0x0000000008102b3a                drivers_initialize
 .text.adc_reset
                0x0000000008102b4c        0xa /home/nuttx/nuttx/staging/libdrivers.a(adc.o)
 .text.adc_ioctl
                0x0000000008102b56       0x60 /home/nuttx/nuttx/staging/libdrivers.a(adc.o)
 .text.adc_poll
                0x0000000008102bb6       0x6a /home/nuttx/nuttx/staging/libdrivers.a(adc.o)
 .text.adc_read
                0x0000000008102c20      0x160 /home/nuttx/nuttx/staging/libdrivers.a(adc.o)
 .text.nxmutex_lock
                0x0000000008102d80       0x20 /home/nuttx/nuttx/staging/libdrivers.a(adc.o)
 .text.adc_receive
                0x0000000008102da0       0x4c /home/nuttx/nuttx/staging/libdrivers.a(adc.o)
 .text.nxmutex_unlock
                0x0000000008102dec       0x14 /home/nuttx/nuttx/staging/libdrivers.a(adc.o)
 .text.adc_close
                0x0000000008102e00       0x44 /home/nuttx/nuttx/staging/libdrivers.a(adc.o)
 .text.adc_open
                0x0000000008102e44       0x62 /home/nuttx/nuttx/staging/libdrivers.a(adc.o)
 *fill*         0x0000000008102ea6        0x2 
 .text.adc_register
                0x0000000008102ea8       0x84 /home/nuttx/nuttx/staging/libdrivers.a(adc.o)
                0x0000000008102ea8                adc_register
 .text.nxmutex_lock
                0x0000000008102f2c       0x20 /home/nuttx/nuttx/staging/libdrivers.a(can.o)
 .text.can_dlc2bytes
                0x0000000008102f4c       0x1c /home/nuttx/nuttx/staging/libdrivers.a(can.o)
 .text.can_read
                0x0000000008102f68       0xf4 /home/nuttx/nuttx/staging/libdrivers.a(can.o)
 .text.can_xmit
                0x000000000810305c       0x82 /home/nuttx/nuttx/staging/libdrivers.a(can.o)
 .text.can_write
                0x00000000081030de       0xd8 /home/nuttx/nuttx/staging/libdrivers.a(can.o)
 .text.nxmutex_unlock
                0x00000000081031b6       0x14 /home/nuttx/nuttx/staging/libdrivers.a(can.o)
 .text.can_poll
                0x00000000081031ca       0xfa /home/nuttx/nuttx/staging/libdrivers.a(can.o)
 .text.can_close
                0x00000000081032c4       0xa8 /home/nuttx/nuttx/staging/libdrivers.a(can.o)
 .text.can_ioctl
                0x000000000810336c       0xbc /home/nuttx/nuttx/staging/libdrivers.a(can.o)
 .text.can_open
                0x0000000008103428       0xaa /home/nuttx/nuttx/staging/libdrivers.a(can.o)
 .text.nxmutex_init
                0x00000000081034d2       0x26 /home/nuttx/nuttx/staging/libdrivers.a(can.o)
 .text.can_register
                0x00000000081034f8       0x68 /home/nuttx/nuttx/staging/libdrivers.a(can.o)
                0x00000000081034f8                can_register
 .text.can_receive
                0x0000000008103560      0x118 /home/nuttx/nuttx/staging/libdrivers.a(can.o)
                0x0000000008103560                can_receive
 .text.can_txdone
                0x0000000008103678       0x48 /home/nuttx/nuttx/staging/libdrivers.a(can.o)
                0x0000000008103678                can_txdone
 .text.devnull_read
                0x00000000081036c0        0x4 /home/nuttx/nuttx/staging/libdrivers.a(dev_null.o)
 .text.devnull_write
                0x00000000081036c4        0x4 /home/nuttx/nuttx/staging/libdrivers.a(dev_null.o)
 .text.devnull_poll
                0x00000000081036c8       0x18 /home/nuttx/nuttx/staging/libdrivers.a(dev_null.o)
 .text.devnull_register
                0x00000000081036e0       0x18 /home/nuttx/nuttx/staging/libdrivers.a(dev_null.o)
                0x00000000081036e0                devnull_register
 .text.devzero_write
                0x00000000081036f8        0x4 /home/nuttx/nuttx/staging/libdrivers.a(dev_zero.o)
 .text.devzero_poll
                0x00000000081036fc       0x18 /home/nuttx/nuttx/staging/libdrivers.a(dev_zero.o)
 .text.devzero_read
                0x0000000008103714       0x10 /home/nuttx/nuttx/staging/libdrivers.a(dev_zero.o)
 .text.devzero_register
                0x0000000008103724       0x18 /home/nuttx/nuttx/staging/libdrivers.a(dev_zero.o)
                0x0000000008103724                devzero_register
 .text.__imu_read_reg
                0x000000000810373c       0x88 /home/nuttx/nuttx/staging/libdrivers.a(icm42688.o)
 .text.imu_seek
                0x00000000081037c4        0x4 /home/nuttx/nuttx/staging/libdrivers.a(icm42688.o)
 .text.imu_write
                0x00000000081037c8       0xe4 /home/nuttx/nuttx/staging/libdrivers.a(icm42688.o)
 .text.nxmutex_lock
                0x00000000081038ac       0x20 /home/nuttx/nuttx/staging/libdrivers.a(icm42688.o)
 .text.nxmutex_unlock
                0x00000000081038cc       0x14 /home/nuttx/nuttx/staging/libdrivers.a(icm42688.o)
 .text.imu_read
                0x00000000081038e0       0x34 /home/nuttx/nuttx/staging/libdrivers.a(icm42688.o)
 .text.imu_open
                0x0000000008103914       0x1a /home/nuttx/nuttx/staging/libdrivers.a(icm42688.o)
 .text.imu_close
                0x000000000810392e        0x4 /home/nuttx/nuttx/staging/libdrivers.a(icm42688.o)
 .text.nxmutex_destroy
                0x0000000008103932       0x14 /home/nuttx/nuttx/staging/libdrivers.a(icm42688.o)
 *fill*         0x0000000008103946        0x2 
 .text.__imu_write_imu
                0x0000000008103948       0x74 /home/nuttx/nuttx/staging/libdrivers.a(icm42688.o)
 .text.icm42688_register
                0x00000000081039bc      0x1f8 /home/nuttx/nuttx/staging/libdrivers.a(icm42688.o)
                0x00000000081039bc                icm42688_register
 .text.uart_putc
                0x0000000008103bb4       0x20 /home/nuttx/nuttx/staging/libdrivers.a(serial.o)
 .text.nxmutex_lock
                0x0000000008103bd4       0x20 /home/nuttx/nuttx/staging/libdrivers.a(serial.o)
 .text.uart_putxmitchar
                0x0000000008103bf4       0x96 /home/nuttx/nuttx/staging/libdrivers.a(serial.o)
 .text.nxmutex_unlock
                0x0000000008103c8a       0x14 /home/nuttx/nuttx/staging/libdrivers.a(serial.o)
 .text.uart_poll
                0x0000000008103c9e       0xd8 /home/nuttx/nuttx/staging/libdrivers.a(serial.o)
 .text.uart_open
                0x0000000008103d76       0x7e /home/nuttx/nuttx/staging/libdrivers.a(serial.o)
 .text.uart_read
                0x0000000008103df4      0x104 /home/nuttx/nuttx/staging/libdrivers.a(serial.o)
 .text.uart_write
                0x0000000008103ef8       0xec /home/nuttx/nuttx/staging/libdrivers.a(serial.o)
 .text.uart_tcdrain.isra.0
                0x0000000008103fe4       0xac /home/nuttx/nuttx/staging/libdrivers.a(serial.o)
 .text.nxmutex_init
                0x0000000008104090       0x26 /home/nuttx/nuttx/staging/libdrivers.a(serial.o)
 *fill*         0x00000000081040b6        0x2 
 .text.uart_register
                0x00000000081040b8       0x54 /home/nuttx/nuttx/staging/libdrivers.a(serial.o)
                0x00000000081040b8                uart_register
 .text.uart_datareceived
                0x000000000810410c       0x24 /home/nuttx/nuttx/staging/libdrivers.a(serial.o)
                0x000000000810410c                uart_datareceived
 .text.uart_datasent
                0x0000000008104130       0x22 /home/nuttx/nuttx/staging/libdrivers.a(serial.o)
                0x0000000008104130                uart_datasent
 .text.uart_ioctl
                0x0000000008104152      0x13e /home/nuttx/nuttx/staging/libdrivers.a(serial.o)
 .text.uart_reset_sem
                0x0000000008104290       0x38 /home/nuttx/nuttx/staging/libdrivers.a(serial.o)
                0x0000000008104290                uart_reset_sem
 .text.uart_close
                0x00000000081042c8       0x72 /home/nuttx/nuttx/staging/libdrivers.a(serial.o)
 .text.uart_xmitchars
                0x000000000810433a       0x7e /home/nuttx/nuttx/staging/libdrivers.a(serial_io.o)
                0x000000000810433a                uart_xmitchars
 .text.uart_recvchars
                0x00000000081043b8       0x6e /home/nuttx/nuttx/staging/libdrivers.a(serial_io.o)
                0x00000000081043b8                uart_recvchars
 *fill*         0x0000000008104426        0x2 
 .text.syslog_flush
                0x0000000008104428       0x18 /home/nuttx/nuttx/staging/libdrivers.a(syslog_flush.o)
                0x0000000008104428                syslog_flush
 .text.syslog_initialize
                0x0000000008104440        0xa /home/nuttx/nuttx/staging/libdrivers.a(syslog_initialize.o)
                0x0000000008104440                syslog_initialize
 *fill*         0x000000000810444a        0x2 
 .text.syslog_dev_channel
                0x000000000810444c       0x28 /home/nuttx/nuttx/staging/libdrivers.a(syslog_devchannel.o)
                0x000000000810444c                syslog_dev_channel
 .text.pwm_read
                0x0000000008104474        0x4 /home/nuttx/nuttx/staging/libdrivers.a(pwm.o)
 .text.nxmutex_lock
                0x0000000008104478       0x20 /home/nuttx/nuttx/staging/libdrivers.a(pwm.o)
 .text.nxmutex_unlock
                0x0000000008104498       0x14 /home/nuttx/nuttx/staging/libdrivers.a(pwm.o)
 .text.pwm_ioctl
                0x00000000081044ac       0xc8 /home/nuttx/nuttx/staging/libdrivers.a(pwm.o)
 .text.pwm_close
                0x0000000008104574       0x34 /home/nuttx/nuttx/staging/libdrivers.a(pwm.o)
 .text.pwm_open
                0x00000000081045a8       0x42 /home/nuttx/nuttx/staging/libdrivers.a(pwm.o)
 .text.pwm_write
                0x00000000081045ea        0x4 /home/nuttx/nuttx/staging/libdrivers.a(pwm.o)
 *fill*         0x00000000081045ee        0x2 
 .text.pwm_register
                0x00000000081045f0       0x50 /home/nuttx/nuttx/staging/libdrivers.a(pwm.o)
                0x00000000081045f0                pwm_register
 .text.gpio_read
                0x0000000008104640       0x2e /home/nuttx/nuttx/staging/libdrivers.a(gpio.o)
 .text.gpio_write
                0x000000000810466e       0x3e /home/nuttx/nuttx/staging/libdrivers.a(gpio.o)
 .text.gpio_seek
                0x00000000081046ac       0x1e /home/nuttx/nuttx/staging/libdrivers.a(gpio.o)
 *fill*         0x00000000081046ca        0x2 
 .text.gpio_ioctl
                0x00000000081046cc      0x118 /home/nuttx/nuttx/staging/libdrivers.a(gpio.o)
 .text.gpio_handler
                0x00000000081047e4       0x18 /home/nuttx/nuttx/staging/libdrivers.a(gpio.o)
 .text.gpio_pin_register
                0x00000000081047fc       0x44 /home/nuttx/nuttx/staging/libdrivers.a(gpio.o)
                0x00000000081047fc                gpio_pin_register
 .text.syslog_default_write
                0x0000000008104840       0x10 /home/nuttx/nuttx/staging/libdrivers.a(syslog_channel.o)
 .text.syslog_default_putc
                0x0000000008104850        0x6 /home/nuttx/nuttx/staging/libdrivers.a(syslog_channel.o)
 *fill*         0x0000000008104856        0x2 
 .text.syslog_channel
                0x0000000008104858       0x14 /home/nuttx/nuttx/staging/libdrivers.a(syslog_channel.o)
                0x0000000008104858                syslog_channel
 .text.syslog_dev_force
                0x000000000810486c        0x4 /home/nuttx/nuttx/staging/libdrivers.a(syslog_device.o)
 .text.syslog_dev_flush
                0x0000000008104870        0x4 /home/nuttx/nuttx/staging/libdrivers.a(syslog_device.o)
 .text.nxrmutex_destroy
                0x0000000008104874       0x14 /home/nuttx/nuttx/staging/libdrivers.a(syslog_device.o)
 .text.syslog_dev_lock
                0x0000000008104888       0x52 /home/nuttx/nuttx/staging/libdrivers.a(syslog_device.o)
 .text.nxrmutex_unlock
                0x00000000081048da       0x30 /home/nuttx/nuttx/staging/libdrivers.a(syslog_device.o)
 .text.syslog_dev_open
                0x000000000810490a       0x76 /home/nuttx/nuttx/staging/libdrivers.a(syslog_device.o)
 .text.syslog_dev_uninitialize
                0x0000000008104980       0x48 /home/nuttx/nuttx/staging/libdrivers.a(syslog_device.o)
                0x0000000008104980                syslog_dev_uninitialize
 .text.syslog_dev_outputready
                0x00000000081049c8       0x70 /home/nuttx/nuttx/staging/libdrivers.a(syslog_device.o)
 .text.syslog_dev_write
                0x0000000008104a38       0xcc /home/nuttx/nuttx/staging/libdrivers.a(syslog_device.o)
 .text.syslog_dev_putc
                0x0000000008104b04       0x58 /home/nuttx/nuttx/staging/libdrivers.a(syslog_device.o)
 .text.syslog_dev_initialize
                0x0000000008104b5c       0x28 /home/nuttx/nuttx/staging/libdrivers.a(syslog_device.o)
                0x0000000008104b5c                syslog_dev_initialize
 .text.__errno  0x0000000008104b84       0x14 /home/nuttx/nuttx/staging/libc.a(lib_errno.o)
                0x0000000008104b84                __errno
 .text.sq_remfirst
                0x0000000008104b98       0x14 /home/nuttx/nuttx/staging/libc.a(sq_remfirst.o)
                0x0000000008104b98                sq_remfirst
 .text.sq_remafter
                0x0000000008104bac       0x22 /home/nuttx/nuttx/staging/libc.a(sq_remafter.o)
                0x0000000008104bac                sq_remafter
 .text.nxtask_startup
                0x0000000008104bce       0x16 /home/nuttx/nuttx/staging/libc.a(task_startup.o)
                0x0000000008104bce                nxtask_startup
 .text.nxsem_init
                0x0000000008104be4        0xe /home/nuttx/nuttx/staging/libc.a(sem_init.o)
                0x0000000008104be4                nxsem_init
 .text.sem_init
                0x0000000008104bf2       0x26 /home/nuttx/nuttx/staging/libc.a(sem_init.o)
                0x0000000008104bf2                sem_init
 .text.nxsem_get_value
                0x0000000008104c18       0x14 /home/nuttx/nuttx/staging/libc.a(sem_getvalue.o)
                0x0000000008104c18                nxsem_get_value
 .text.sem_getvalue
                0x0000000008104c2c       0x1a /home/nuttx/nuttx/staging/libc.a(sem_getvalue.o)
                0x0000000008104c2c                sem_getvalue
 .text.nxsem_set_protocol
                0x0000000008104c46       0x14 /home/nuttx/nuttx/staging/libc.a(sem_setprotocol.o)
                0x0000000008104c46                nxsem_set_protocol
 .text.sem_setprotocol
                0x0000000008104c5a       0x1a /home/nuttx/nuttx/staging/libc.a(sem_setprotocol.o)
                0x0000000008104c5a                sem_setprotocol
 .text.nxsig_addset
                0x0000000008104c74       0x1a /home/nuttx/nuttx/staging/libc.a(sig_addset.o)
                0x0000000008104c74                nxsig_addset
 .text.nxsig_delset
                0x0000000008104c8e       0x1a /home/nuttx/nuttx/staging/libc.a(sig_delset.o)
                0x0000000008104c8e                nxsig_delset
 .text.nxsig_ismember
                0x0000000008104ca8       0x12 /home/nuttx/nuttx/staging/libc.a(sig_ismember.o)
                0x0000000008104ca8                nxsig_ismember
 .text.printf   0x0000000008104cba       0x24 /home/nuttx/nuttx/staging/libc.a(lib_printf.o)
                0x0000000008104cba                printf
 .text.sprintf  0x0000000008104cde       0x2e /home/nuttx/nuttx/staging/libc.a(lib_sprintf.o)
                0x0000000008104cde                sprintf
 .text.snprintf
                0x0000000008104d0c       0x30 /home/nuttx/nuttx/staging/libc.a(lib_snprintf.o)
                0x0000000008104d0c                snprintf
 .text.puts     0x0000000008104d3c       0x62 /home/nuttx/nuttx/staging/libc.a(lib_puts.o)
                0x0000000008104d3c                puts
 .text.lib_vsprintf
                0x0000000008104d9e       0x14 /home/nuttx/nuttx/staging/libc.a(lib_libvsprintf.o)
                0x0000000008104d9e                lib_vsprintf
 *fill*         0x0000000008104db2        0x2 
 .text.vsprintf_internal.constprop.0
                0x0000000008104db4      0x884 /home/nuttx/nuttx/staging/libc.a(lib_libvsprintf.o)
 .text.__ultoa_invert
                0x0000000008105638       0x58 /home/nuttx/nuttx/staging/libc.a(lib_ultoa_invert.o)
                0x0000000008105638                __ultoa_invert
 .text.__dtoa_engine
                0x0000000008105690      0x1fc /home/nuttx/nuttx/staging/libc.a(lib_dtoa_engine.o)
                0x0000000008105690                __dtoa_engine
 .text.lib_fwrite
                0x000000000810588c       0xea /home/nuttx/nuttx/staging/libc.a(lib_libfwrite.o)
                0x000000000810588c                lib_fwrite
 .text.lib_fflush
                0x0000000008105976       0x90 /home/nuttx/nuttx/staging/libc.a(lib_libfflush.o)
                0x0000000008105976                lib_fflush
 .text.lib_rdflush
                0x0000000008105a06       0x5a /home/nuttx/nuttx/staging/libc.a(lib_rdflush.o)
                0x0000000008105a06                lib_rdflush
 .text.fputs    0x0000000008105a60       0x5c /home/nuttx/nuttx/staging/libc.a(lib_fputs.o)
                0x0000000008105a60                fputs
 .text.vfprintf
                0x0000000008105abc       0x30 /home/nuttx/nuttx/staging/libc.a(lib_vfprintf.o)
                0x0000000008105abc                vfprintf
 .text.nxmutex_destroy
                0x0000000008105aec       0x14 /home/nuttx/nuttx/staging/libc.a(lib_libstream.o)
 .text.nxmutex_init
                0x0000000008105b00       0x26 /home/nuttx/nuttx/staging/libc.a(lib_libstream.o)
 .text.lib_stream_initialize
                0x0000000008105b26       0x46 /home/nuttx/nuttx/staging/libc.a(lib_libstream.o)
                0x0000000008105b26                lib_stream_initialize
 .text.lib_stream_release
                0x0000000008105b6c       0x48 /home/nuttx/nuttx/staging/libc.a(lib_libstream.o)
                0x0000000008105b6c                lib_stream_release
 .text.flockfile
                0x0000000008105bb4       0x3c /home/nuttx/nuttx/staging/libc.a(lib_libfilelock.o)
                0x0000000008105bb4                flockfile
 .text.funlockfile
                0x0000000008105bf0       0x2c /home/nuttx/nuttx/staging/libc.a(lib_libfilelock.o)
                0x0000000008105bf0                funlockfile
 .text.atoi     0x0000000008105c1c        0x8 /home/nuttx/nuttx/staging/libc.a(lib_atoi.o)
                0x0000000008105c1c                atoi
 .text.exit     0x0000000008105c24        0x6 /home/nuttx/nuttx/staging/libc.a(lib_exit.o)
                0x0000000008105c24                exit
 .text.strtol   0x0000000008105c2a       0x74 /home/nuttx/nuttx/staging/libc.a(lib_strtol.o)
                0x0000000008105c2a                strtol
 .text.strtoul  0x0000000008105c9e       0xba /home/nuttx/nuttx/staging/libc.a(lib_strtoul.o)
                0x0000000008105c9e                strtoul
 .text.lib_checkbase
                0x0000000008105d58       0x60 /home/nuttx/nuttx/staging/libc.a(lib_checkbase.o)
                0x0000000008105d58                lib_checkbase
 .text.memoutstream_puts
                0x0000000008105db8       0x2e /home/nuttx/nuttx/staging/libc.a(lib_memoutstream.o)
 .text.memoutstream_putc
                0x0000000008105de6       0x16 /home/nuttx/nuttx/staging/libc.a(lib_memoutstream.o)
 .text.lib_memoutstream
                0x0000000008105dfc       0x28 /home/nuttx/nuttx/staging/libc.a(lib_memoutstream.o)
                0x0000000008105dfc                lib_memoutstream
 .text.nulloutstream_putc
                0x0000000008105e24        0x8 /home/nuttx/nuttx/staging/libc.a(lib_nulloutstream.o)
 .text.lib_nulloutstream
                0x0000000008105e2c       0x18 /home/nuttx/nuttx/staging/libc.a(lib_nulloutstream.o)
                0x0000000008105e2c                lib_nulloutstream
 .text.lib_noflush
                0x0000000008105e44        0x4 /home/nuttx/nuttx/staging/libc.a(lib_libnoflush.o)
                0x0000000008105e44                lib_noflush
 .text.stdoutstream_flush
                0x0000000008105e48        0x8 /home/nuttx/nuttx/staging/libc.a(lib_stdoutstream.o)
 .text.stdoutstream_putc
                0x0000000008105e50       0x26 /home/nuttx/nuttx/staging/libc.a(lib_stdoutstream.o)
 *fill*         0x0000000008105e76        0x2 
 .text.lib_stdoutstream
                0x0000000008105e78       0x34 /home/nuttx/nuttx/staging/libc.a(lib_stdoutstream.o)
                0x0000000008105e78                lib_stdoutstream
 .text.lib_isbasedigit
                0x0000000008105eac       0x4c /home/nuttx/nuttx/staging/libc.a(lib_isbasedigit.o)
                0x0000000008105eac                lib_isbasedigit
 .text.lib_skipspace
                0x0000000008105ef8       0x18 /home/nuttx/nuttx/staging/libc.a(lib_skipspace.o)
                0x0000000008105ef8                lib_skipspace
 .text.strdup   0x0000000008105f10       0x1c /home/nuttx/nuttx/staging/libc.a(lib_strdup.o)
                0x0000000008105f10                strdup
 .text.strncmp  0x0000000008105f2c       0x20 /home/nuttx/nuttx/staging/libc.a(lib_strncmp.o)
                0x0000000008105f2c                strncmp
 .text.memcpy   0x0000000008105f4c       0x1c /home/nuttx/nuttx/staging/libc.a(lib_memcpy.o)
                0x0000000008105f4c                memcpy
 .text.memset   0x0000000008105f68       0x10 /home/nuttx/nuttx/staging/libc.a(lib_memset.o)
                0x0000000008105f68                memset
 .text.strchr   0x0000000008105f78       0x16 /home/nuttx/nuttx/staging/libc.a(lib_strchr.o)
                0x0000000008105f78                strchr
 .text.strcpy   0x0000000008105f8e       0x10 /home/nuttx/nuttx/staging/libc.a(lib_strcpy.o)
                0x0000000008105f8e                strcpy
 .text.strlcpy  0x0000000008105f9e       0x38 /home/nuttx/nuttx/staging/libc.a(lib_strlcpy.o)
                0x0000000008105f9e                strlcpy
 .text.strlen   0x0000000008105fd6       0x10 /home/nuttx/nuttx/staging/libc.a(lib_strlen.o)
                0x0000000008105fd6                strlen
 .text.strnlen  0x0000000008105fe6       0x1a /home/nuttx/nuttx/staging/libc.a(lib_strnlen.o)
                0x0000000008105fe6                strnlen
 .text.vsyslog  0x0000000008106000       0x20 /home/nuttx/nuttx/staging/libc.a(lib_syslog.o)
                0x0000000008106000                vsyslog
 .text.syslog   0x0000000008106020       0x1a /home/nuttx/nuttx/staging/libc.a(lib_syslog.o)
                0x0000000008106020                syslog
 *fill*         0x000000000810603a        0x2 
 .text.setlogmask
                0x000000000810603c       0x10 /home/nuttx/nuttx/staging/libc.a(lib_setlogmask.o)
                0x000000000810603c                setlogmask
 .text.clock_daysbeforemonth
                0x000000000810604c       0x18 /home/nuttx/nuttx/staging/libc.a(lib_daysbeforemonth.o)
                0x000000000810604c                clock_daysbeforemonth
 .text.clock_isleapyear
                0x0000000008106064       0x2c /home/nuttx/nuttx/staging/libc.a(lib_isleapyear.o)
                0x0000000008106064                clock_isleapyear
 .text.tls_get_info
                0x0000000008106090       0x18 /home/nuttx/nuttx/staging/libc.a(tls_getinfo.o)
                0x0000000008106090                tls_get_info
 .text.isspace  0x00000000081060a8       0x14 /home/nuttx/nuttx/staging/libc.a(lib_isspace.o)
                0x00000000081060a8                isspace
 .text.lib_cxx_initialize
                0x00000000081060bc        0x2 /home/nuttx/nuttx/staging/libc.a(lib_cxx_initialize.o)
                0x00000000081060bc                lib_cxx_initialize
 .text.fseek    0x00000000081060be        0x4 /home/nuttx/nuttx/staging/libc.a(lib_fseek.o)
                0x00000000081060be                fseek
 .text.fseeko   0x00000000081060c2       0x46 /home/nuttx/nuttx/staging/libc.a(lib_fseeko.o)
                0x00000000081060c2                fseeko
 .text.lib_wrflush
                0x0000000008106108       0x20 /home/nuttx/nuttx/staging/libc.a(lib_wrflush.o)
                0x0000000008106108                lib_wrflush
 .text.fputc    0x0000000008106128       0x3e /home/nuttx/nuttx/staging/libc.a(lib_fputc.o)
                0x0000000008106128                fputc
 *fill*         0x0000000008106166        0x2 
 .text.umm_initialize
                0x0000000008106168       0x1c /home/nuttx/nuttx/staging/libmm.a(umm_initialize.o)
                0x0000000008106168                umm_initialize
 .text.free     0x0000000008106184       0x10 /home/nuttx/nuttx/staging/libmm.a(umm_free.o)
                0x0000000008106184                free
 .text.malloc   0x0000000008106194       0x10 /home/nuttx/nuttx/staging/libmm.a(umm_malloc.o)
                0x0000000008106194                malloc
 .text.realloc  0x00000000081061a4       0x10 /home/nuttx/nuttx/staging/libmm.a(umm_realloc.o)
                0x00000000081061a4                realloc
 .text.zalloc   0x00000000081061b4       0x10 /home/nuttx/nuttx/staging/libmm.a(umm_zalloc.o)
                0x00000000081061b4                zalloc
 .text.mm_addregion
                0x00000000081061c4       0x76 /home/nuttx/nuttx/staging/libmm.a(mm_initialize.o)
                0x00000000081061c4                mm_addregion
 .text.mm_initialize
                0x000000000810623a       0x78 /home/nuttx/nuttx/staging/libmm.a(mm_initialize.o)
                0x000000000810623a                mm_initialize
 *fill*         0x00000000081062b2        0x2 
 .text.mm_lock  0x00000000081062b4       0x50 /home/nuttx/nuttx/staging/libmm.a(mm_lock.o)
                0x00000000081062b4                mm_lock
 .text.mm_unlock
                0x0000000008106304       0x20 /home/nuttx/nuttx/staging/libmm.a(mm_lock.o)
                0x0000000008106304                mm_unlock
 .text.mm_addfreechunk
                0x0000000008106324       0x36 /home/nuttx/nuttx/staging/libmm.a(mm_addfreechunk.o)
                0x0000000008106324                mm_addfreechunk
 .text.mm_size2ndx
                0x000000000810635a       0x16 /home/nuttx/nuttx/staging/libmm.a(mm_size2ndx.o)
                0x000000000810635a                mm_size2ndx
 .text.mm_free  0x0000000008106370       0xac /home/nuttx/nuttx/staging/libmm.a(mm_free.o)
                0x0000000008106370                mm_free
 .text.mm_malloc
                0x000000000810641c       0xac /home/nuttx/nuttx/staging/libmm.a(mm_malloc.o)
                0x000000000810641c                mm_malloc
 .text.mm_realloc
                0x00000000081064c8      0x198 /home/nuttx/nuttx/staging/libmm.a(mm_realloc.o)
                0x00000000081064c8                mm_realloc
 .text.mm_zalloc
                0x0000000008106660       0x18 /home/nuttx/nuttx/staging/libmm.a(mm_zalloc.o)
                0x0000000008106660                mm_zalloc
 .text.mm_shrinkchunk
                0x0000000008106678       0x68 /home/nuttx/nuttx/staging/libmm.a(mm_shrinkchunk.o)
                0x0000000008106678                mm_shrinkchunk
 .text.spi_modifycr1
                0x00000000081066e0       0x10 /home/nuttx/nuttx/staging/libarch.a(stm32_spi.o)
 .text.spi_setfrequency
                0x00000000081066f0       0x9a /home/nuttx/nuttx/staging/libarch.a(stm32_spi.o)
 .text.spi_send
                0x000000000810678a       0x26 /home/nuttx/nuttx/staging/libarch.a(stm32_spi.o)
 .text.spi_lock
                0x00000000081067b0       0x36 /home/nuttx/nuttx/staging/libarch.a(stm32_spi.o)
 *fill*         0x00000000081067e6        0x2 
 .text.spi_setmode
                0x00000000081067e8       0x78 /home/nuttx/nuttx/staging/libarch.a(stm32_spi.o)
 .text.spi_setbits
                0x0000000008106860       0x48 /home/nuttx/nuttx/staging/libarch.a(stm32_spi.o)
 .text.spi_exchange
                0x00000000081068a8       0x4e /home/nuttx/nuttx/staging/libarch.a(stm32_spi.o)
 *fill*         0x00000000081068f6        0x2 
 .text.stm32_spibus_initialize
                0x00000000081068f8       0x78 /home/nuttx/nuttx/staging/libarch.a(stm32_spi.o)
                0x00000000081068f8                stm32_spibus_initialize
 .text.stm32_timerisr
                0x0000000008106970        0xa /home/nuttx/nuttx/staging/libarch.a(stm32_timerisr.o)
 *fill*         0x000000000810697a        0x2 
 .text.up_timer_initialize
                0x000000000810697c       0x44 /home/nuttx/nuttx/staging/libarch.a(stm32_timerisr.o)
                0x000000000810697c                up_timer_initialize
 .text.up_idle  0x00000000081069c0        0x4 /home/nuttx/nuttx/staging/libarch.a(stm32_idle.o)
                0x00000000081069c0                up_idle
 .text.adc_modifyreg
                0x00000000081069c4       0x10 /home/nuttx/nuttx/staging/libarch.a(stm32_adc.o)
 .text.adc_bind
                0x00000000081069d4        0x8 /home/nuttx/nuttx/staging/libarch.a(stm32_adc.o)
 .text.adc_rxint
                0x00000000081069dc       0x18 /home/nuttx/nuttx/staging/libarch.a(stm32_adc.o)
 .text.nxmutex_lock
                0x00000000081069f4       0x20 /home/nuttx/nuttx/staging/libarch.a(stm32_adc.o)
 .text.adc_reg_startconv.part.0
                0x0000000008106a14        0xc /home/nuttx/nuttx/staging/libarch.a(stm32_adc.o)
 .text.adc_ioc_enable_awd_int
                0x0000000008106a20       0x12 /home/nuttx/nuttx/staging/libarch.a(stm32_adc.o)
 .text.adc_ioc_enable_eoc_int
                0x0000000008106a32       0x12 /home/nuttx/nuttx/staging/libarch.a(stm32_adc.o)
 .text.adc_ioc_enable_jeoc_int
                0x0000000008106a44       0x12 /home/nuttx/nuttx/staging/libarch.a(stm32_adc.o)
 .text.adc_ioc_enable_ovr_int
                0x0000000008106a56       0x16 /home/nuttx/nuttx/staging/libarch.a(stm32_adc.o)
 .text.nxmutex_unlock
                0x0000000008106a6c       0x14 /home/nuttx/nuttx/staging/libarch.a(stm32_adc.o)
 .text.adc123_interrupt
                0x0000000008106a80       0x44 /home/nuttx/nuttx/staging/libarch.a(stm32_adc.o)
 .text.adc_set_ch
                0x0000000008106ac4       0xd2 /home/nuttx/nuttx/staging/libarch.a(stm32_adc.o)
 *fill*         0x0000000008106b96        0x2 
 .text.adc_ioctl
                0x0000000008106b98       0xf4 /home/nuttx/nuttx/staging/libarch.a(stm32_adc.o)
 .text.adc_shutdown
                0x0000000008106c8c       0x68 /home/nuttx/nuttx/staging/libarch.a(stm32_adc.o)
 .text.adc_reset
                0x0000000008106cf4       0x60 /home/nuttx/nuttx/staging/libarch.a(stm32_adc.o)
 .text.adc_setup
                0x0000000008106d54       0xf4 /home/nuttx/nuttx/staging/libarch.a(stm32_adc.o)
 .text.stm32_adcinitialize
                0x0000000008106e48       0x28 /home/nuttx/nuttx/staging/libarch.a(stm32_adc.o)
                0x0000000008106e48                stm32_adcinitialize
 .text.pwm_outputs_from_channels
                0x0000000008106e70       0x42 /home/nuttx/nuttx/staging/libarch.a(stm32_pwm.o)
 .text.pwm_ioctl
                0x0000000008106eb2        0x6 /home/nuttx/nuttx/staging/libarch.a(stm32_pwm.o)
 .text.pwm_reg_is_32bit.part.0
                0x0000000008106eb8       0x20 /home/nuttx/nuttx/staging/libarch.a(stm32_pwm.o)
 .text.pwm_modifyreg
                0x0000000008106ed8       0x36 /home/nuttx/nuttx/staging/libarch.a(stm32_pwm.o)
 .text.pwm_getreg
                0x0000000008106f0e       0x20 /home/nuttx/nuttx/staging/libarch.a(stm32_pwm.o)
 .text.pwm_putreg
                0x0000000008106f2e       0x20 /home/nuttx/nuttx/staging/libarch.a(stm32_pwm.o)
 .text.pwm_duty_update
                0x0000000008106f4e       0x30 /home/nuttx/nuttx/staging/libarch.a(stm32_pwm.o)
 .text.pwm_outputs_enable
                0x0000000008106f7e       0x5a /home/nuttx/nuttx/staging/libarch.a(stm32_pwm.o)
 .text.pwm_start
                0x0000000008106fd8      0x114 /home/nuttx/nuttx/staging/libarch.a(stm32_pwm.o)
 .text.pwm_stop
                0x00000000081070ec       0x46 /home/nuttx/nuttx/staging/libarch.a(stm32_pwm.o)
 *fill*         0x0000000008107132        0x2 
 .text.pwm_shutdown
                0x0000000008107134       0x7c /home/nuttx/nuttx/staging/libarch.a(stm32_pwm.o)
 .text.pwm_setup
                0x00000000081071b0      0x214 /home/nuttx/nuttx/staging/libarch.a(stm32_pwm.o)
 .text.stm32_pwminitialize
                0x00000000081073c4       0x14 /home/nuttx/nuttx/staging/libarch.a(stm32_pwm.o)
                0x00000000081073c4                stm32_pwminitialize
 .text.stm32can_reset
                0x00000000081073d8       0x40 /home/nuttx/nuttx/staging/libarch.a(stm32_can.o)
 .text.stm32can_rxint
                0x0000000008107418       0x18 /home/nuttx/nuttx/staging/libarch.a(stm32_can.o)
 .text.stm32can_txint
                0x0000000008107430       0x12 /home/nuttx/nuttx/staging/libarch.a(stm32_can.o)
 .text.stm32can_remoterequest
                0x0000000008107442        0x6 /home/nuttx/nuttx/staging/libarch.a(stm32_can.o)
 .text.stm32can_send
                0x0000000008107448       0xec /home/nuttx/nuttx/staging/libarch.a(stm32_can.o)
 .text.stm32can_txready
                0x0000000008107534       0x40 /home/nuttx/nuttx/staging/libarch.a(stm32_can.o)
 .text.stm32can_txempty
                0x0000000008107574       0x40 /home/nuttx/nuttx/staging/libarch.a(stm32_can.o)
 .text.stm32can_enterinitmode
                0x00000000081075b4       0x34 /home/nuttx/nuttx/staging/libarch.a(stm32_can.o)
 .text.stm32can_exitinitmode
                0x00000000081075e8       0x34 /home/nuttx/nuttx/staging/libarch.a(stm32_can.o)
 .text.stm32can_ioctl
                0x000000000810761c      0x16c /home/nuttx/nuttx/staging/libarch.a(stm32_can.o)
 .text.stm32can_shutdown
                0x0000000008107788       0x52 /home/nuttx/nuttx/staging/libarch.a(stm32_can.o)
 .text.stm32can_sceinterrupt
                0x00000000081077da       0xde /home/nuttx/nuttx/staging/libarch.a(stm32_can.o)
 .text.stm32can_rxinterrupt
                0x00000000081078b8       0x7e /home/nuttx/nuttx/staging/libarch.a(stm32_can.o)
 .text.stm32can_rx1interrupt
                0x0000000008107936        0x8 /home/nuttx/nuttx/staging/libarch.a(stm32_can.o)
 .text.stm32can_rx0interrupt
                0x000000000810793e        0x8 /home/nuttx/nuttx/staging/libarch.a(stm32_can.o)
 .text.stm32can_txinterrupt
                0x0000000008107946       0x42 /home/nuttx/nuttx/staging/libarch.a(stm32_can.o)
 .text.stm32can_setup
                0x0000000008107988      0x188 /home/nuttx/nuttx/staging/libarch.a(stm32_can.o)
 .text.stm32_caninitialize
                0x0000000008107b10       0x48 /home/nuttx/nuttx/staging/libarch.a(stm32_can.o)
                0x0000000008107b10                stm32_caninitialize
 .text.up_assert
                0x0000000008107b58        0x2 /home/nuttx/nuttx/staging/libarch.a(arm_assert.o)
                0x0000000008107b58                up_assert
 .text.up_create_stack
                0x0000000008107b5a       0x48 /home/nuttx/nuttx/staging/libarch.a(arm_createstack.o)
                0x0000000008107b5a                up_create_stack
 .text.modifyreg16
                0x0000000008107ba2       0x1e /home/nuttx/nuttx/staging/libarch.a(arm_modifyreg16.o)
                0x0000000008107ba2                modifyreg16
 .text.up_nputs
                0x0000000008107bc0       0x18 /home/nuttx/nuttx/staging/libarch.a(arm_nputs.o)
                0x0000000008107bc0                up_nputs
 .text.up_release_pending
                0x0000000008107bd8       0x30 /home/nuttx/nuttx/staging/libarch.a(arm_releasepending.o)
                0x0000000008107bd8                up_release_pending
 .text.up_release_stack
                0x0000000008107c08       0x24 /home/nuttx/nuttx/staging/libarch.a(arm_releasestack.o)
                0x0000000008107c08                up_release_stack
 .text.up_stack_frame
                0x0000000008107c2c       0x36 /home/nuttx/nuttx/staging/libarch.a(arm_stackframe.o)
                0x0000000008107c2c                up_stack_frame
 *fill*         0x0000000008107c62        0x2 
 .text.up_switch_context
                0x0000000008107c64       0x24 /home/nuttx/nuttx/staging/libarch.a(arm_switchcontext.o)
                0x0000000008107c64                up_switch_context
 .text.up_use_stack
                0x0000000008107c88       0x28 /home/nuttx/nuttx/staging/libarch.a(arm_usestack.o)
                0x0000000008107c88                up_use_stack
 .text.up_mdelay
                0x0000000008107cb0       0x2c /home/nuttx/nuttx/staging/libarch.a(arm_mdelay.o)
                0x0000000008107cb0                up_mdelay
 .text.up_initial_state
                0x0000000008107cdc       0x60 /home/nuttx/nuttx/staging/libarch.a(arm_initialstate.o)
                0x0000000008107cdc                up_initial_state
 .text.up_schedule_sigaction
                0x0000000008107d3c       0x80 /home/nuttx/nuttx/staging/libarch.a(arm_schedulesigaction.o)
                0x0000000008107d3c                up_schedule_sigaction
 .text.arm_sigdeliver
                0x0000000008107dbc       0x2c /home/nuttx/nuttx/staging/libarch.a(arm_sigdeliver.o)
                0x0000000008107dbc                arm_sigdeliver
 .text.nsh_main
                0x0000000008107de8       0x48 /home/nuttx/nuttx/staging/libapps.a(nsh_main.c.home.nuttx.nuttx-apps.system.nsh.o)
                0x0000000008107de8                nsh_main
 .text.nsh_initialize
                0x0000000008107e30       0x22 /home/nuttx/nuttx/staging/libapps.a(nsh_init.c.home.nuttx.nuttx-apps.nshlib.o)
                0x0000000008107e30                nsh_initialize
 .text.nsh_consolelinebuffer
                0x0000000008107e52        0x6 /home/nuttx/nuttx/staging/libapps.a(nsh_console.c.home.nuttx.nuttx-apps.nshlib.o)
 .text.nsh_consoleredirect
                0x0000000008107e58       0x44 /home/nuttx/nuttx/staging/libapps.a(nsh_console.c.home.nuttx.nuttx-apps.nshlib.o)
 .text.nsh_closeifnotclosed
                0x0000000008107e9c       0x60 /home/nuttx/nuttx/staging/libapps.a(nsh_console.c.home.nuttx.nuttx-apps.nshlib.o)
 .text.nsh_consoleundirect
                0x0000000008107efc       0x24 /home/nuttx/nuttx/staging/libapps.a(nsh_console.c.home.nuttx.nuttx-apps.nshlib.o)
 .text.nsh_consolerelease
                0x0000000008107f20       0x1c /home/nuttx/nuttx/staging/libapps.a(nsh_console.c.home.nuttx.nuttx-apps.nshlib.o)
 .text.nsh_consoleexit
                0x0000000008107f3c        0xe /home/nuttx/nuttx/staging/libapps.a(nsh_console.c.home.nuttx.nuttx-apps.nshlib.o)
 *fill*         0x0000000008107f4a        0x2 
 .text.nsh_openifnotopen.part.0
                0x0000000008107f4c       0x30 /home/nuttx/nuttx/staging/libapps.a(nsh_console.c.home.nuttx.nuttx-apps.nshlib.o)
 .text.nsh_consolewrite
                0x0000000008107f7c       0x38 /home/nuttx/nuttx/staging/libapps.a(nsh_console.c.home.nuttx.nuttx-apps.nshlib.o)
 .text.nsh_erroroutput
                0x0000000008107fb4       0x32 /home/nuttx/nuttx/staging/libapps.a(nsh_console.c.home.nuttx.nuttx-apps.nshlib.o)
 .text.nsh_consoleoutput
                0x0000000008107fe6       0x32 /home/nuttx/nuttx/staging/libapps.a(nsh_console.c.home.nuttx.nuttx-apps.nshlib.o)
 .text.nsh_newconsole
                0x0000000008108018       0x84 /home/nuttx/nuttx/staging/libapps.a(nsh_console.c.home.nuttx.nuttx-apps.nshlib.o)
                0x0000000008108018                nsh_newconsole
 .text.nsh_consoleclone
                0x000000000810809c        0xc /home/nuttx/nuttx/staging/libapps.a(nsh_console.c.home.nuttx.nuttx-apps.nshlib.o)
 .text.nsh_script
                0x00000000081080a8      0x10c /home/nuttx/nuttx/staging/libapps.a(nsh_script.c.home.nuttx.nuttx-apps.nshlib.o)
                0x00000000081080a8                nsh_script
 .text.nsh_sysinitscript
                0x00000000081081b4       0x10 /home/nuttx/nuttx/staging/libapps.a(nsh_script.c.home.nuttx.nuttx-apps.nshlib.o)
                0x00000000081081b4                nsh_sysinitscript
 .text.nsh_initscript
                0x00000000081081c4       0x38 /home/nuttx/nuttx/staging/libapps.a(nsh_script.c.home.nuttx.nuttx-apps.nshlib.o)
                0x00000000081081c4                nsh_initscript
 .text.nsh_dumpvar
                0x00000000081081fc       0x10 /home/nuttx/nuttx/staging/libapps.a(nsh_envcmds.c.home.nuttx.nuttx-apps.nshlib.o)
 .text.nsh_getcwd
                0x000000000810820c       0x1c /home/nuttx/nuttx/staging/libapps.a(nsh_envcmds.c.home.nuttx.nuttx-apps.nshlib.o)
                0x000000000810820c                nsh_getcwd
 .text.nsh_getfullpath
                0x0000000008108228       0x48 /home/nuttx/nuttx/staging/libapps.a(nsh_envcmds.c.home.nuttx.nuttx-apps.nshlib.o)
                0x0000000008108228                nsh_getfullpath
 .text.nsh_freefullpath
                0x0000000008108270        0x8 /home/nuttx/nuttx/staging/libapps.a(nsh_envcmds.c.home.nuttx.nuttx-apps.nshlib.o)
                0x0000000008108270                nsh_freefullpath
 .text.cmd_cd   0x0000000008108278       0xcc /home/nuttx/nuttx/staging/libapps.a(nsh_envcmds.c.home.nuttx.nuttx-apps.nshlib.o)
                0x0000000008108278                cmd_cd
 .text.cmd_echo
                0x0000000008108344      0x1b4 /home/nuttx/nuttx/staging/libapps.a(nsh_envcmds.c.home.nuttx.nuttx-apps.nshlib.o)
                0x0000000008108344                cmd_echo
 .text.cmd_env  0x00000000081084f8       0x10 /home/nuttx/nuttx/staging/libapps.a(nsh_envcmds.c.home.nuttx.nuttx-apps.nshlib.o)
                0x00000000081084f8                cmd_env
 .text.cmd_pwd  0x0000000008108508       0x1c /home/nuttx/nuttx/staging/libapps.a(nsh_envcmds.c.home.nuttx.nuttx-apps.nshlib.o)
                0x0000000008108508                cmd_pwd
 .text.cmd_set  0x0000000008108524      0x158 /home/nuttx/nuttx/staging/libapps.a(nsh_envcmds.c.home.nuttx.nuttx-apps.nshlib.o)
                0x0000000008108524                cmd_set
 .text.cmd_unset
                0x000000000810867c       0x64 /home/nuttx/nuttx/staging/libapps.a(nsh_envcmds.c.home.nuttx.nuttx-apps.nshlib.o)
                0x000000000810867c                cmd_unset
 .text.cmd_export
                0x00000000081086e0       0x78 /home/nuttx/nuttx/staging/libapps.a(nsh_envcmds.c.home.nuttx.nuttx-apps.nshlib.o)
                0x00000000081086e0                cmd_export
 .text.nsh_catfile
                0x0000000008108758      0x124 /home/nuttx/nuttx/staging/libapps.a(nsh_fsutils.c.home.nuttx.nuttx-apps.nshlib.o)
                0x0000000008108758                nsh_catfile
 .text.nsh_readfile
                0x000000000810887c       0xa4 /home/nuttx/nuttx/staging/libapps.a(nsh_fsutils.c.home.nuttx.nuttx-apps.nshlib.o)
                0x000000000810887c                nsh_readfile
 .text.nsh_foreach_direntry
                0x0000000008108920       0x84 /home/nuttx/nuttx/staging/libapps.a(nsh_fsutils.c.home.nuttx.nuttx-apps.nshlib.o)
                0x0000000008108920                nsh_foreach_direntry
 .text.nsh_trimdir
                0x00000000081089a4       0x24 /home/nuttx/nuttx/staging/libapps.a(nsh_fsutils.c.home.nuttx.nuttx-apps.nshlib.o)
                0x00000000081089a4                nsh_trimdir
 .text.nsh_trimspaces
                0x00000000081089c8       0x3a /home/nuttx/nuttx/staging/libapps.a(nsh_fsutils.c.home.nuttx.nuttx-apps.nshlib.o)
                0x00000000081089c8                nsh_trimspaces
 *fill*         0x0000000008108a02        0x2 
 .text.nsh_getdirpath
                0x0000000008108a04       0x4c /home/nuttx/nuttx/staging/libapps.a(nsh_fsutils.c.home.nuttx.nuttx-apps.nshlib.o)
                0x0000000008108a04                nsh_getdirpath
 .text.nsh_findvar
                0x0000000008108a50       0x3c /home/nuttx/nuttx/staging/libapps.a(nsh_vars.c.home.nuttx.nuttx-apps.nshlib.o)
                0x0000000008108a50                nsh_findvar
 .text.nsh_removevar
                0x0000000008108a8c       0x48 /home/nuttx/nuttx/staging/libapps.a(nsh_vars.c.home.nuttx.nuttx-apps.nshlib.o)
                0x0000000008108a8c                nsh_removevar
 .text.nsh_getvar
                0x0000000008108ad4       0x16 /home/nuttx/nuttx/staging/libapps.a(nsh_vars.c.home.nuttx.nuttx-apps.nshlib.o)
                0x0000000008108ad4                nsh_getvar
 *fill*         0x0000000008108aea        0x2 
 .text.nsh_setvar
                0x0000000008108aec       0x78 /home/nuttx/nuttx/staging/libapps.a(nsh_vars.c.home.nuttx.nuttx-apps.nshlib.o)
                0x0000000008108aec                nsh_setvar
 .text.nsh_unsetvar
                0x0000000008108b64       0x4c /home/nuttx/nuttx/staging/libapps.a(nsh_vars.c.home.nuttx.nuttx-apps.nshlib.o)
                0x0000000008108b64                nsh_unsetvar
 .text.nsh_foreach_var
                0x0000000008108bb0       0x36 /home/nuttx/nuttx/staging/libapps.a(nsh_vars.c.home.nuttx.nuttx-apps.nshlib.o)
                0x0000000008108bb0                nsh_foreach_var
 *fill*         0x0000000008108be6        0x2 
 .text.nsh_romfsetc
                0x0000000008108be8       0x5c /home/nuttx/nuttx/staging/libapps.a(nsh_romfsetc.c.home.nuttx.nuttx-apps.nshlib.o)
                0x0000000008108be8                nsh_romfsetc
 .text.nsh_consolemain
                0x0000000008108c44       0x20 /home/nuttx/nuttx/staging/libapps.a(nsh_consolemain.c.home.nuttx.nuttx-apps.nshlib.o)
                0x0000000008108c44                nsh_consolemain
 .text.nsh_strchr
                0x0000000008108c64       0x24 /home/nuttx/nuttx/staging/libapps.a(nsh_parse.c.home.nuttx.nuttx-apps.nshlib.o)
 .text.nsh_dequote
                0x0000000008108c88       0x2a /home/nuttx/nuttx/staging/libapps.a(nsh_parse.c.home.nuttx.nuttx-apps.nshlib.o)
 .text.nsh_cmdenabled
                0x0000000008108cb2       0x46 /home/nuttx/nuttx/staging/libapps.a(nsh_parse.c.home.nuttx.nuttx-apps.nshlib.o)
 .text.nsh_releaseargs
                0x0000000008108cf8       0x3a /home/nuttx/nuttx/staging/libapps.a(nsh_parse.c.home.nuttx.nuttx-apps.nshlib.o)
 .text.nsh_child
                0x0000000008108d32       0x1c /home/nuttx/nuttx/staging/libapps.a(nsh_parse.c.home.nuttx.nuttx-apps.nshlib.o)
 .text.nsh_saveresult
                0x0000000008108d4e       0x6e /home/nuttx/nuttx/staging/libapps.a(nsh_parse.c.home.nuttx.nuttx-apps.nshlib.o)
 .text.nsh_execute
                0x0000000008108dbc      0x1bc /home/nuttx/nuttx/staging/libapps.a(nsh_parse.c.home.nuttx.nuttx-apps.nshlib.o)
 .text.nsh_memlist_free.part.0
                0x0000000008108f78       0x24 /home/nuttx/nuttx/staging/libapps.a(nsh_parse.c.home.nuttx.nuttx-apps.nshlib.o)
 .text.nsh_strcat
                0x0000000008108f9c       0x54 /home/nuttx/nuttx/staging/libapps.a(nsh_parse.c.home.nuttx.nuttx-apps.nshlib.o)
 .text.nsh_argument
                0x0000000008108ff0      0x4cc /home/nuttx/nuttx/staging/libapps.a(nsh_parse.c.home.nuttx.nuttx-apps.nshlib.o)
 .text.nsh_parse_command
                0x00000000081094bc      0x62c /home/nuttx/nuttx/staging/libapps.a(nsh_parse.c.home.nuttx.nuttx-apps.nshlib.o)
 .text.nsh_parse
                0x0000000008109ae8       0x90 /home/nuttx/nuttx/staging/libapps.a(nsh_parse.c.home.nuttx.nuttx-apps.nshlib.o)
                0x0000000008109ae8                nsh_parse
 .text.cmd_break
                0x0000000008109b78       0x2c /home/nuttx/nuttx/staging/libapps.a(nsh_parse.c.home.nuttx.nuttx-apps.nshlib.o)
                0x0000000008109b78                cmd_break
 .text.cmd_unrecognized
                0x0000000008109ba4       0x14 /home/nuttx/nuttx/staging/libapps.a(nsh_command.c.home.nuttx.nuttx-apps.nshlib.o)
 .text.cmd_true
                0x0000000008109bb8        0x4 /home/nuttx/nuttx/staging/libapps.a(nsh_command.c.home.nuttx.nuttx-apps.nshlib.o)
 .text.cmd_false
                0x0000000008109bbc        0x6 /home/nuttx/nuttx/staging/libapps.a(nsh_command.c.home.nuttx.nuttx-apps.nshlib.o)
 .text.cmd_exit
                0x0000000008109bc2        0x8 /home/nuttx/nuttx/staging/libapps.a(nsh_command.c.home.nuttx.nuttx-apps.nshlib.o)
 *fill*         0x0000000008109bca        0x2 
 .text.help_showcmd
                0x0000000008109bcc       0x24 /home/nuttx/nuttx/staging/libapps.a(nsh_command.c.home.nuttx.nuttx-apps.nshlib.o)
 .text.help_cmd
                0x0000000008109bf0       0x4c /home/nuttx/nuttx/staging/libapps.a(nsh_command.c.home.nuttx.nuttx-apps.nshlib.o)
 .text.cmd_help
                0x0000000008109c3c      0x2a8 /home/nuttx/nuttx/staging/libapps.a(nsh_command.c.home.nuttx.nuttx-apps.nshlib.o)
 .text.nsh_command
                0x0000000008109ee4       0x68 /home/nuttx/nuttx/staging/libapps.a(nsh_command.c.home.nuttx.nuttx-apps.nshlib.o)
                0x0000000008109ee4                nsh_command
 .text.unlink_recursive
                0x0000000008109f4c       0xcc /home/nuttx/nuttx/staging/libapps.a(nsh_fscmds.c.home.nuttx.nuttx-apps.nshlib.o)
 .text.ls_specialdir
                0x000000000810a018       0x28 /home/nuttx/nuttx/staging/libapps.a(nsh_fscmds.c.home.nuttx.nuttx-apps.nshlib.o)
 .text.ls_handler
                0x000000000810a040      0x17c /home/nuttx/nuttx/staging/libapps.a(nsh_fscmds.c.home.nuttx.nuttx-apps.nshlib.o)
 .text.ls_recursive
                0x000000000810a1bc       0x70 /home/nuttx/nuttx/staging/libapps.a(nsh_fscmds.c.home.nuttx.nuttx-apps.nshlib.o)
 .text.cmd_basename
                0x000000000810a22c       0x48 /home/nuttx/nuttx/staging/libapps.a(nsh_fscmds.c.home.nuttx.nuttx-apps.nshlib.o)
                0x000000000810a22c                cmd_basename
 .text.cmd_dirname
                0x000000000810a274       0x1c /home/nuttx/nuttx/staging/libapps.a(nsh_fscmds.c.home.nuttx.nuttx-apps.nshlib.o)
                0x000000000810a274                cmd_dirname
 .text.cmd_cat  0x000000000810a290       0x58 /home/nuttx/nuttx/staging/libapps.a(nsh_fscmds.c.home.nuttx.nuttx-apps.nshlib.o)
                0x000000000810a290                cmd_cat
 .text.cmd_dmesg
                0x000000000810a2e8       0x10 /home/nuttx/nuttx/staging/libapps.a(nsh_fscmds.c.home.nuttx.nuttx-apps.nshlib.o)
                0x000000000810a2e8                cmd_dmesg
 .text.cmd_cp   0x000000000810a2f8      0x1d8 /home/nuttx/nuttx/staging/libapps.a(nsh_fscmds.c.home.nuttx.nuttx-apps.nshlib.o)
                0x000000000810a2f8                cmd_cp
 .text.cmd_ls   0x000000000810a4d0      0x170 /home/nuttx/nuttx/staging/libapps.a(nsh_fscmds.c.home.nuttx.nuttx-apps.nshlib.o)
                0x000000000810a4d0                cmd_ls
 .text.cmd_mkdir
                0x000000000810a640       0xc4 /home/nuttx/nuttx/staging/libapps.a(nsh_fscmds.c.home.nuttx.nuttx-apps.nshlib.o)
                0x000000000810a640                cmd_mkdir
 .text.cmd_mkrd
                0x000000000810a704      0x108 /home/nuttx/nuttx/staging/libapps.a(nsh_fscmds.c.home.nuttx.nuttx-apps.nshlib.o)
                0x000000000810a704                cmd_mkrd
 .text.cmd_mv   0x000000000810a80c       0x84 /home/nuttx/nuttx/staging/libapps.a(nsh_fscmds.c.home.nuttx.nuttx-apps.nshlib.o)
                0x000000000810a80c                cmd_mv
 .text.cmd_rm   0x000000000810a890       0x80 /home/nuttx/nuttx/staging/libapps.a(nsh_fscmds.c.home.nuttx.nuttx-apps.nshlib.o)
                0x000000000810a890                cmd_rm
 .text.cmd_rmdir
                0x000000000810a910       0x50 /home/nuttx/nuttx/staging/libapps.a(nsh_fscmds.c.home.nuttx.nuttx-apps.nshlib.o)
                0x000000000810a910                cmd_rmdir
 .text.cmd_source
                0x000000000810a960        0x8 /home/nuttx/nuttx/staging/libapps.a(nsh_fscmds.c.home.nuttx.nuttx-apps.nshlib.o)
                0x000000000810a960                cmd_source
 .text.cmd_cmp  0x000000000810a968      0x138 /home/nuttx/nuttx/staging/libapps.a(nsh_fscmds.c.home.nuttx.nuttx-apps.nshlib.o)
                0x000000000810a968                cmd_cmp
 .text.cmd_truncate
                0x000000000810aaa0      0x130 /home/nuttx/nuttx/staging/libapps.a(nsh_fscmds.c.home.nuttx.nuttx-apps.nshlib.o)
                0x000000000810aaa0                cmd_truncate
 .text.dd_read  0x000000000810abd0       0x68 /home/nuttx/nuttx/staging/libapps.a(nsh_ddcmd.c.home.nuttx.nuttx-apps.nshlib.o)
 .text.cmd_dd   0x000000000810ac38      0x3c0 /home/nuttx/nuttx/staging/libapps.a(nsh_ddcmd.c.home.nuttx.nuttx-apps.nshlib.o)
                0x000000000810ac38                cmd_dd
 .text.ps_callback
                0x000000000810aff8      0x330 /home/nuttx/nuttx/staging/libapps.a(nsh_proccmds.c.home.nuttx.nuttx-apps.nshlib.o)
 .text.cmd_exec
                0x000000000810b328       0x48 /home/nuttx/nuttx/staging/libapps.a(nsh_proccmds.c.home.nuttx.nuttx-apps.nshlib.o)
                0x000000000810b328                cmd_exec
 .text.cmd_ps   0x000000000810b370       0xb4 /home/nuttx/nuttx/staging/libapps.a(nsh_proccmds.c.home.nuttx.nuttx-apps.nshlib.o)
                0x000000000810b370                cmd_ps
 .text.cmd_kill
                0x000000000810b424       0xa8 /home/nuttx/nuttx/staging/libapps.a(nsh_proccmds.c.home.nuttx.nuttx-apps.nshlib.o)
                0x000000000810b424                cmd_kill
 .text.cmd_sleep
                0x000000000810b4cc       0x3c /home/nuttx/nuttx/staging/libapps.a(nsh_proccmds.c.home.nuttx.nuttx-apps.nshlib.o)
                0x000000000810b4cc                cmd_sleep
 .text.cmd_usleep
                0x000000000810b508       0x3c /home/nuttx/nuttx/staging/libapps.a(nsh_proccmds.c.home.nuttx.nuttx-apps.nshlib.o)
                0x000000000810b508                cmd_usleep
 .text.cmd_uptime
                0x000000000810b544      0x214 /home/nuttx/nuttx/staging/libapps.a(nsh_proccmds.c.home.nuttx.nuttx-apps.nshlib.o)
                0x000000000810b544                cmd_uptime
 .text.cmd_free
                0x000000000810b758       0x10 /home/nuttx/nuttx/staging/libapps.a(nsh_mmcmds.c.home.nuttx.nuttx-apps.nshlib.o)
                0x000000000810b758                cmd_free
 .text.cmd_time
                0x000000000810b768       0xb4 /home/nuttx/nuttx/staging/libapps.a(nsh_timcmds.c.home.nuttx.nuttx-apps.nshlib.o)
                0x000000000810b768                cmd_time
 .text.cmd_uname
                0x000000000810b81c      0x160 /home/nuttx/nuttx/staging/libapps.a(nsh_syscmds.c.home.nuttx.nuttx-apps.nshlib.o)
                0x000000000810b81c                cmd_uname
 .text.nsh_dumpbuffer
                0x000000000810b97c       0xc0 /home/nuttx/nuttx/staging/libapps.a(nsh_dbgcmds.c.home.nuttx.nuttx-apps.nshlib.o)
                0x000000000810b97c                nsh_dumpbuffer
 .text.cmd_xd   0x000000000810ba3c       0x58 /home/nuttx/nuttx/staging/libapps.a(nsh_dbgcmds.c.home.nuttx.nuttx-apps.nshlib.o)
                0x000000000810ba3c                cmd_xd
 .text.cmd_hexdump
                0x000000000810ba94      0x188 /home/nuttx/nuttx/staging/libapps.a(nsh_dbgcmds.c.home.nuttx.nuttx-apps.nshlib.o)
                0x000000000810ba94                cmd_hexdump
 .text.nsh_session
                0x000000000810bc1c      0x11c /home/nuttx/nuttx/staging/libapps.a(nsh_session.c.home.nuttx.nuttx-apps.nshlib.o)
                0x000000000810bc1c                nsh_session
 .text.nsh_builtin
                0x000000000810bd38       0x50 /home/nuttx/nuttx/staging/libapps.a(nsh_builtin.c.home.nuttx.nuttx-apps.nshlib.o)
                0x000000000810bd38                nsh_builtin
 .text.cmd_df   0x000000000810bd88       0x34 /home/nuttx/nuttx/staging/libapps.a(nsh_mntcmds.c.home.nuttx.nuttx-apps.nshlib.o)
                0x000000000810bd88                cmd_df
 .text.cmd_mount
                0x000000000810bdbc      0x16c /home/nuttx/nuttx/staging/libapps.a(nsh_mntcmds.c.home.nuttx.nuttx-apps.nshlib.o)
                0x000000000810bdbc                cmd_mount
 .text.cmd_umount
                0x000000000810bf28       0x50 /home/nuttx/nuttx/staging/libapps.a(nsh_mntcmds.c.home.nuttx.nuttx-apps.nshlib.o)
                0x000000000810bf28                cmd_umount
 .text.cmd_printf
                0x000000000810bf78       0xdc /home/nuttx/nuttx/staging/libapps.a(nsh_printf.c.home.nuttx.nuttx-apps.nshlib.o)
                0x000000000810bf78                cmd_printf
 .text.expression
                0x000000000810c054      0x328 /home/nuttx/nuttx/staging/libapps.a(nsh_test.c.home.nuttx.nuttx-apps.nshlib.o)
 .text.cmd_test
                0x000000000810c37c        0x8 /home/nuttx/nuttx/staging/libapps.a(nsh_test.c.home.nuttx.nuttx-apps.nshlib.o)
                0x000000000810c37c                cmd_test
 .text.cmd_lbracket
                0x000000000810c384       0x40 /home/nuttx/nuttx/staging/libapps.a(nsh_test.c.home.nuttx.nuttx-apps.nshlib.o)
                0x000000000810c384                cmd_lbracket
 .text.exec_builtin
                0x000000000810c3c4       0xbc /home/nuttx/nuttx/staging/libapps.a(exec_builtin.c.home.nuttx.nuttx-apps.builtin.o)
                0x000000000810c3c4                exec_builtin
 .text.readline
                0x000000000810c480        0x8 /home/nuttx/nuttx/staging/libapps.a(readline.c.home.nuttx.nuttx-apps.system.readline.o)
                0x000000000810c480                readline
 .text.readline_write
                0x000000000810c488        0x6 /home/nuttx/nuttx/staging/libapps.a(readline_fd.c.home.nuttx.nuttx-apps.system.readline.o)
 .text.readline_putc
                0x000000000810c48e       0x26 /home/nuttx/nuttx/staging/libapps.a(readline_fd.c.home.nuttx.nuttx-apps.system.readline.o)
 .text.readline_getc
                0x000000000810c4b4       0x30 /home/nuttx/nuttx/staging/libapps.a(readline_fd.c.home.nuttx.nuttx-apps.system.readline.o)
 .text.readline_fd
                0x000000000810c4e4       0x30 /home/nuttx/nuttx/staging/libapps.a(readline_fd.c.home.nuttx.nuttx-apps.system.readline.o)
                0x000000000810c4e4                readline_fd
 .text.readline_common
                0x000000000810c514       0xd4 /home/nuttx/nuttx/staging/libapps.a(readline_common.c.home.nuttx.nuttx-apps.system.readline.o)
                0x000000000810c514                readline_common
 .text.fs_initialize
                0x000000000810c5e8        0x4 /home/nuttx/nuttx/staging/libfs.a(fs_initialize.o)
                0x000000000810c5e8                fs_initialize
 .text.nxmutex_lock
                0x000000000810c5ec       0x20 /home/nuttx/nuttx/staging/libfs.a(fs_files.o)
 .text.files_extend
                0x000000000810c60c       0x5e /home/nuttx/nuttx/staging/libfs.a(fs_files.o)
 .text.nxmutex_unlock
                0x000000000810c66a       0x14 /home/nuttx/nuttx/staging/libfs.a(fs_files.o)
 .text.files_initlist
                0x000000000810c67e       0x24 /home/nuttx/nuttx/staging/libfs.a(fs_files.o)
                0x000000000810c67e                files_initlist
 .text.files_releaselist
                0x000000000810c6a2       0x44 /home/nuttx/nuttx/staging/libfs.a(fs_files.o)
                0x000000000810c6a2                files_releaselist
 .text.file_allocate
                0x000000000810c6e6      0x126 /home/nuttx/nuttx/staging/libfs.a(fs_files.o)
                0x000000000810c6e6                file_allocate
 .text.files_duplist
                0x000000000810c80c       0x7a /home/nuttx/nuttx/staging/libfs.a(fs_files.o)
                0x000000000810c80c                files_duplist
 .text.fs_getfilep
                0x000000000810c886       0x5c /home/nuttx/nuttx/staging/libfs.a(fs_files.o)
                0x000000000810c886                fs_getfilep
 .text.nx_dup2  0x000000000810c8e2       0xba /home/nuttx/nuttx/staging/libfs.a(fs_files.o)
                0x000000000810c8e2                nx_dup2
 .text.nx_close
                0x000000000810c99c       0x72 /home/nuttx/nuttx/staging/libfs.a(fs_files.o)
                0x000000000810c99c                nx_close
 .text.close    0x000000000810ca0e       0x1a /home/nuttx/nuttx/staging/libfs.a(fs_files.o)
                0x000000000810ca0e                close
 .text.inode_initialize
                0x000000000810ca28        0x4 /home/nuttx/nuttx/staging/libfs.a(fs_inode.o)
                0x000000000810ca28                inode_initialize
 .text.inode_lock
                0x000000000810ca2c       0x48 /home/nuttx/nuttx/staging/libfs.a(fs_inode.o)
                0x000000000810ca2c                inode_lock
 .text.inode_unlock
                0x000000000810ca74       0x30 /home/nuttx/nuttx/staging/libfs.a(fs_inode.o)
                0x000000000810ca74                inode_unlock
 .text.inode_addref
                0x000000000810caa4       0x20 /home/nuttx/nuttx/staging/libfs.a(fs_inodeaddref.o)
                0x000000000810caa4                inode_addref
 .text.inode_alloc.isra.0
                0x000000000810cac4       0x4c /home/nuttx/nuttx/staging/libfs.a(fs_inodereserve.o)
 .text.inode_root_reserve
                0x000000000810cb10       0x18 /home/nuttx/nuttx/staging/libfs.a(fs_inodereserve.o)
                0x000000000810cb10                inode_root_reserve
 .text.inode_reserve
                0x000000000810cb28       0xa4 /home/nuttx/nuttx/staging/libfs.a(fs_inodereserve.o)
                0x000000000810cb28                inode_reserve
 .text.inode_nextname
                0x000000000810cbcc       0x1c /home/nuttx/nuttx/staging/libfs.a(fs_inodesearch.o)
                0x000000000810cbcc                inode_nextname
 .text.inode_search
                0x000000000810cbe8       0xd0 /home/nuttx/nuttx/staging/libfs.a(fs_inodesearch.o)
                0x000000000810cbe8                inode_search
 .text.file_close
                0x000000000810ccb8       0x2c /home/nuttx/nuttx/staging/libfs.a(fs_close.o)
                0x000000000810ccb8                file_close
 .text.file_dup2
                0x000000000810cce4       0x90 /home/nuttx/nuttx/staging/libfs.a(fs_dup2.o)
                0x000000000810cce4                file_dup2
 .text.file_seek
                0x000000000810cd74       0x40 /home/nuttx/nuttx/staging/libfs.a(fs_lseek.o)
                0x000000000810cd74                file_seek
 .text.nx_seek  0x000000000810cdb4       0x1e /home/nuttx/nuttx/staging/libfs.a(fs_lseek.o)
                0x000000000810cdb4                nx_seek
 .text.lseek    0x000000000810cdd2       0x1a /home/nuttx/nuttx/staging/libfs.a(fs_lseek.o)
                0x000000000810cdd2                lseek
 .text.mkdir    0x000000000810cdec       0xb4 /home/nuttx/nuttx/staging/libfs.a(fs_mkdir.o)
                0x000000000810cdec                mkdir
 .text.inode_checkflags
                0x000000000810cea0       0x36 /home/nuttx/nuttx/staging/libfs.a(fs_open.o)
                0x000000000810cea0                inode_checkflags
 .text.file_vopen
                0x000000000810ced6       0xe0 /home/nuttx/nuttx/staging/libfs.a(fs_open.o)
 .text.nx_vopen
                0x000000000810cfb6       0x42 /home/nuttx/nuttx/staging/libfs.a(fs_open.o)
 .text.file_open
                0x000000000810cff8       0x1e /home/nuttx/nuttx/staging/libfs.a(fs_open.o)
                0x000000000810cff8                file_open
 .text.nx_open  0x000000000810d016       0x1a /home/nuttx/nuttx/staging/libfs.a(fs_open.o)
                0x000000000810d016                nx_open
 .text.open     0x000000000810d030       0x2c /home/nuttx/nuttx/staging/libfs.a(fs_open.o)
                0x000000000810d030                open
 .text.poll_notify
                0x000000000810d05c       0x3e /home/nuttx/nuttx/staging/libfs.a(fs_poll.o)
                0x000000000810d05c                poll_notify
 .text.file_read
                0x000000000810d09a       0x26 /home/nuttx/nuttx/staging/libfs.a(fs_read.o)
                0x000000000810d09a                file_read
 .text.nx_read  0x000000000810d0c0       0x1e /home/nuttx/nuttx/staging/libfs.a(fs_read.o)
                0x000000000810d0c0                nx_read
 .text.read     0x000000000810d0de       0x1a /home/nuttx/nuttx/staging/libfs.a(fs_read.o)
                0x000000000810d0de                read
 .text.rename   0x000000000810d0f8      0x270 /home/nuttx/nuttx/staging/libfs.a(fs_rename.o)
                0x000000000810d0f8                rename
 .text.rmdir    0x000000000810d368       0xae /home/nuttx/nuttx/staging/libfs.a(fs_rmdir.o)
                0x000000000810d368                rmdir
 .text.inode_stat
                0x000000000810d416       0x98 /home/nuttx/nuttx/staging/libfs.a(fs_stat.o)
                0x000000000810d416                inode_stat
 .text.nx_stat  0x000000000810d4ae       0x80 /home/nuttx/nuttx/staging/libfs.a(fs_stat.o)
                0x000000000810d4ae                nx_stat
 .text.stat     0x000000000810d52e       0x1c /home/nuttx/nuttx/staging/libfs.a(fs_stat.o)
                0x000000000810d52e                stat
 .text.lstat    0x000000000810d54a       0x1c /home/nuttx/nuttx/staging/libfs.a(fs_stat.o)
                0x000000000810d54a                lstat
 .text.nx_unlink
                0x000000000810d566       0xc4 /home/nuttx/nuttx/staging/libfs.a(fs_unlink.o)
                0x000000000810d566                nx_unlink
 .text.unlink   0x000000000810d62a       0x1c /home/nuttx/nuttx/staging/libfs.a(fs_unlink.o)
                0x000000000810d62a                unlink
 .text.file_write
                0x000000000810d646       0x26 /home/nuttx/nuttx/staging/libfs.a(fs_write.o)
                0x000000000810d646                file_write
 .text.nx_write
                0x000000000810d66c       0x26 /home/nuttx/nuttx/staging/libfs.a(fs_write.o)
                0x000000000810d66c                nx_write
 .text.write    0x000000000810d692       0x1a /home/nuttx/nuttx/staging/libfs.a(fs_write.o)
                0x000000000810d692                write
 .text.dir_ioctl
                0x000000000810d6ac       0x1c /home/nuttx/nuttx/staging/libfs.a(fs_dir.o)
 .text.dir_read
                0x000000000810d6c8       0xc2 /home/nuttx/nuttx/staging/libfs.a(fs_dir.o)
 .text.dir_close
                0x000000000810d78a       0x46 /home/nuttx/nuttx/staging/libfs.a(fs_dir.o)
 .text.dir_seek
                0x000000000810d7d0       0xae /home/nuttx/nuttx/staging/libfs.a(fs_dir.o)
 *fill*         0x000000000810d87e        0x2 
 .text.dir_allocate
                0x000000000810d880       0x70 /home/nuttx/nuttx/staging/libfs.a(fs_dir.o)
                0x000000000810d880                dir_allocate
 .text.dir_open
                0x000000000810d8f0        0x8 /home/nuttx/nuttx/staging/libfs.a(fs_dir.o)
 .text.file_truncate
                0x000000000810d8f8       0x4c /home/nuttx/nuttx/staging/libfs.a(fs_truncate.o)
                0x000000000810d8f8                file_truncate
 .text.ftruncate
                0x000000000810d944       0x36 /home/nuttx/nuttx/staging/libfs.a(fs_truncate.o)
                0x000000000810d944                ftruncate
 .text.fs_fdopen
                0x000000000810d97a      0x110 /home/nuttx/nuttx/staging/libfs.a(fs_fdopen.o)
                0x000000000810d97a                fs_fdopen
 .text.register_driver
                0x000000000810da8a       0x42 /home/nuttx/nuttx/staging/libfs.a(fs_registerdriver.o)
                0x000000000810da8a                register_driver
 .text.nx_mount
                0x000000000810dacc      0x140 /home/nuttx/nuttx/staging/libfs.a(fs_mount.o)
                0x000000000810dacc                nx_mount
 .text.mount    0x000000000810dc0c       0x20 /home/nuttx/nuttx/staging/libfs.a(fs_mount.o)
                0x000000000810dc0c                mount
 .text.nx_umount2
                0x000000000810dc2c       0xbe /home/nuttx/nuttx/staging/libfs.a(fs_umount2.o)
                0x000000000810dc2c                nx_umount2
 .text.umount2  0x000000000810dcea       0x1a /home/nuttx/nuttx/staging/libfs.a(fs_umount2.o)
                0x000000000810dcea                umount2
 .text.nxrmutex_lock
                0x000000000810dd04       0x40 /home/nuttx/nuttx/staging/libfs.a(fs_romfs.o)
 .text.romfs_stat_common
                0x000000000810dd44       0x62 /home/nuttx/nuttx/staging/libfs.a(fs_romfs.o)
 .text.romfs_closedir
                0x000000000810dda6        0xc /home/nuttx/nuttx/staging/libfs.a(fs_romfs.o)
 .text.nxrmutex_destroy
                0x000000000810ddb2       0x14 /home/nuttx/nuttx/staging/libfs.a(fs_romfs.o)
 .text.romfs_bind
                0x000000000810ddc6       0x96 /home/nuttx/nuttx/staging/libfs.a(fs_romfs.o)
 .text.romfs_ioctl
                0x000000000810de5c       0x40 /home/nuttx/nuttx/staging/libfs.a(fs_romfs.o)
 .text.nxrmutex_unlock
                0x000000000810de9c       0x30 /home/nuttx/nuttx/staging/libfs.a(fs_romfs.o)
 .text.romfs_stat
                0x000000000810decc       0x52 /home/nuttx/nuttx/staging/libfs.a(fs_romfs.o)
 .text.romfs_statfs
                0x000000000810df1e       0x54 /home/nuttx/nuttx/staging/libfs.a(fs_romfs.o)
 .text.romfs_rewinddir
                0x000000000810df72       0x2c /home/nuttx/nuttx/staging/libfs.a(fs_romfs.o)
 .text.romfs_fstat
                0x000000000810df9e       0x42 /home/nuttx/nuttx/staging/libfs.a(fs_romfs.o)
 .text.romfs_seek
                0x000000000810dfe0       0x5c /home/nuttx/nuttx/staging/libfs.a(fs_romfs.o)
 .text.romfs_close
                0x000000000810e03c       0x44 /home/nuttx/nuttx/staging/libfs.a(fs_romfs.o)
 .text.romfs_unbind
                0x000000000810e080       0x7e /home/nuttx/nuttx/staging/libfs.a(fs_romfs.o)
 .text.romfs_opendir
                0x000000000810e0fe       0x7a /home/nuttx/nuttx/staging/libfs.a(fs_romfs.o)
 .text.romfs_readdir